Archive member included to satisfy reference by file (symbol)

C:/devkitPro/libnds/lib\libnds9.a(touch.o)
                              Engine.o (touchRead)
C:/devkitPro/libnds/lib\libnds9.a(sprite_alloc.o)
                              Engine.o (oamAllocateGfx)
C:/devkitPro/libnds/lib\libnds9.a(sprite.o)
                              Engine.o (oamInit)
C:/devkitPro/libnds/lib\libnds9.a(keys.o)
                              Engine.o (scanKeys)
C:/devkitPro/libnds/lib\libnds9.a(initSystem.o)
                              c:/devkitpro/devkitarm/bin/../lib/gcc/arm-none-eabi/12.1.0/../../../../arm-none-eabi/lib/thumb/ds_arm9_crt0.o (initSystem)
C:/devkitPro/libnds/lib\libnds9.a(securearea.o)
                              c:/devkitpro/devkitarm/bin/../lib/gcc/arm-none-eabi/12.1.0/../../../../arm-none-eabi/lib/thumb/ds_arm9_crt0.o (__secure_area__)
C:/devkitPro/libnds/lib\libnds9.a(interrupts.o)
                              C:/devkitPro/libnds/lib\libnds9.a(initSystem.o) (irqInit)
C:/devkitPro/libnds/lib\libnds9.a(libnds_exit.arm.o)
                              c:/devkitpro/devkitarm/bin/../lib/gcc/arm-none-eabi/12.1.0/../../../../arm-none-eabi/lib/thumb/ds_arm9_crt0.o (__libnds_exit)
C:/devkitPro/libnds/lib\libnds9.a(fifosystem.o)
                              C:/devkitPro/libnds/lib\libnds9.a(initSystem.o) (fifoSetValue32Handler)
C:/devkitPro/libnds/lib\libnds9.a(dcache.o)
                              C:/devkitPro/libnds/lib\libnds9.a(sprite.o) (DC_FlushRange)
C:/devkitPro/libnds/lib\libnds9.a(mpu_setup.o)
                              c:/devkitpro/devkitarm/bin/../lib/gcc/arm-none-eabi/12.1.0/../../../../arm-none-eabi/lib/thumb/ds_arm9_crt0.o (__libnds_mpu_setup)
C:/devkitPro/libnds/lib\libnds9.a(IntrWait.o)
                              Engine.o (swiWaitForVBlank)
C:/devkitPro/libnds/lib\libnds9.a(cpu_clock.o)
                              C:/devkitPro/libnds/lib\libnds9.a(initSystem.o) (setCpuClock)
C:/devkitPro/libnds/lib\libnds9.a(interruptDispatcher.o)
                              C:/devkitPro/libnds/lib\libnds9.a(interrupts.o) (IntrMain)
C:/devkitPro/libnds/lib\libnds9.a(swiSoftReset.o)
                              C:/devkitPro/libnds/lib\libnds9.a(fifosystem.o) (swiSoftReset)
C:/devkitPro/libnds/lib\libnds9.a(trig.o)
                              C:/devkitPro/libnds/lib\libnds9.a(sprite.o) (sinLerp)
C:/devkitPro/libnds/lib\libnds9.a(video.o)
                              C:/devkitPro/libnds/lib\libnds9.a(initSystem.o) (vramDefault)
C:/devkitPro/libnds/lib\libnds9.a(system.o)
                              C:/devkitPro/libnds/lib\libnds9.a(initSystem.o) (systemValueHandler)
C:/devkitPro/libnds/lib\libnds9.a(biosCalls.o)
                              C:/devkitPro/libnds/lib\libnds9.a(system.o) (swiDelay)
c:/devkitpro/devkitarm/bin/../lib/gcc/arm-none-eabi/12.1.0/../../../../arm-none-eabi/lib/thumb\libg.a(lib_a-bsearch.o)
                              C:/devkitPro/libnds/lib\libnds9.a(trig.o) (bsearch)
c:/devkitpro/devkitarm/bin/../lib/gcc/arm-none-eabi/12.1.0/../../../../arm-none-eabi/lib/thumb\libg.a(lib_a-init.o)
                              c:/devkitpro/devkitarm/bin/../lib/gcc/arm-none-eabi/12.1.0/../../../../arm-none-eabi/lib/thumb/ds_arm9_crt0.o (__libc_init_array)
c:/devkitpro/devkitarm/bin/../lib/gcc/arm-none-eabi/12.1.0/../../../../arm-none-eabi/lib/thumb\libg.a(lib_a-malloc.o)
                              C:/devkitPro/libnds/lib\libnds9.a(sprite_alloc.o) (malloc)
c:/devkitpro/devkitarm/bin/../lib/gcc/arm-none-eabi/12.1.0/../../../../arm-none-eabi/lib/thumb\libg.a(lib_a-mallocr.o)
                              c:/devkitpro/devkitarm/bin/../lib/gcc/arm-none-eabi/12.1.0/../../../../arm-none-eabi/lib/thumb\libg.a(lib_a-malloc.o) (_malloc_r)
c:/devkitpro/devkitarm/bin/../lib/gcc/arm-none-eabi/12.1.0/../../../../arm-none-eabi/lib/thumb\libg.a(lib_a-memcpy-stub.o)
                              C:/devkitPro/libnds/lib\libnds9.a(fifosystem.o) (memcpy)
c:/devkitpro/devkitarm/bin/../lib/gcc/arm-none-eabi/12.1.0/../../../../arm-none-eabi/lib/thumb\libg.a(lib_a-memset.o)
                              Engine.o (memset)
c:/devkitpro/devkitarm/bin/../lib/gcc/arm-none-eabi/12.1.0/../../../../arm-none-eabi/lib/thumb\libg.a(lib_a-mlock.o)
                              c:/devkitpro/devkitarm/bin/../lib/gcc/arm-none-eabi/12.1.0/../../../../arm-none-eabi/lib/thumb\libg.a(lib_a-mallocr.o) (__malloc_lock)
c:/devkitpro/devkitarm/bin/../lib/gcc/arm-none-eabi/12.1.0/../../../../arm-none-eabi/lib/thumb\libg.a(lib_a-realloc.o)
                              C:/devkitPro/libnds/lib\libnds9.a(sprite_alloc.o) (realloc)
c:/devkitpro/devkitarm/bin/../lib/gcc/arm-none-eabi/12.1.0/../../../../arm-none-eabi/lib/thumb\libg.a(lib_a-reallocr.o)
                              c:/devkitpro/devkitarm/bin/../lib/gcc/arm-none-eabi/12.1.0/../../../../arm-none-eabi/lib/thumb\libg.a(lib_a-realloc.o) (_realloc_r)
c:/devkitpro/devkitarm/bin/../lib/gcc/arm-none-eabi/12.1.0/../../../../arm-none-eabi/lib/thumb\libg.a(lib_a-freer.o)
                              c:/devkitpro/devkitarm/bin/../lib/gcc/arm-none-eabi/12.1.0/../../../../arm-none-eabi/lib/thumb\libg.a(lib_a-malloc.o) (_free_r)
c:/devkitpro/devkitarm/bin/../lib/gcc/arm-none-eabi/12.1.0/../../../../arm-none-eabi/lib/thumb\libg.a(lib_a-memmove.o)
                              c:/devkitpro/devkitarm/bin/../lib/gcc/arm-none-eabi/12.1.0/../../../../arm-none-eabi/lib/thumb\libg.a(lib_a-reallocr.o) (memmove)
c:/devkitpro/devkitarm/bin/../lib/gcc/arm-none-eabi/12.1.0/../../../../arm-none-eabi/lib/thumb\libsysbase.a(sbrk.o)
                              c:/devkitpro/devkitarm/bin/../lib/gcc/arm-none-eabi/12.1.0/../../../../arm-none-eabi/lib/thumb\libg.a(lib_a-mallocr.o) (_sbrk_r)
c:/devkitpro/devkitarm/bin/../lib/gcc/arm-none-eabi/12.1.0/../../../../arm-none-eabi/lib/thumb\libsysbase.a(malloc_vars.o)
                              c:/devkitpro/devkitarm/bin/../lib/gcc/arm-none-eabi/12.1.0/../../../../arm-none-eabi/lib/thumb/ds_arm9_crt0.o (fake_heap_start)
c:/devkitpro/devkitarm/bin/../lib/gcc/arm-none-eabi/12.1.0/../../../../arm-none-eabi/lib/thumb\libsysbase.a(build_argv.o)
                              c:/devkitpro/devkitarm/bin/../lib/gcc/arm-none-eabi/12.1.0/../../../../arm-none-eabi/lib/thumb/ds_arm9_crt0.o (build_argv)
c:/devkitpro/devkitarm/bin/../lib/gcc/arm-none-eabi/12.1.0/../../../../arm-none-eabi/lib/thumb\libsysbase.a(getreent.o)
                              c:/devkitpro/devkitarm/bin/../lib/gcc/arm-none-eabi/12.1.0/../../../../arm-none-eabi/lib/thumb\libg.a(lib_a-malloc.o) (__getreent)
c:/devkitpro/devkitarm/bin/../lib/gcc/arm-none-eabi/12.1.0/../../../../arm-none-eabi/lib/thumb\libsysbase.a(syscall_support.o)
                              c:/devkitpro/devkitarm/bin/../lib/gcc/arm-none-eabi/12.1.0/../../../../arm-none-eabi/lib/thumb\libg.a(lib_a-mlock.o) (__libc_lock_acquire_recursive)
c:/devkitpro/devkitarm/bin/../lib/gcc/arm-none-eabi/12.1.0/../../../../arm-none-eabi/lib/thumb\libg.a(lib_a-impure.o)
                              c:/devkitpro/devkitarm/bin/../lib/gcc/arm-none-eabi/12.1.0/../../../../arm-none-eabi/lib/thumb\libsysbase.a(getreent.o) (_impure_ptr)

Discarded input sections

 .text          0x0000000000000000        0x0 c:/devkitpro/devkitarm/bin/../lib/gcc/arm-none-eabi/12.1.0/../../../../arm-none-eabi/lib/thumb/ds_arm9_crt0.o
 .data          0x0000000000000000        0x0 c:/devkitpro/devkitarm/bin/../lib/gcc/arm-none-eabi/12.1.0/../../../../arm-none-eabi/lib/thumb/ds_arm9_crt0.o
 .bss           0x0000000000000000        0x0 c:/devkitpro/devkitarm/bin/../lib/gcc/arm-none-eabi/12.1.0/../../../../arm-none-eabi/lib/thumb/ds_arm9_crt0.o
 .text          0x0000000000000000        0x0 c:/devkitpro/devkitarm/bin/../lib/gcc/arm-none-eabi/12.1.0/thumb/crti.o
 .data          0x0000000000000000        0x0 c:/devkitpro/devkitarm/bin/../lib/gcc/arm-none-eabi/12.1.0/thumb/crti.o
 .bss           0x0000000000000000        0x0 c:/devkitpro/devkitarm/bin/../lib/gcc/arm-none-eabi/12.1.0/thumb/crti.o
 .text          0x0000000000000000        0x0 c:/devkitpro/devkitarm/bin/../lib/gcc/arm-none-eabi/12.1.0/thumb/crtbegin.o
 .data          0x0000000000000000        0x0 c:/devkitpro/devkitarm/bin/../lib/gcc/arm-none-eabi/12.1.0/thumb/crtbegin.o
 .bss           0x0000000000000000        0x0 c:/devkitpro/devkitarm/bin/../lib/gcc/arm-none-eabi/12.1.0/thumb/crtbegin.o
 .rodata.all_implied_fbits
                0x0000000000000000       0x24 c:/devkitpro/devkitarm/bin/../lib/gcc/arm-none-eabi/12.1.0/thumb/crtbegin.o
 .data.__dso_handle
                0x0000000000000000        0x4 c:/devkitpro/devkitarm/bin/../lib/gcc/arm-none-eabi/12.1.0/thumb/crtbegin.o
 .data          0x0000000000000000        0x0 Engine.o
 .bss           0x0000000000000000        0x0 Engine.o
 .text          0x0000000000000000        0x0 main.o
 .data          0x0000000000000000        0x0 main.o
 .text          0x0000000000000000        0x0 C:/devkitPro/libnds/lib\libnds9.a(touch.o)
 .data          0x0000000000000000        0x0 C:/devkitPro/libnds/lib\libnds9.a(touch.o)
 .bss           0x0000000000000000        0x0 C:/devkitPro/libnds/lib\libnds9.a(touch.o)
 .text.touchReadXY
                0x0000000000000000       0x24 C:/devkitPro/libnds/lib\libnds9.a(touch.o)
 .text          0x0000000000000000        0x0 C:/devkitPro/libnds/lib\libnds9.a(sprite_alloc.o)
 .data          0x0000000000000000        0x0 C:/devkitPro/libnds/lib\libnds9.a(sprite_alloc.o)
 .bss           0x0000000000000000        0x0 C:/devkitPro/libnds/lib\libnds9.a(sprite_alloc.o)
 .text.oamFreeGfx
                0x0000000000000000      0x438 C:/devkitPro/libnds/lib\libnds9.a(sprite_alloc.o)
 .text.oamCountFragments
                0x0000000000000000       0x7c C:/devkitPro/libnds/lib\libnds9.a(sprite_alloc.o)
 .text          0x0000000000000000        0x0 C:/devkitPro/libnds/lib\libnds9.a(sprite.o)
 .data          0x0000000000000000        0x0 C:/devkitPro/libnds/lib\libnds9.a(sprite.o)
 .bss           0x0000000000000000        0x0 C:/devkitPro/libnds/lib\libnds9.a(sprite.o)
 .text.oamDisable
                0x0000000000000000       0x2c C:/devkitPro/libnds/lib\libnds9.a(sprite.o)
 .text.oamEnable
                0x0000000000000000       0x24 C:/devkitPro/libnds/lib\libnds9.a(sprite.o)
 .text.oamClear
                0x0000000000000000       0x24 C:/devkitPro/libnds/lib\libnds9.a(sprite.o)
 .text.oamRotateScale
                0x0000000000000000       0x4c C:/devkitPro/libnds/lib\libnds9.a(sprite.o)
 .text          0x0000000000000000        0x0 C:/devkitPro/libnds/lib\libnds9.a(keys.o)
 .data          0x0000000000000000        0x0 C:/devkitPro/libnds/lib\libnds9.a(keys.o)
 .bss           0x0000000000000000        0x0 C:/devkitPro/libnds/lib\libnds9.a(keys.o)
 .text.keysDown
                0x0000000000000000       0x14 C:/devkitPro/libnds/lib\libnds9.a(keys.o)
 .text.keysDownRepeat
                0x0000000000000000       0x10 C:/devkitPro/libnds/lib\libnds9.a(keys.o)
 .text.keysSetRepeat
                0x0000000000000000       0x24 C:/devkitPro/libnds/lib\libnds9.a(keys.o)
 .text.keysUp   0x0000000000000000       0x18 C:/devkitPro/libnds/lib\libnds9.a(keys.o)
 .text.keysCurrent
                0x0000000000000000       0x38 C:/devkitPro/libnds/lib\libnds9.a(keys.o)
 .text          0x0000000000000000        0x0 C:/devkitPro/libnds/lib\libnds9.a(initSystem.o)
 .data          0x0000000000000000        0x0 C:/devkitPro/libnds/lib\libnds9.a(initSystem.o)
 .bss           0x0000000000000000        0x0 C:/devkitPro/libnds/lib\libnds9.a(initSystem.o)
 .text.__syscall_gettod_r
                0x0000000000000000       0x28 C:/devkitPro/libnds/lib\libnds9.a(initSystem.o)
 .text.__syscall_exit
                0x0000000000000000        0x8 C:/devkitPro/libnds/lib\libnds9.a(initSystem.o)
 .text          0x0000000000000000        0x0 C:/devkitPro/libnds/lib\libnds9.a(securearea.o)
 .data          0x0000000000000000        0x0 C:/devkitPro/libnds/lib\libnds9.a(securearea.o)
 .bss           0x0000000000000000        0x0 C:/devkitPro/libnds/lib\libnds9.a(securearea.o)
 .text          0x0000000000000000        0x0 C:/devkitPro/libnds/lib\libnds9.a(interrupts.o)
 .data          0x0000000000000000        0x0 C:/devkitPro/libnds/lib\libnds9.a(interrupts.o)
 .bss           0x0000000000000000        0x0 C:/devkitPro/libnds/lib\libnds9.a(interrupts.o)
 .text.irqInitHandler
                0x0000000000000000       0x28 C:/devkitPro/libnds/lib\libnds9.a(interrupts.o)
 .text.irqDisable
                0x0000000000000000       0x64 C:/devkitPro/libnds/lib\libnds9.a(interrupts.o)
 .text.irqClear
                0x0000000000000000       0x38 C:/devkitPro/libnds/lib\libnds9.a(interrupts.o)
 .text          0x0000000000000000        0x0 C:/devkitPro/libnds/lib\libnds9.a(libnds_exit.arm.o)
 .data          0x0000000000000000        0x0 C:/devkitPro/libnds/lib\libnds9.a(libnds_exit.arm.o)
 .bss           0x0000000000000000        0x0 C:/devkitPro/libnds/lib\libnds9.a(libnds_exit.arm.o)
 .text          0x0000000000000000        0x0 C:/devkitPro/libnds/lib\libnds9.a(fifosystem.o)
 .data          0x0000000000000000        0x0 C:/devkitPro/libnds/lib\libnds9.a(fifosystem.o)
 .bss           0x0000000000000000        0x0 C:/devkitPro/libnds/lib\libnds9.a(fifosystem.o)
 .text.fifoSendAddress
                0x0000000000000000       0x38 C:/devkitPro/libnds/lib\libnds9.a(fifosystem.o)
 .text.fifoSendDatamsg
                0x0000000000000000       0x90 C:/devkitPro/libnds/lib\libnds9.a(fifosystem.o)
 .text.fifoGetAddress
                0x0000000000000000       0x7c C:/devkitPro/libnds/lib\libnds9.a(fifosystem.o)
 .text.fifoSetAddressHandler
                0x0000000000000000       0x78 C:/devkitPro/libnds/lib\libnds9.a(fifosystem.o)
 .text.fifoGetValue32
                0x0000000000000000       0x70 C:/devkitPro/libnds/lib\libnds9.a(fifosystem.o)
 .text.fifoCheckAddress
                0x0000000000000000       0x24 C:/devkitPro/libnds/lib\libnds9.a(fifosystem.o)
 .text.fifoCheckDatamsg
                0x0000000000000000       0x24 C:/devkitPro/libnds/lib\libnds9.a(fifosystem.o)
 .text.fifoCheckDatamsgLength
                0x0000000000000000       0x30 C:/devkitPro/libnds/lib\libnds9.a(fifosystem.o)
 .text.fifoCheckValue32
                0x0000000000000000       0x24 C:/devkitPro/libnds/lib\libnds9.a(fifosystem.o)
 .text          0x0000000000000000        0x0 C:/devkitPro/libnds/lib\libnds9.a(dcache.o)
 .data          0x0000000000000000        0x0 C:/devkitPro/libnds/lib\libnds9.a(dcache.o)
 .bss           0x0000000000000000        0x0 C:/devkitPro/libnds/lib\libnds9.a(dcache.o)
 .text.DC_FlushAll
                0x0000000000000000       0x2c C:/devkitPro/libnds/lib\libnds9.a(dcache.o)
 .text.DC_InvalidateAll
                0x0000000000000000        0xc C:/devkitPro/libnds/lib\libnds9.a(dcache.o)
 .text.DC_InvalidateRange
                0x0000000000000000       0x2c C:/devkitPro/libnds/lib\libnds9.a(dcache.o)
 .text          0x0000000000000000        0x0 C:/devkitPro/libnds/lib\libnds9.a(mpu_setup.o)
 .bss           0x0000000000000000        0x0 C:/devkitPro/libnds/lib\libnds9.a(mpu_setup.o)
 .text.memCached
                0x0000000000000000       0x20 C:/devkitPro/libnds/lib\libnds9.a(mpu_setup.o)
 .text          0x0000000000000000        0x0 C:/devkitPro/libnds/lib\libnds9.a(IntrWait.o)
 .data          0x0000000000000000        0x0 C:/devkitPro/libnds/lib\libnds9.a(IntrWait.o)
 .bss           0x0000000000000000        0x0 C:/devkitPro/libnds/lib\libnds9.a(IntrWait.o)
 .text          0x0000000000000000        0x0 C:/devkitPro/libnds/lib\libnds9.a(cpu_clock.o)
 .data          0x0000000000000000        0x0 C:/devkitPro/libnds/lib\libnds9.a(cpu_clock.o)
 .bss           0x0000000000000000        0x0 C:/devkitPro/libnds/lib\libnds9.a(cpu_clock.o)
 .itcm          0x0000000000000000        0x0 C:/devkitPro/libnds/lib\libnds9.a(cpu_clock.o)
 .text          0x0000000000000000        0x0 C:/devkitPro/libnds/lib\libnds9.a(interruptDispatcher.o)
 .data          0x0000000000000000        0x0 C:/devkitPro/libnds/lib\libnds9.a(interruptDispatcher.o)
 .bss           0x0000000000000000        0x0 C:/devkitPro/libnds/lib\libnds9.a(interruptDispatcher.o)
 .text          0x0000000000000000        0x0 C:/devkitPro/libnds/lib\libnds9.a(swiSoftReset.o)
 .data          0x0000000000000000        0x0 C:/devkitPro/libnds/lib\libnds9.a(swiSoftReset.o)
 .bss           0x0000000000000000        0x0 C:/devkitPro/libnds/lib\libnds9.a(swiSoftReset.o)
 .text          0x0000000000000000        0x0 C:/devkitPro/libnds/lib\libnds9.a(trig.o)
 .data          0x0000000000000000        0x0 C:/devkitPro/libnds/lib\libnds9.a(trig.o)
 .bss           0x0000000000000000        0x0 C:/devkitPro/libnds/lib\libnds9.a(trig.o)
 .text.asinComp
                0x0000000000000000       0x24 C:/devkitPro/libnds/lib\libnds9.a(trig.o)
 .text.sinLutLookup
                0x0000000000000000       0x4c C:/devkitPro/libnds/lib\libnds9.a(trig.o)
 .text.sinLerp  0x0000000000000000       0x40 C:/devkitPro/libnds/lib\libnds9.a(trig.o)
 .text.cosLerp  0x0000000000000000       0x4c C:/devkitPro/libnds/lib\libnds9.a(trig.o)
 .text.tanLutLookup
                0x0000000000000000       0x30 C:/devkitPro/libnds/lib\libnds9.a(trig.o)
 .text.tanLerp  0x0000000000000000       0xb0 C:/devkitPro/libnds/lib\libnds9.a(trig.o)
 .text.asinLerp
                0x0000000000000000       0x98 C:/devkitPro/libnds/lib\libnds9.a(trig.o)
 .text.acosLerp
                0x0000000000000000       0xa4 C:/devkitPro/libnds/lib\libnds9.a(trig.o)
 .text.atanComp
                0x0000000000000000       0x24 C:/devkitPro/libnds/lib\libnds9.a(trig.o)
 .rodata.SIN_LUT
                0x0000000000000000      0x102 C:/devkitPro/libnds/lib\libnds9.a(trig.o)
 .rodata.TAN_LUT
                0x0000000000000000      0x204 C:/devkitPro/libnds/lib\libnds9.a(trig.o)
 .debug_info    0x0000000000000000      0x793 C:/devkitPro/libnds/lib\libnds9.a(trig.o)
 .debug_abbrev  0x0000000000000000      0x26e C:/devkitPro/libnds/lib\libnds9.a(trig.o)
 .debug_loclists
                0x0000000000000000      0x779 C:/devkitPro/libnds/lib\libnds9.a(trig.o)
 .debug_aranges
                0x0000000000000000       0x60 C:/devkitPro/libnds/lib\libnds9.a(trig.o)
 .debug_rnglists
                0x0000000000000000       0x9d C:/devkitPro/libnds/lib\libnds9.a(trig.o)
 .debug_line    0x0000000000000000      0x837 C:/devkitPro/libnds/lib\libnds9.a(trig.o)
 .debug_str     0x0000000000000000      0x2fc C:/devkitPro/libnds/lib\libnds9.a(trig.o)
 .comment       0x0000000000000000       0x24 C:/devkitPro/libnds/lib\libnds9.a(trig.o)
 .debug_frame   0x0000000000000000       0xd8 C:/devkitPro/libnds/lib\libnds9.a(trig.o)
 .ARM.attributes
                0x0000000000000000       0x2b C:/devkitPro/libnds/lib\libnds9.a(trig.o)
 .text          0x0000000000000000        0x0 C:/devkitPro/libnds/lib\libnds9.a(video.o)
 .data          0x0000000000000000        0x0 C:/devkitPro/libnds/lib\libnds9.a(video.o)
 .bss           0x0000000000000000        0x0 C:/devkitPro/libnds/lib\libnds9.a(video.o)
 .text.vramSetPrimaryBanks
                0x0000000000000000       0x44 C:/devkitPro/libnds/lib\libnds9.a(video.o)
 .text.vramSetMainBanks
                0x0000000000000000       0x44 C:/devkitPro/libnds/lib\libnds9.a(video.o)
 .text.vramSetBanks_EFG
                0x0000000000000000       0x38 C:/devkitPro/libnds/lib\libnds9.a(video.o)
 .text.vramRestorePrimaryBanks
                0x0000000000000000        0xc C:/devkitPro/libnds/lib\libnds9.a(video.o)
 .text.vramRestoreMainBanks
                0x0000000000000000        0xc C:/devkitPro/libnds/lib\libnds9.a(video.o)
 .text.vramRestoreBanks_EFG
                0x0000000000000000        0xc C:/devkitPro/libnds/lib\libnds9.a(video.o)
 .text.setBrightness
                0x0000000000000000       0x40 C:/devkitPro/libnds/lib\libnds9.a(video.o)
 .text          0x0000000000000000        0x0 C:/devkitPro/libnds/lib\libnds9.a(system.o)
 .data          0x0000000000000000        0x0 C:/devkitPro/libnds/lib\libnds9.a(system.o)
 .bss           0x0000000000000000        0x0 C:/devkitPro/libnds/lib\libnds9.a(system.o)
 .text.setSDcallback
                0x0000000000000000        0xc C:/devkitPro/libnds/lib\libnds9.a(system.o)
 .text.systemSleep
                0x0000000000000000       0x18 C:/devkitPro/libnds/lib\libnds9.a(system.o)
 .text.powerOff
                0x0000000000000000       0x28 C:/devkitPro/libnds/lib\libnds9.a(system.o)
 .text.ledBlink
                0x0000000000000000       0x10 C:/devkitPro/libnds/lib\libnds9.a(system.o)
 .text.getBatteryLevel
                0x0000000000000000       0x20 C:/devkitPro/libnds/lib\libnds9.a(system.o)
 .text.enableSlot1
                0x0000000000000000       0x1c C:/devkitPro/libnds/lib\libnds9.a(system.o)
 .text.disableSlot1
                0x0000000000000000       0x1c C:/devkitPro/libnds/lib\libnds9.a(system.o)
 .text          0x0000000000000000        0x0 C:/devkitPro/libnds/lib\libnds9.a(biosCalls.o)
 .data          0x0000000000000000        0x0 C:/devkitPro/libnds/lib\libnds9.a(biosCalls.o)
 .bss           0x0000000000000000        0x0 C:/devkitPro/libnds/lib\libnds9.a(biosCalls.o)
 .text.swiSleep
                0x0000000000000000        0x4 C:/devkitPro/libnds/lib\libnds9.a(biosCalls.o)
 .text.swiChangeSoundBias
                0x0000000000000000        0x4 C:/devkitPro/libnds/lib\libnds9.a(biosCalls.o)
 .text.swiDivide
                0x0000000000000000        0x4 C:/devkitPro/libnds/lib\libnds9.a(biosCalls.o)
 .text.swiRemainder
                0x0000000000000000        0x8 C:/devkitPro/libnds/lib\libnds9.a(biosCalls.o)
 .text.swiDivMod
                0x0000000000000000        0xc C:/devkitPro/libnds/lib\libnds9.a(biosCalls.o)
 .text.swiCopy  0x0000000000000000        0x4 C:/devkitPro/libnds/lib\libnds9.a(biosCalls.o)
 .text.swiFastCopy
                0x0000000000000000        0x4 C:/devkitPro/libnds/lib\libnds9.a(biosCalls.o)
 .text.swiSqrt  0x0000000000000000        0x4 C:/devkitPro/libnds/lib\libnds9.a(biosCalls.o)
 .text.swiCRC16
                0x0000000000000000        0x4 C:/devkitPro/libnds/lib\libnds9.a(biosCalls.o)
 .text.swiIsDebugger
                0x0000000000000000        0x4 C:/devkitPro/libnds/lib\libnds9.a(biosCalls.o)
 .text.swiUnpackBits
                0x0000000000000000        0x4 C:/devkitPro/libnds/lib\libnds9.a(biosCalls.o)
 .text.swiDecompressLZSSWram
                0x0000000000000000        0x4 C:/devkitPro/libnds/lib\libnds9.a(biosCalls.o)
 .text.swiDecompressLZSSVramNTR
                0x0000000000000000        0x4 C:/devkitPro/libnds/lib\libnds9.a(biosCalls.o)
 .text.swiDecompressLZSSVramTWL
                0x0000000000000000        0x4 C:/devkitPro/libnds/lib\libnds9.a(biosCalls.o)
 .text.swiDecompressHuffman
                0x0000000000000000        0x4 C:/devkitPro/libnds/lib\libnds9.a(biosCalls.o)
 .text.swiDecompressRLEWram
                0x0000000000000000        0x4 C:/devkitPro/libnds/lib\libnds9.a(biosCalls.o)
 .text.swiDecompressRLEVram
                0x0000000000000000        0x4 C:/devkitPro/libnds/lib\libnds9.a(biosCalls.o)
 .text.swiWaitForIRQ
                0x0000000000000000        0x4 C:/devkitPro/libnds/lib\libnds9.a(biosCalls.o)
 .text.swiDecodeDelta8
                0x0000000000000000        0x4 C:/devkitPro/libnds/lib\libnds9.a(biosCalls.o)
 .text.swiDecodeDelta16
                0x0000000000000000        0x4 C:/devkitPro/libnds/lib\libnds9.a(biosCalls.o)
 .text.swiSetHaltCR
                0x0000000000000000        0x4 C:/devkitPro/libnds/lib\libnds9.a(biosCalls.o)
 .text          0x0000000000000000        0x0 c:/devkitpro/devkitarm/bin/../lib/gcc/arm-none-eabi/12.1.0/../../../../arm-none-eabi/lib/thumb\libg.a(lib_a-bsearch.o)
 .data          0x0000000000000000        0x0 c:/devkitpro/devkitarm/bin/../lib/gcc/arm-none-eabi/12.1.0/../../../../arm-none-eabi/lib/thumb\libg.a(lib_a-bsearch.o)
 .bss           0x0000000000000000        0x0 c:/devkitpro/devkitarm/bin/../lib/gcc/arm-none-eabi/12.1.0/../../../../arm-none-eabi/lib/thumb\libg.a(lib_a-bsearch.o)
 .text.bsearch  0x0000000000000000       0x60 c:/devkitpro/devkitarm/bin/../lib/gcc/arm-none-eabi/12.1.0/../../../../arm-none-eabi/lib/thumb\libg.a(lib_a-bsearch.o)
 .comment       0x0000000000000000       0x24 c:/devkitpro/devkitarm/bin/../lib/gcc/arm-none-eabi/12.1.0/../../../../arm-none-eabi/lib/thumb\libg.a(lib_a-bsearch.o)
 .ARM.attributes
                0x0000000000000000       0x2a c:/devkitpro/devkitarm/bin/../lib/gcc/arm-none-eabi/12.1.0/../../../../arm-none-eabi/lib/thumb\libg.a(lib_a-bsearch.o)
 .text          0x0000000000000000        0x0 c:/devkitpro/devkitarm/bin/../lib/gcc/arm-none-eabi/12.1.0/../../../../arm-none-eabi/lib/thumb\libg.a(lib_a-init.o)
 .data          0x0000000000000000        0x0 c:/devkitpro/devkitarm/bin/../lib/gcc/arm-none-eabi/12.1.0/../../../../arm-none-eabi/lib/thumb\libg.a(lib_a-init.o)
 .bss           0x0000000000000000        0x0 c:/devkitpro/devkitarm/bin/../lib/gcc/arm-none-eabi/12.1.0/../../../../arm-none-eabi/lib/thumb\libg.a(lib_a-init.o)
 .text          0x0000000000000000        0x0 c:/devkitpro/devkitarm/bin/../lib/gcc/arm-none-eabi/12.1.0/../../../../arm-none-eabi/lib/thumb\libg.a(lib_a-malloc.o)
 .data          0x0000000000000000        0x0 c:/devkitpro/devkitarm/bin/../lib/gcc/arm-none-eabi/12.1.0/../../../../arm-none-eabi/lib/thumb\libg.a(lib_a-malloc.o)
 .bss           0x0000000000000000        0x0 c:/devkitpro/devkitarm/bin/../lib/gcc/arm-none-eabi/12.1.0/../../../../arm-none-eabi/lib/thumb\libg.a(lib_a-malloc.o)
 .text          0x0000000000000000        0x0 c:/devkitpro/devkitarm/bin/../lib/gcc/arm-none-eabi/12.1.0/../../../../arm-none-eabi/lib/thumb\libg.a(lib_a-mallocr.o)
 .data          0x0000000000000000        0x0 c:/devkitpro/devkitarm/bin/../lib/gcc/arm-none-eabi/12.1.0/../../../../arm-none-eabi/lib/thumb\libg.a(lib_a-mallocr.o)
 .bss           0x0000000000000000        0x0 c:/devkitpro/devkitarm/bin/../lib/gcc/arm-none-eabi/12.1.0/../../../../arm-none-eabi/lib/thumb\libg.a(lib_a-mallocr.o)
 .text          0x0000000000000000        0x0 c:/devkitpro/devkitarm/bin/../lib/gcc/arm-none-eabi/12.1.0/../../../../arm-none-eabi/lib/thumb\libg.a(lib_a-memcpy-stub.o)
 .data          0x0000000000000000        0x0 c:/devkitpro/devkitarm/bin/../lib/gcc/arm-none-eabi/12.1.0/../../../../arm-none-eabi/lib/thumb\libg.a(lib_a-memcpy-stub.o)
 .bss           0x0000000000000000        0x0 c:/devkitpro/devkitarm/bin/../lib/gcc/arm-none-eabi/12.1.0/../../../../arm-none-eabi/lib/thumb\libg.a(lib_a-memcpy-stub.o)
 .text          0x0000000000000000        0x0 c:/devkitpro/devkitarm/bin/../lib/gcc/arm-none-eabi/12.1.0/../../../../arm-none-eabi/lib/thumb\libg.a(lib_a-memset.o)
 .data          0x0000000000000000        0x0 c:/devkitpro/devkitarm/bin/../lib/gcc/arm-none-eabi/12.1.0/../../../../arm-none-eabi/lib/thumb\libg.a(lib_a-memset.o)
 .bss           0x0000000000000000        0x0 c:/devkitpro/devkitarm/bin/../lib/gcc/arm-none-eabi/12.1.0/../../../../arm-none-eabi/lib/thumb\libg.a(lib_a-memset.o)
 .text          0x0000000000000000        0x0 c:/devkitpro/devkitarm/bin/../lib/gcc/arm-none-eabi/12.1.0/../../../../arm-none-eabi/lib/thumb\libg.a(lib_a-mlock.o)
 .data          0x0000000000000000        0x0 c:/devkitpro/devkitarm/bin/../lib/gcc/arm-none-eabi/12.1.0/../../../../arm-none-eabi/lib/thumb\libg.a(lib_a-mlock.o)
 .bss           0x0000000000000000        0x0 c:/devkitpro/devkitarm/bin/../lib/gcc/arm-none-eabi/12.1.0/../../../../arm-none-eabi/lib/thumb\libg.a(lib_a-mlock.o)
 .text          0x0000000000000000        0x0 c:/devkitpro/devkitarm/bin/../lib/gcc/arm-none-eabi/12.1.0/../../../../arm-none-eabi/lib/thumb\libg.a(lib_a-realloc.o)
 .data          0x0000000000000000        0x0 c:/devkitpro/devkitarm/bin/../lib/gcc/arm-none-eabi/12.1.0/../../../../arm-none-eabi/lib/thumb\libg.a(lib_a-realloc.o)
 .bss           0x0000000000000000        0x0 c:/devkitpro/devkitarm/bin/../lib/gcc/arm-none-eabi/12.1.0/../../../../arm-none-eabi/lib/thumb\libg.a(lib_a-realloc.o)
 .text          0x0000000000000000        0x0 c:/devkitpro/devkitarm/bin/../lib/gcc/arm-none-eabi/12.1.0/../../../../arm-none-eabi/lib/thumb\libg.a(lib_a-reallocr.o)
 .data          0x0000000000000000        0x0 c:/devkitpro/devkitarm/bin/../lib/gcc/arm-none-eabi/12.1.0/../../../../arm-none-eabi/lib/thumb\libg.a(lib_a-reallocr.o)
 .bss           0x0000000000000000        0x0 c:/devkitpro/devkitarm/bin/../lib/gcc/arm-none-eabi/12.1.0/../../../../arm-none-eabi/lib/thumb\libg.a(lib_a-reallocr.o)
 .text          0x0000000000000000        0x0 c:/devkitpro/devkitarm/bin/../lib/gcc/arm-none-eabi/12.1.0/../../../../arm-none-eabi/lib/thumb\libg.a(lib_a-freer.o)
 .data          0x0000000000000000        0x0 c:/devkitpro/devkitarm/bin/../lib/gcc/arm-none-eabi/12.1.0/../../../../arm-none-eabi/lib/thumb\libg.a(lib_a-freer.o)
 .bss           0x0000000000000000        0x0 c:/devkitpro/devkitarm/bin/../lib/gcc/arm-none-eabi/12.1.0/../../../../arm-none-eabi/lib/thumb\libg.a(lib_a-freer.o)
 .text          0x0000000000000000        0x0 c:/devkitpro/devkitarm/bin/../lib/gcc/arm-none-eabi/12.1.0/../../../../arm-none-eabi/lib/thumb\libg.a(lib_a-memmove.o)
 .data          0x0000000000000000        0x0 c:/devkitpro/devkitarm/bin/../lib/gcc/arm-none-eabi/12.1.0/../../../../arm-none-eabi/lib/thumb\libg.a(lib_a-memmove.o)
 .bss           0x0000000000000000        0x0 c:/devkitpro/devkitarm/bin/../lib/gcc/arm-none-eabi/12.1.0/../../../../arm-none-eabi/lib/thumb\libg.a(lib_a-memmove.o)
 .text          0x0000000000000000        0x0 c:/devkitpro/devkitarm/bin/../lib/gcc/arm-none-eabi/12.1.0/../../../../arm-none-eabi/lib/thumb\libsysbase.a(sbrk.o)
 .data          0x0000000000000000        0x0 c:/devkitpro/devkitarm/bin/../lib/gcc/arm-none-eabi/12.1.0/../../../../arm-none-eabi/lib/thumb\libsysbase.a(sbrk.o)
 .bss           0x0000000000000000        0x0 c:/devkitpro/devkitarm/bin/../lib/gcc/arm-none-eabi/12.1.0/../../../../arm-none-eabi/lib/thumb\libsysbase.a(sbrk.o)
 .text          0x0000000000000000        0x0 c:/devkitpro/devkitarm/bin/../lib/gcc/arm-none-eabi/12.1.0/../../../../arm-none-eabi/lib/thumb\libsysbase.a(malloc_vars.o)
 .data          0x0000000000000000        0x0 c:/devkitpro/devkitarm/bin/../lib/gcc/arm-none-eabi/12.1.0/../../../../arm-none-eabi/lib/thumb\libsysbase.a(malloc_vars.o)
 .bss           0x0000000000000000        0x0 c:/devkitpro/devkitarm/bin/../lib/gcc/arm-none-eabi/12.1.0/../../../../arm-none-eabi/lib/thumb\libsysbase.a(malloc_vars.o)
 .text          0x0000000000000000        0x0 c:/devkitpro/devkitarm/bin/../lib/gcc/arm-none-eabi/12.1.0/../../../../arm-none-eabi/lib/thumb\libsysbase.a(build_argv.o)
 .data          0x0000000000000000        0x0 c:/devkitpro/devkitarm/bin/../lib/gcc/arm-none-eabi/12.1.0/../../../../arm-none-eabi/lib/thumb\libsysbase.a(build_argv.o)
 .bss           0x0000000000000000        0x0 c:/devkitpro/devkitarm/bin/../lib/gcc/arm-none-eabi/12.1.0/../../../../arm-none-eabi/lib/thumb\libsysbase.a(build_argv.o)
 .text          0x0000000000000000        0x0 c:/devkitpro/devkitarm/bin/../lib/gcc/arm-none-eabi/12.1.0/../../../../arm-none-eabi/lib/thumb\libsysbase.a(getreent.o)
 .data          0x0000000000000000        0x0 c:/devkitpro/devkitarm/bin/../lib/gcc/arm-none-eabi/12.1.0/../../../../arm-none-eabi/lib/thumb\libsysbase.a(getreent.o)
 .bss           0x0000000000000000        0x0 c:/devkitpro/devkitarm/bin/../lib/gcc/arm-none-eabi/12.1.0/../../../../arm-none-eabi/lib/thumb\libsysbase.a(getreent.o)
 .text          0x0000000000000000        0x0 c:/devkitpro/devkitarm/bin/../lib/gcc/arm-none-eabi/12.1.0/../../../../arm-none-eabi/lib/thumb\libsysbase.a(syscall_support.o)
 .data          0x0000000000000000        0x0 c:/devkitpro/devkitarm/bin/../lib/gcc/arm-none-eabi/12.1.0/../../../../arm-none-eabi/lib/thumb\libsysbase.a(syscall_support.o)
 .bss           0x0000000000000000        0x0 c:/devkitpro/devkitarm/bin/../lib/gcc/arm-none-eabi/12.1.0/../../../../arm-none-eabi/lib/thumb\libsysbase.a(syscall_support.o)
 .text.__libc_lock_init
                0x0000000000000000       0x18 c:/devkitpro/devkitarm/bin/../lib/gcc/arm-none-eabi/12.1.0/../../../../arm-none-eabi/lib/thumb\libsysbase.a(syscall_support.o)
 .text.__libc_lock_acquire
                0x0000000000000000       0x18 c:/devkitpro/devkitarm/bin/../lib/gcc/arm-none-eabi/12.1.0/../../../../arm-none-eabi/lib/thumb\libsysbase.a(syscall_support.o)
 .text.__libc_lock_try_acquire
                0x0000000000000000       0x1c c:/devkitpro/devkitarm/bin/../lib/gcc/arm-none-eabi/12.1.0/../../../../arm-none-eabi/lib/thumb\libsysbase.a(syscall_support.o)
 .text.__libc_lock_release
                0x0000000000000000       0x18 c:/devkitpro/devkitarm/bin/../lib/gcc/arm-none-eabi/12.1.0/../../../../arm-none-eabi/lib/thumb\libsysbase.a(syscall_support.o)
 .text.__libc_lock_close
                0x0000000000000000       0x18 c:/devkitpro/devkitarm/bin/../lib/gcc/arm-none-eabi/12.1.0/../../../../arm-none-eabi/lib/thumb\libsysbase.a(syscall_support.o)
 .text.__libc_lock_init_recursive
                0x0000000000000000       0x18 c:/devkitpro/devkitarm/bin/../lib/gcc/arm-none-eabi/12.1.0/../../../../arm-none-eabi/lib/thumb\libsysbase.a(syscall_support.o)
 .text.__libc_lock_try_acquire_recursive
                0x0000000000000000       0x1c c:/devkitpro/devkitarm/bin/../lib/gcc/arm-none-eabi/12.1.0/../../../../arm-none-eabi/lib/thumb\libsysbase.a(syscall_support.o)
 .text.__libc_lock_close_recursive
                0x0000000000000000       0x18 c:/devkitpro/devkitarm/bin/../lib/gcc/arm-none-eabi/12.1.0/../../../../arm-none-eabi/lib/thumb\libsysbase.a(syscall_support.o)
 .text          0x0000000000000000        0x0 c:/devkitpro/devkitarm/bin/../lib/gcc/arm-none-eabi/12.1.0/../../../../arm-none-eabi/lib/thumb\libg.a(lib_a-impure.o)
 .data          0x0000000000000000        0x0 c:/devkitpro/devkitarm/bin/../lib/gcc/arm-none-eabi/12.1.0/../../../../arm-none-eabi/lib/thumb\libg.a(lib_a-impure.o)
 .bss           0x0000000000000000        0x0 c:/devkitpro/devkitarm/bin/../lib/gcc/arm-none-eabi/12.1.0/../../../../arm-none-eabi/lib/thumb\libg.a(lib_a-impure.o)
 .rodata._global_impure_ptr
                0x0000000000000000        0x4 c:/devkitpro/devkitarm/bin/../lib/gcc/arm-none-eabi/12.1.0/../../../../arm-none-eabi/lib/thumb\libg.a(lib_a-impure.o)
 .text          0x0000000000000000        0x0 c:/devkitpro/devkitarm/bin/../lib/gcc/arm-none-eabi/12.1.0/thumb/crtend.o
 .data          0x0000000000000000        0x0 c:/devkitpro/devkitarm/bin/../lib/gcc/arm-none-eabi/12.1.0/thumb/crtend.o
 .bss           0x0000000000000000        0x0 c:/devkitpro/devkitarm/bin/../lib/gcc/arm-none-eabi/12.1.0/thumb/crtend.o
 .rodata.all_implied_fbits
                0x0000000000000000       0x24 c:/devkitpro/devkitarm/bin/../lib/gcc/arm-none-eabi/12.1.0/thumb/crtend.o
 .text          0x0000000000000000        0x0 c:/devkitpro/devkitarm/bin/../lib/gcc/arm-none-eabi/12.1.0/thumb/crtn.o
 .data          0x0000000000000000        0x0 c:/devkitpro/devkitarm/bin/../lib/gcc/arm-none-eabi/12.1.0/thumb/crtn.o
 .bss           0x0000000000000000        0x0 c:/devkitpro/devkitarm/bin/../lib/gcc/arm-none-eabi/12.1.0/thumb/crtn.o

Memory Configuration

Name             Origin             Length             Attributes
ewram            0x0000000002000000 0x0000000000380000
dtcm             0x0000000002ff0000 0x0000000000004000
vectors          0x0000000001000000 0x0000000000000100
itcm             0x0000000001000100 0x0000000000007f00
*default*        0x0000000000000000 0xffffffffffffffff

Linker script and memory map

                0x0000000002380000                __ewram_end = (ORIGIN (ewram) + LENGTH (ewram))
                0x0000000002380000                __eheap_end = (ORIGIN (ewram) + LENGTH (ewram))
                0x0000000002ff4000                __dtcm_top = (ORIGIN (dtcm) + LENGTH (dtcm))
                0x0000000002ff3ff8                __irq_flags = (__dtcm_top - 0x8)
                0x0000000002ff3ffc                __irq_vector = (__dtcm_top - 0x4)
                0x0000000002ff3f00                __sp_svc = (__dtcm_top - 0x100)
                0x0000000002ff3e00                __sp_irq = (__sp_svc - 0x100)
                0x0000000002ff3d00                __sp_usr = (__sp_irq - 0x100)

.secure         0x0000000002000000      0x800
 *(.secure)
 .secure        0x0000000002000000      0x800 C:/devkitPro/libnds/lib\libnds9.a(securearea.o)
                0x0000000002000000                __secure_area__

.crt0           0x0000000002000800      0x300
                0x0000000002000800                __text_start = .
 *(.crt0)
 .crt0          0x0000000002000800      0x300 c:/devkitpro/devkitarm/bin/../lib/gcc/arm-none-eabi/12.1.0/../../../../arm-none-eabi/lib/thumb/ds_arm9_crt0.o
                0x0000000002000800                _start
                0x0000000002000b00                . = ALIGN (0x4)

.plt
 *(.plt)

.init           0x0000000002000b00        0xc
 *(SORT_NONE(.init))
 .init          0x0000000002000b00        0x4 c:/devkitpro/devkitarm/bin/../lib/gcc/arm-none-eabi/12.1.0/thumb/crti.o
                0x0000000002000b00                _init
 .init          0x0000000002000b04        0x8 c:/devkitpro/devkitarm/bin/../lib/gcc/arm-none-eabi/12.1.0/thumb/crtn.o

.text           0x0000000002000b10     0x2b18
 *(EXCLUDE_FILE(*.twl* *.vectors* *.itcm*) .text)
 .text          0x0000000002000b10      0x1a0 Engine.o
                0x0000000002000b10                Engine::Engine()
                0x0000000002000b10                Engine::Engine()
                0x0000000002000b14                Engine::~Engine()
                0x0000000002000b14                Engine::~Engine()
                0x0000000002000b18                Engine::initHardware()
                0x0000000002000b40                Engine::Main()
 *(EXCLUDE_FILE(*.twl* *.vectors* *.itcm*) .stub)
 *(EXCLUDE_FILE(*.twl* *.vectors* *.itcm*) .text.*)
 .text.__do_global_dtors_aux
                0x0000000002000cb0       0x2c c:/devkitpro/devkitarm/bin/../lib/gcc/arm-none-eabi/12.1.0/thumb/crtbegin.o
 .text.frame_dummy
                0x0000000002000cdc       0x24 c:/devkitpro/devkitarm/bin/../lib/gcc/arm-none-eabi/12.1.0/thumb/crtbegin.o
 .text.startup  0x0000000002000d00       0x20 main.o
                0x0000000002000d00                main
 .text.exit     0x0000000002000d20       0x10 main.o
 .text.touchRead
                0x0000000002000d30       0x24 C:/devkitPro/libnds/lib\libnds9.a(touch.o)
                0x0000000002000d30                touchRead
 .text.oamAllocReset
                0x0000000002000d54       0x1c C:/devkitPro/libnds/lib\libnds9.a(sprite_alloc.o)
                0x0000000002000d54                oamAllocReset
 .text.oamAllocateGfx
                0x0000000002000d70      0x50c C:/devkitPro/libnds/lib\libnds9.a(sprite_alloc.o)
                0x0000000002000d70                oamAllocateGfx
 .text.oamInit  0x000000000200127c      0x114 C:/devkitPro/libnds/lib\libnds9.a(sprite.o)
                0x000000000200127c                oamInit
 .text.oamGetGfxPtr
                0x0000000002001390       0x38 C:/devkitPro/libnds/lib\libnds9.a(sprite.o)
                0x0000000002001390                oamGetGfxPtr
 .text.oamGfxPtrToOffset
                0x00000000020013c8       0x34 C:/devkitPro/libnds/lib\libnds9.a(sprite.o)
                0x00000000020013c8                oamGfxPtrToOffset
 .text.oamSet   0x00000000020013fc      0x104 C:/devkitPro/libnds/lib\libnds9.a(sprite.o)
                0x00000000020013fc                oamSet
 .text.oamUpdate
                0x0000000002001500       0x60 C:/devkitPro/libnds/lib\libnds9.a(sprite.o)
                0x0000000002001500                oamUpdate
 .text.scanKeys
                0x0000000002001560       0x8c C:/devkitPro/libnds/lib\libnds9.a(keys.o)
                0x0000000002001560                scanKeys
 .text.keysHeld
                0x00000000020015ec        0xc C:/devkitPro/libnds/lib\libnds9.a(keys.o)
                0x00000000020015ec                keysHeld
 .text.initSystem
                0x00000000020015f8      0x180 C:/devkitPro/libnds/lib\libnds9.a(initSystem.o)
                0x00000000020015f8                initSystem
 .text.irqDummy
                0x0000000002001778        0x4 C:/devkitPro/libnds/lib\libnds9.a(interrupts.o)
                0x0000000002001778                irqDummy
 .text.irqSet   0x000000000200177c       0x6c C:/devkitPro/libnds/lib\libnds9.a(interrupts.o)
                0x000000000200177c                irqSet
 .text.irqInit  0x00000000020017e8       0x50 C:/devkitPro/libnds/lib\libnds9.a(interrupts.o)
                0x00000000020017e8                irqInit
 .text.irqEnable
                0x0000000002001838       0x64 C:/devkitPro/libnds/lib\libnds9.a(interrupts.o)
                0x0000000002001838                irqEnable
 .text.systemErrorExit
                0x000000000200189c        0x4 C:/devkitPro/libnds/lib\libnds9.a(libnds_exit.arm.o)
                0x000000000200189c                systemErrorExit
 .text.__libnds_exit
                0x00000000020018a0       0x5c C:/devkitPro/libnds/lib\libnds9.a(libnds_exit.arm.o)
                0x00000000020018a0                __libnds_exit
 .text.fifo_queueBlock
                0x00000000020018fc       0x44 C:/devkitPro/libnds/lib\libnds9.a(fifosystem.o)
 .text.fifo_waitBlock
                0x0000000002001940       0x80 C:/devkitPro/libnds/lib\libnds9.a(fifosystem.o)
 .text.fifoInternalSend.part.0
                0x00000000020019c0       0xd4 C:/devkitPro/libnds/lib\libnds9.a(fifosystem.o)
 .text.fifoInternalSendInterrupt
                0x0000000002001a94       0xb0 C:/devkitPro/libnds/lib\libnds9.a(fifosystem.o)
 .text.fifoSetValue32Handler
                0x0000000002001b44       0xd4 C:/devkitPro/libnds/lib\libnds9.a(fifosystem.o)
                0x0000000002001b44                fifoSetValue32Handler
 .text.fifoSendValue32
                0x0000000002001c18       0x4c C:/devkitPro/libnds/lib\libnds9.a(fifosystem.o)
                0x0000000002001c18                fifoSendValue32
 .text.fifoGetDatamsg
                0x0000000002001c64       0xf4 C:/devkitPro/libnds/lib\libnds9.a(fifosystem.o)
                0x0000000002001c64                fifoGetDatamsg
 .text.fifoInternalRecvInterrupt
                0x0000000002001d58      0x37c C:/devkitPro/libnds/lib\libnds9.a(fifosystem.o)
 .text.fifoSetDatamsgHandler
                0x00000000020020d4       0x9c C:/devkitPro/libnds/lib\libnds9.a(fifosystem.o)
                0x00000000020020d4                fifoSetDatamsgHandler
 .text.fifoInit
                0x0000000002002170      0x108 C:/devkitPro/libnds/lib\libnds9.a(fifosystem.o)
                0x0000000002002170                fifoInit
 .text.DC_FlushRange
                0x0000000002002278       0x24 C:/devkitPro/libnds/lib\libnds9.a(dcache.o)
                0x0000000002002278                DC_FlushRange
 .text.__libnds_mpu_setup
                0x000000000200229c      0x174 C:/devkitPro/libnds/lib\libnds9.a(mpu_setup.o)
                0x000000000200229c                __libnds_mpu_setup
 .text.memUncached
                0x0000000002002410       0x20 C:/devkitPro/libnds/lib\libnds9.a(mpu_setup.o)
                0x0000000002002410                memUncached
 .text.swiWaitForVBlank
                0x0000000002002430        0x8 C:/devkitPro/libnds/lib\libnds9.a(IntrWait.o)
                0x0000000002002430                swiWaitForVBlank
 .text.swiIntrWait
                0x0000000002002438       0x70 C:/devkitPro/libnds/lib\libnds9.a(IntrWait.o)
                0x0000000002002438                swiIntrWait
 .text.setCpuClock
                0x00000000020024a8       0x50 C:/devkitPro/libnds/lib\libnds9.a(cpu_clock.o)
                0x00000000020024a8                setCpuClock
 .text.swiSoftReset
                0x00000000020024f8       0x2c C:/devkitPro/libnds/lib\libnds9.a(swiSoftReset.o)
                0x00000000020024f8                swiSoftReset
 .text.vramDefault
                0x0000000002002524       0xd0 C:/devkitPro/libnds/lib\libnds9.a(video.o)
                0x0000000002002524                vramDefault
 .text.systemValueHandler
                0x00000000020025f4       0x48 C:/devkitPro/libnds/lib\libnds9.a(system.o)
                0x00000000020025f4                systemValueHandler
 .text.systemMsgHandler
                0x000000000200263c       0x60 C:/devkitPro/libnds/lib\libnds9.a(system.o)
                0x000000000200263c                systemMsgHandler
 .text.powerOn  0x000000000200269c       0x2c C:/devkitPro/libnds/lib\libnds9.a(system.o)
                0x000000000200269c                powerOn
 .text.swiDelay
                0x00000000020026c8        0x4 C:/devkitPro/libnds/lib\libnds9.a(biosCalls.o)
                0x00000000020026c8                swiDelay
 .text.__libc_init_array
                0x00000000020026cc       0x54 c:/devkitpro/devkitarm/bin/../lib/gcc/arm-none-eabi/12.1.0/../../../../arm-none-eabi/lib/thumb\libg.a(lib_a-init.o)
                0x00000000020026cc                __libc_init_array
 .text.malloc   0x0000000002002720       0x14 c:/devkitpro/devkitarm/bin/../lib/gcc/arm-none-eabi/12.1.0/../../../../arm-none-eabi/lib/thumb\libg.a(lib_a-malloc.o)
                0x0000000002002720                malloc
 .text.free     0x0000000002002734       0x14 c:/devkitpro/devkitarm/bin/../lib/gcc/arm-none-eabi/12.1.0/../../../../arm-none-eabi/lib/thumb\libg.a(lib_a-malloc.o)
                0x0000000002002734                free
 .text._malloc_r
                0x0000000002002748      0x560 c:/devkitpro/devkitarm/bin/../lib/gcc/arm-none-eabi/12.1.0/../../../../arm-none-eabi/lib/thumb\libg.a(lib_a-mallocr.o)
                0x0000000002002748                _malloc_r
 .text.memcpy   0x0000000002002ca8       0x94 c:/devkitpro/devkitarm/bin/../lib/gcc/arm-none-eabi/12.1.0/../../../../arm-none-eabi/lib/thumb\libg.a(lib_a-memcpy-stub.o)
                0x0000000002002ca8                memcpy
 .text.memset   0x0000000002002d3c       0xb0 c:/devkitpro/devkitarm/bin/../lib/gcc/arm-none-eabi/12.1.0/../../../../arm-none-eabi/lib/thumb\libg.a(lib_a-memset.o)
                0x0000000002002d3c                memset
 .text.__malloc_lock
                0x0000000002002dec       0x14 c:/devkitpro/devkitarm/bin/../lib/gcc/arm-none-eabi/12.1.0/../../../../arm-none-eabi/lib/thumb\libg.a(lib_a-mlock.o)
                0x0000000002002dec                __malloc_lock
 .text.__malloc_unlock
                0x0000000002002e00       0x14 c:/devkitpro/devkitarm/bin/../lib/gcc/arm-none-eabi/12.1.0/../../../../arm-none-eabi/lib/thumb\libg.a(lib_a-mlock.o)
                0x0000000002002e00                __malloc_unlock
 .text.realloc  0x0000000002002e14       0x18 c:/devkitpro/devkitarm/bin/../lib/gcc/arm-none-eabi/12.1.0/../../../../arm-none-eabi/lib/thumb\libg.a(lib_a-realloc.o)
                0x0000000002002e14                realloc
 .text._realloc_r
                0x0000000002002e2c      0x384 c:/devkitpro/devkitarm/bin/../lib/gcc/arm-none-eabi/12.1.0/../../../../arm-none-eabi/lib/thumb\libg.a(lib_a-reallocr.o)
                0x0000000002002e2c                _realloc_r
 .text._malloc_trim_r
                0x00000000020031b0       0xac c:/devkitpro/devkitarm/bin/../lib/gcc/arm-none-eabi/12.1.0/../../../../arm-none-eabi/lib/thumb\libg.a(lib_a-freer.o)
                0x00000000020031b0                _malloc_trim_r
 .text._free_r  0x000000000200325c      0x1d8 c:/devkitpro/devkitarm/bin/../lib/gcc/arm-none-eabi/12.1.0/../../../../arm-none-eabi/lib/thumb\libg.a(lib_a-freer.o)
                0x000000000200325c                _free_r
 .text.memmove  0x0000000002003434       0xc0 c:/devkitpro/devkitarm/bin/../lib/gcc/arm-none-eabi/12.1.0/../../../../arm-none-eabi/lib/thumb\libg.a(lib_a-memmove.o)
                0x0000000002003434                memmove
 .text._sbrk_r  0x00000000020034f4       0x54 c:/devkitpro/devkitarm/bin/../lib/gcc/arm-none-eabi/12.1.0/../../../../arm-none-eabi/lib/thumb\libsysbase.a(sbrk.o)
                0x00000000020034f4                _sbrk_r
 .text.build_argv
                0x0000000002003548       0x4c c:/devkitpro/devkitarm/bin/../lib/gcc/arm-none-eabi/12.1.0/../../../../arm-none-eabi/lib/thumb\libsysbase.a(build_argv.o)
                0x0000000002003548                build_argv
 .text.__getreent
                0x0000000002003594       0x20 c:/devkitpro/devkitarm/bin/../lib/gcc/arm-none-eabi/12.1.0/../../../../arm-none-eabi/lib/thumb\libsysbase.a(getreent.o)
                0x0000000002003594                __getreent
 .text.__libc_lock_acquire_recursive
                0x00000000020035b4       0x18 c:/devkitpro/devkitarm/bin/../lib/gcc/arm-none-eabi/12.1.0/../../../../arm-none-eabi/lib/thumb\libsysbase.a(syscall_support.o)
                0x00000000020035b4                __libc_lock_acquire_recursive
 .text.__libc_lock_release_recursive
                0x00000000020035cc       0x18 c:/devkitpro/devkitarm/bin/../lib/gcc/arm-none-eabi/12.1.0/../../../../arm-none-eabi/lib/thumb\libsysbase.a(syscall_support.o)
                0x00000000020035cc                __libc_lock_release_recursive
 *fill*         0x00000000020035e4        0x4 ff
 .text.__libc_lock_release_recursive.__stub
                0x00000000020035e8       0x3c linker stubs
 *(EXCLUDE_FILE(*.twl*) .gnu.warning)
 *(EXCLUDE_FILE(*.twl*) .gnu.linkonce.t*)
 *(.glue_7)
 .glue_7        0x0000000002003628        0x0 linker stubs
 *(.glue_7t)
 .glue_7t       0x0000000002003628        0x0 linker stubs
                0x0000000002003628                . = ALIGN (0x4)

.vfp11_veneer   0x0000000002003628        0x0
 .vfp11_veneer  0x0000000002003628        0x0 linker stubs

.v4_bx          0x0000000002003628        0x0
 .v4_bx         0x0000000002003628        0x0 linker stubs

.iplt           0x0000000002003628        0x0
 .iplt          0x0000000002003628        0x0 c:/devkitpro/devkitarm/bin/../lib/gcc/arm-none-eabi/12.1.0/../../../../arm-none-eabi/lib/thumb/ds_arm9_crt0.o

.fini           0x0000000002003628        0xc
 *(.fini)
 .fini          0x0000000002003628        0x4 c:/devkitpro/devkitarm/bin/../lib/gcc/arm-none-eabi/12.1.0/thumb/crti.o
                0x0000000002003628                _fini
 .fini          0x000000000200362c        0x8 c:/devkitpro/devkitarm/bin/../lib/gcc/arm-none-eabi/12.1.0/thumb/crtn.o
                0x0000000002003634                __text_end = .

.rodata         0x0000000002003634        0x0
 *(EXCLUDE_FILE(*.twl*) .rodata)
 *all.rodata*(*)
 *(EXCLUDE_FILE(*.twl*) .roda)
 *(EXCLUDE_FILE(*.twl*) .rodata.*)
 *(EXCLUDE_FILE(*.twl*) .gnu.linkonce.r*)
                0x0000000002003634                . = ALIGN (0x4)

.ARM.extab
 *(.ARM.extab* .gnu.linkonce.armextab.*)
                0x0000000002003634                __exidx_start = .

ARM.exidx
 *(.ARM.exidx* .gnu.linkonce.armexidx.*)
                0x0000000002003634                __exidx_end = .
                0x0000000002003634                . = ALIGN (0x4)
                0x0000000002003634                PROVIDE (__preinit_array_start = .)

.preinit_array
 *(.preinit_array)
                0x0000000002003634                PROVIDE (__preinit_array_end = .)
                0x0000000002003634                PROVIDE (__init_array_start = .)

.init_array     0x0000000002003634        0x8
 *(SORT_BY_NAME(.init_array.*))
 *(.init_array)
 .init_array    0x0000000002003634        0x4 c:/devkitpro/devkitarm/bin/../lib/gcc/arm-none-eabi/12.1.0/thumb/crtbegin.o
 .init_array    0x0000000002003638        0x4 main.o
                0x000000000200363c                PROVIDE (__init_array_end = .)
                [!provide]                        PROVIDE (__fini_array_start = .)

.fini_array     0x000000000200363c        0x8
 *(.fini_array)
 .fini_array    0x000000000200363c        0x4 c:/devkitpro/devkitarm/bin/../lib/gcc/arm-none-eabi/12.1.0/thumb/crtbegin.o
 .fini_array    0x0000000002003640        0x4 main.o
 *(SORT_BY_NAME(.fini_array.*))
                [!provide]                        PROVIDE (__fini_array_end = .)

.ctors          0x0000000002003644        0x0
 *crtbegin.o(.ctors)
 *(EXCLUDE_FILE(*crtend.o) .ctors)
 *(SORT_BY_NAME(.ctors.*))
 *(.ctors)
                0x0000000002003644                . = ALIGN (0x4)

.dtors          0x0000000002003644        0x0
 *crtbegin.o(.dtors)
 *(EXCLUDE_FILE(*crtend.o) .dtors)
 *(SORT_BY_NAME(.dtors.*))
 *(.dtors)
                0x0000000002003644                . = ALIGN (0x4)

.eh_frame       0x0000000002003644        0x4
 *(.eh_frame)
 .eh_frame      0x0000000002003644        0x0 c:/devkitpro/devkitarm/bin/../lib/gcc/arm-none-eabi/12.1.0/thumb/crtbegin.o
 .eh_frame      0x0000000002003644        0x4 c:/devkitpro/devkitarm/bin/../lib/gcc/arm-none-eabi/12.1.0/thumb/crtend.o
                0x0000000002003648                . = ALIGN (0x4)

.rel.dyn        0x0000000002003648        0x0
 .rel.iplt      0x0000000002003648        0x0 c:/devkitpro/devkitarm/bin/../lib/gcc/arm-none-eabi/12.1.0/../../../../arm-none-eabi/lib/thumb/ds_arm9_crt0.o

.gcc_except_table
                0x0000000002003648        0x0
 *(.gcc_except_table)
                0x0000000002003648                . = ALIGN (0x4)

.jcr
 *(.jcr)

.got
 *(.got.plt)
 *(.got)
 *(.rel.got)

.ewram          0x0000000002003648        0x0
                0x0000000002003648                __ewram_start = ABSOLUTE (.)
 *(.ewram)
 *ewram.*(.text)
                0x0000000002003648                . = ALIGN (0x4)

.data           0x0000000002003648      0x8e8
                0x0000000002003648                __data_start = ABSOLUTE (.)
 *(EXCLUDE_FILE(*.twl*) .data)
 .data          0x0000000002003648       0x28 C:/devkitPro/libnds/lib\libnds9.a(mpu_setup.o)
 *(EXCLUDE_FILE(*.twl*) .data.*)
 .data.oamMain  0x0000000002003670       0x18 C:/devkitPro/libnds/lib\libnds9.a(sprite.o)
                0x0000000002003670                oamMain
 .data.oamSub   0x0000000002003688       0x18 C:/devkitPro/libnds/lib\libnds9.a(sprite.o)
                0x0000000002003688                oamSub
 .data.count    0x00000000020036a0        0x1 C:/devkitPro/libnds/lib\libnds9.a(keys.o)
 .data.delay    0x00000000020036a1        0x1 C:/devkitPro/libnds/lib\libnds9.a(keys.o)
 .data.repeat   0x00000000020036a2        0x1 C:/devkitPro/libnds/lib\libnds9.a(keys.o)
 *fill*         0x00000000020036a3        0x1 ff
 .data.fifo_buffer_free
                0x00000000020036a4        0x4 C:/devkitPro/libnds/lib\libnds9.a(fifosystem.o)
                0x00000000020036a4                fifo_buffer_free
 .data.fifo_freewords
                0x00000000020036a8        0x4 C:/devkitPro/libnds/lib\libnds9.a(fifosystem.o)
                0x00000000020036a8                fifo_freewords
 .data.fifo_receive_queue
                0x00000000020036ac        0x4 C:/devkitPro/libnds/lib\libnds9.a(fifosystem.o)
                0x00000000020036ac                fifo_receive_queue
 .data.fifo_send_queue
                0x00000000020036b0        0x4 C:/devkitPro/libnds/lib\libnds9.a(fifosystem.o)
                0x00000000020036b0                fifo_send_queue
 .data.__malloc_sbrk_base
                0x00000000020036b4        0x4 c:/devkitpro/devkitarm/bin/../lib/gcc/arm-none-eabi/12.1.0/../../../../arm-none-eabi/lib/thumb\libg.a(lib_a-mallocr.o)
                0x00000000020036b4                __malloc_sbrk_base
 .data.__malloc_trim_threshold
                0x00000000020036b8        0x4 c:/devkitpro/devkitarm/bin/../lib/gcc/arm-none-eabi/12.1.0/../../../../arm-none-eabi/lib/thumb\libg.a(lib_a-mallocr.o)
                0x00000000020036b8                __malloc_trim_threshold
 *fill*         0x00000000020036bc        0x4 ff
 .data.__malloc_av_
                0x00000000020036c0      0x408 c:/devkitpro/devkitarm/bin/../lib/gcc/arm-none-eabi/12.1.0/../../../../arm-none-eabi/lib/thumb\libg.a(lib_a-mallocr.o)
                0x00000000020036c0                __malloc_av_
 .data._impure_ptr
                0x0000000002003ac8        0x4 c:/devkitpro/devkitarm/bin/../lib/gcc/arm-none-eabi/12.1.0/../../../../arm-none-eabi/lib/thumb\libg.a(lib_a-impure.o)
                0x0000000002003ac8                _impure_ptr
 *fill*         0x0000000002003acc        0x4 ff
 .data.impure_data
                0x0000000002003ad0      0x460 c:/devkitpro/devkitarm/bin/../lib/gcc/arm-none-eabi/12.1.0/../../../../arm-none-eabi/lib/thumb\libg.a(lib_a-impure.o)
 *(EXCLUDE_FILE(*.twl*) .gnu.linkonce.d*)
                0x0000000002003f30                . = ALIGN (0x4)
                0x0000000002003f30                __data_end = ABSOLUTE (.)
                0x0000000002003f30                __bss_vma = .

.igot.plt       0x0000000002003f30        0x0
 .igot.plt      0x0000000002003f30        0x0 c:/devkitpro/devkitarm/bin/../lib/gcc/arm-none-eabi/12.1.0/../../../../arm-none-eabi/lib/thumb/ds_arm9_crt0.o

.dtcm           0x0000000002ff0000        0x0 load address 0x0000000002003f30
                0x0000000002003f30                __dtcm_lma = LOADADDR (.dtcm)
                0x0000000002ff0000                __dtcm_start = ABSOLUTE (.)
 *(.dtcm)
 *(.dtcm.*)
                0x0000000002ff0000                . = ALIGN (0x4)
                0x0000000002ff0000                __dtcm_end = ABSOLUTE (.)

.itcm           0x0000000001000100      0x194 load address 0x0000000002003f30
                0x0000000002003f30                __itcm_lma = LOADADDR (.itcm)
                0x0000000001000100                __itcm_start = ABSOLUTE (.)
 *(.itcm)
 .itcm          0x0000000001000100       0xc8 C:/devkitPro/libnds/lib\libnds9.a(interrupts.o)
                0x0000000001000100                irqTable
 .itcm          0x00000000010001c8       0xcc C:/devkitPro/libnds/lib\libnds9.a(interruptDispatcher.o)
                0x00000000010001c8                IntrMain
 *.itcm*(.text .stub .text.*)
                0x0000000001000294                . = ALIGN (0x4)
                0x0000000001000294                __itcm_end = ABSOLUTE (.)

.vectors        0x0000000001000000        0x0 load address 0x00000000020040c4
                0x00000000020040c4                __vectors_lma = LOADADDR (.vectors)
                0x0000000001000000                __vectors_start = ABSOLUTE (.)
 *(.vectors .vectors.*)
                0x0000000001000000                . = ALIGN (0x4)
                0x0000000001000000                __vectors_end = ABSOLUTE (.)

.sbss           0x0000000002ff0000        0x0
                0x0000000002ff0000                __sbss_start = ABSOLUTE (.)
                0x0000000002ff0000                __sbss_start__ = ABSOLUTE (.)
 *(.sbss)
                0x0000000002ff0000                . = ALIGN (0x4)
                0x0000000002ff0000                __sbss_end = ABSOLUTE (.)

.bss            0x0000000002003f30     0x12c0
                0x0000000002003f30                __bss_start = ABSOLUTE (.)
                0x0000000002003f30                __bss_start__ = ABSOLUTE (.)
 *(EXCLUDE_FILE(*.twl*) .dynbss)
 *(EXCLUDE_FILE(*.twl*) .gnu.linkonce.b*)
 *(EXCLUDE_FILE(*.twl*) .bss*)
 .bss.completed.1
                0x0000000002003f30        0x1 c:/devkitpro/devkitarm/bin/../lib/gcc/arm-none-eabi/12.1.0/thumb/crtbegin.o
 *fill*         0x0000000002003f31        0x3 
 .bss.object.0  0x0000000002003f34       0x18 c:/devkitpro/devkitarm/bin/../lib/gcc/arm-none-eabi/12.1.0/thumb/crtbegin.o
 .bss           0x0000000002003f4c        0x1 main.o
                0x0000000002003f4c                Game
 *fill*         0x0000000002003f4d        0x3 
 .bss.OamMemory
                0x0000000002003f50      0x400 C:/devkitPro/libnds/lib\libnds9.a(sprite.o)
                0x0000000002003f50                OamMemory
 .bss.OamMemorySub
                0x0000000002004350      0x400 C:/devkitPro/libnds/lib\libnds9.a(sprite.o)
                0x0000000002004350                OamMemorySub
 .bss.keys      0x0000000002004750        0x2 C:/devkitPro/libnds/lib\libnds9.a(keys.o)
 .bss.keysold   0x0000000002004752        0x2 C:/devkitPro/libnds/lib\libnds9.a(keys.o)
 .bss.keysrepeat
                0x0000000002004754        0x2 C:/devkitPro/libnds/lib\libnds9.a(keys.o)
 .bss.__dsimode
                0x0000000002004756        0x1 C:/devkitPro/libnds/lib\libnds9.a(initSystem.o)
                0x0000000002004756                __dsimode
 *fill*         0x0000000002004757        0x1 
 .bss.punixTime
                0x0000000002004758        0x4 C:/devkitPro/libnds/lib\libnds9.a(initSystem.o)
                0x0000000002004758                punixTime
 .bss.fifo_address_data
                0x000000000200475c       0x40 C:/devkitPro/libnds/lib\libnds9.a(fifosystem.o)
                0x000000000200475c                fifo_address_data
 .bss.fifo_address_func
                0x000000000200479c       0x40 C:/devkitPro/libnds/lib\libnds9.a(fifosystem.o)
                0x000000000200479c                fifo_address_func
 .bss.fifo_address_queue
                0x00000000020047dc       0x40 C:/devkitPro/libnds/lib\libnds9.a(fifosystem.o)
                0x00000000020047dc                fifo_address_queue
 .bss.fifo_buffer
                0x000000000200481c      0x800 C:/devkitPro/libnds/lib\libnds9.a(fifosystem.o)
                0x000000000200481c                fifo_buffer
 .bss.fifo_data_queue
                0x000000000200501c       0x40 C:/devkitPro/libnds/lib\libnds9.a(fifosystem.o)
                0x000000000200501c                fifo_data_queue
 .bss.fifo_datamsg_data
                0x000000000200505c       0x40 C:/devkitPro/libnds/lib\libnds9.a(fifosystem.o)
                0x000000000200505c                fifo_datamsg_data
 .bss.fifo_datamsg_func
                0x000000000200509c       0x40 C:/devkitPro/libnds/lib\libnds9.a(fifosystem.o)
                0x000000000200509c                fifo_datamsg_func
 .bss.fifo_value32_data
                0x00000000020050dc       0x40 C:/devkitPro/libnds/lib\libnds9.a(fifosystem.o)
                0x00000000020050dc                fifo_value32_data
 .bss.fifo_value32_func
                0x000000000200511c       0x40 C:/devkitPro/libnds/lib\libnds9.a(fifosystem.o)
                0x000000000200511c                fifo_value32_func
 .bss.fifo_value32_queue
                0x000000000200515c       0x40 C:/devkitPro/libnds/lib\libnds9.a(fifosystem.o)
                0x000000000200515c                fifo_value32_queue
 .bss.processing
                0x000000000200519c        0x4 C:/devkitPro/libnds/lib\libnds9.a(fifosystem.o)
                0x000000000200519c                processing
 .bss.SDcallback
                0x00000000020051a0        0x4 C:/devkitPro/libnds/lib\libnds9.a(system.o)
 .bss.__malloc_current_mallinfo
                0x00000000020051a4       0x28 c:/devkitpro/devkitarm/bin/../lib/gcc/arm-none-eabi/12.1.0/../../../../arm-none-eabi/lib/thumb\libg.a(lib_a-mallocr.o)
                0x00000000020051a4                __malloc_current_mallinfo
 .bss.__malloc_max_total_mem
                0x00000000020051cc        0x4 c:/devkitpro/devkitarm/bin/../lib/gcc/arm-none-eabi/12.1.0/../../../../arm-none-eabi/lib/thumb\libg.a(lib_a-mallocr.o)
                0x00000000020051cc                __malloc_max_total_mem
 .bss.__malloc_max_sbrked_mem
                0x00000000020051d0        0x4 c:/devkitpro/devkitarm/bin/../lib/gcc/arm-none-eabi/12.1.0/../../../../arm-none-eabi/lib/thumb\libg.a(lib_a-mallocr.o)
                0x00000000020051d0                __malloc_max_sbrked_mem
 .bss.__malloc_top_pad
                0x00000000020051d4        0x4 c:/devkitpro/devkitarm/bin/../lib/gcc/arm-none-eabi/12.1.0/../../../../arm-none-eabi/lib/thumb\libg.a(lib_a-mallocr.o)
                0x00000000020051d4                __malloc_top_pad
 .bss.__malloc_recursive_mutex
                0x00000000020051d8        0xc c:/devkitpro/devkitarm/bin/../lib/gcc/arm-none-eabi/12.1.0/../../../../arm-none-eabi/lib/thumb\libg.a(lib_a-mlock.o)
 .bss.heap_start.0
                0x00000000020051e4        0x4 c:/devkitpro/devkitarm/bin/../lib/gcc/arm-none-eabi/12.1.0/../../../../arm-none-eabi/lib/thumb\libsysbase.a(sbrk.o)
 .bss.fake_heap_start
                0x00000000020051e8        0x4 c:/devkitpro/devkitarm/bin/../lib/gcc/arm-none-eabi/12.1.0/../../../../arm-none-eabi/lib/thumb\libsysbase.a(malloc_vars.o)
                0x00000000020051e8                fake_heap_start
 .bss.fake_heap_end
                0x00000000020051ec        0x4 c:/devkitpro/devkitarm/bin/../lib/gcc/arm-none-eabi/12.1.0/../../../../arm-none-eabi/lib/thumb\libsysbase.a(malloc_vars.o)
                0x00000000020051ec                fake_heap_end
 *(EXCLUDE_FILE(*.twl*) COMMON)
                0x00000000020051f0                . = ALIGN (0x4)
                0x00000000020051f0                __bss_end__ = ABSOLUTE (.)
                0x00000000020051f0                __end__ = ABSOLUTE (.)

.twl            0x00000000020051f0        0x0 load address 0x0000000002400000
                0x0000000002400000                __arm9i_lma__ = LOADADDR (.twl)
                0x00000000020051f0                __arm9i_start__ = ABSOLUTE (.)
 *(.twl)
 *.twl*(.text .stub .text.* .gnu.linkonce.t.*)
 *.twl*(.rodata)
 *.twl*(.roda)
 *.twl*(.rodata.*)
 *.twl*(.data)
 *.twl*(.data.*)
 *.twl*(.gnu.linkonce.d*)
                0x00000000020051f0                __arm9i_end__ = ABSOLUTE (.)

.twl_bss        0x00000000020051f0        0x0
                0x00000000020051f0                __twl_bss_start__ = ABSOLUTE (.)
 *(.twl_bss)
 *.twl*(.dynbss)
 *.twl*(.gnu.linkonce.b*)
 *.twl*(.bss*)
 *.twl*(COMMON)
                0x00000000020051f0                . = ALIGN (0x4)
                0x00000000020051f0                __twl_bss_end__ = ABSOLUTE (.)
                0x00000000020051f0                __twl_end__ = ABSOLUTE (.)

.stab
 *(.stab)

.stabstr
 *(.stabstr)

.stab.excl
 *(.stab.excl)

.stab.exclstr
 *(.stab.exclstr)

.stab.index
 *(.stab.index)

.stab.indexstr
 *(.stab.indexstr)

.comment        0x0000000000000000       0x46
 *(.comment)
 .comment       0x0000000000000000       0x23 c:/devkitpro/devkitarm/bin/../lib/gcc/arm-none-eabi/12.1.0/thumb/crtbegin.o
                                         0x24 (size before relaxing)
 .comment       0x0000000000000023       0x24 Engine.o
 .comment       0x0000000000000023       0x24 main.o
 .comment       0x0000000000000023       0x23 C:/devkitPro/libnds/lib\libnds9.a(touch.o)
                                         0x24 (size before relaxing)
 .comment       0x0000000000000046       0x24 C:/devkitPro/libnds/lib\libnds9.a(sprite_alloc.o)
 .comment       0x0000000000000046       0x24 C:/devkitPro/libnds/lib\libnds9.a(sprite.o)
 .comment       0x0000000000000046       0x24 C:/devkitPro/libnds/lib\libnds9.a(keys.o)
 .comment       0x0000000000000046       0x24 C:/devkitPro/libnds/lib\libnds9.a(initSystem.o)
 .comment       0x0000000000000046       0x24 C:/devkitPro/libnds/lib\libnds9.a(securearea.o)
 .comment       0x0000000000000046       0x24 C:/devkitPro/libnds/lib\libnds9.a(interrupts.o)
 .comment       0x0000000000000046       0x24 C:/devkitPro/libnds/lib\libnds9.a(libnds_exit.arm.o)
 .comment       0x0000000000000046       0x24 C:/devkitPro/libnds/lib\libnds9.a(fifosystem.o)
 .comment       0x0000000000000046       0x24 C:/devkitPro/libnds/lib\libnds9.a(video.o)
 .comment       0x0000000000000046       0x24 C:/devkitPro/libnds/lib\libnds9.a(system.o)
 .comment       0x0000000000000046       0x24 c:/devkitpro/devkitarm/bin/../lib/gcc/arm-none-eabi/12.1.0/../../../../arm-none-eabi/lib/thumb\libg.a(lib_a-init.o)
 .comment       0x0000000000000046       0x24 c:/devkitpro/devkitarm/bin/../lib/gcc/arm-none-eabi/12.1.0/../../../../arm-none-eabi/lib/thumb\libg.a(lib_a-malloc.o)
 .comment       0x0000000000000046       0x24 c:/devkitpro/devkitarm/bin/../lib/gcc/arm-none-eabi/12.1.0/../../../../arm-none-eabi/lib/thumb\libg.a(lib_a-mallocr.o)
 .comment       0x0000000000000046       0x24 c:/devkitpro/devkitarm/bin/../lib/gcc/arm-none-eabi/12.1.0/../../../../arm-none-eabi/lib/thumb\libg.a(lib_a-memcpy-stub.o)
 .comment       0x0000000000000046       0x24 c:/devkitpro/devkitarm/bin/../lib/gcc/arm-none-eabi/12.1.0/../../../../arm-none-eabi/lib/thumb\libg.a(lib_a-memset.o)
 .comment       0x0000000000000046       0x24 c:/devkitpro/devkitarm/bin/../lib/gcc/arm-none-eabi/12.1.0/../../../../arm-none-eabi/lib/thumb\libg.a(lib_a-mlock.o)
 .comment       0x0000000000000046       0x24 c:/devkitpro/devkitarm/bin/../lib/gcc/arm-none-eabi/12.1.0/../../../../arm-none-eabi/lib/thumb\libg.a(lib_a-realloc.o)
 .comment       0x0000000000000046       0x24 c:/devkitpro/devkitarm/bin/../lib/gcc/arm-none-eabi/12.1.0/../../../../arm-none-eabi/lib/thumb\libg.a(lib_a-reallocr.o)
 .comment       0x0000000000000046       0x24 c:/devkitpro/devkitarm/bin/../lib/gcc/arm-none-eabi/12.1.0/../../../../arm-none-eabi/lib/thumb\libg.a(lib_a-freer.o)
 .comment       0x0000000000000046       0x24 c:/devkitpro/devkitarm/bin/../lib/gcc/arm-none-eabi/12.1.0/../../../../arm-none-eabi/lib/thumb\libg.a(lib_a-memmove.o)
 .comment       0x0000000000000046       0x24 c:/devkitpro/devkitarm/bin/../lib/gcc/arm-none-eabi/12.1.0/../../../../arm-none-eabi/lib/thumb\libsysbase.a(sbrk.o)
 .comment       0x0000000000000046       0x24 c:/devkitpro/devkitarm/bin/../lib/gcc/arm-none-eabi/12.1.0/../../../../arm-none-eabi/lib/thumb\libsysbase.a(malloc_vars.o)
 .comment       0x0000000000000046       0x24 c:/devkitpro/devkitarm/bin/../lib/gcc/arm-none-eabi/12.1.0/../../../../arm-none-eabi/lib/thumb\libsysbase.a(build_argv.o)
 .comment       0x0000000000000046       0x24 c:/devkitpro/devkitarm/bin/../lib/gcc/arm-none-eabi/12.1.0/../../../../arm-none-eabi/lib/thumb\libsysbase.a(getreent.o)
 .comment       0x0000000000000046       0x24 c:/devkitpro/devkitarm/bin/../lib/gcc/arm-none-eabi/12.1.0/../../../../arm-none-eabi/lib/thumb\libsysbase.a(syscall_support.o)
 .comment       0x0000000000000046       0x24 c:/devkitpro/devkitarm/bin/../lib/gcc/arm-none-eabi/12.1.0/../../../../arm-none-eabi/lib/thumb\libg.a(lib_a-impure.o)
 .comment       0x0000000000000046       0x24 c:/devkitpro/devkitarm/bin/../lib/gcc/arm-none-eabi/12.1.0/thumb/crtend.o

.ARM.attributes
                0x0000000000000000       0x2d
 .ARM.attributes
                0x0000000000000000       0x21 c:/devkitpro/devkitarm/bin/../lib/gcc/arm-none-eabi/12.1.0/../../../../arm-none-eabi/lib/thumb/ds_arm9_crt0.o
 .ARM.attributes
                0x0000000000000021       0x1c c:/devkitpro/devkitarm/bin/../lib/gcc/arm-none-eabi/12.1.0/thumb/crti.o
 .ARM.attributes
                0x000000000000003d       0x2a c:/devkitpro/devkitarm/bin/../lib/gcc/arm-none-eabi/12.1.0/thumb/crtbegin.o
 .ARM.attributes
                0x0000000000000067       0x27 Engine.o
 .ARM.attributes
                0x000000000000008e       0x27 main.o
 .ARM.attributes
                0x00000000000000b5       0x2b C:/devkitPro/libnds/lib\libnds9.a(touch.o)
 .ARM.attributes
                0x00000000000000e0       0x2b C:/devkitPro/libnds/lib\libnds9.a(sprite_alloc.o)
 .ARM.attributes
                0x000000000000010b       0x2b C:/devkitPro/libnds/lib\libnds9.a(sprite.o)
 .ARM.attributes
                0x0000000000000136       0x2b C:/devkitPro/libnds/lib\libnds9.a(keys.o)
 .ARM.attributes
                0x0000000000000161       0x2b C:/devkitPro/libnds/lib\libnds9.a(initSystem.o)
 .ARM.attributes
                0x000000000000018c       0x2b C:/devkitPro/libnds/lib\libnds9.a(securearea.o)
 .ARM.attributes
                0x00000000000001b7       0x2b C:/devkitPro/libnds/lib\libnds9.a(interrupts.o)
 .ARM.attributes
                0x00000000000001e2       0x2b C:/devkitPro/libnds/lib\libnds9.a(libnds_exit.arm.o)
 .ARM.attributes
                0x000000000000020d       0x2b C:/devkitPro/libnds/lib\libnds9.a(fifosystem.o)
 .ARM.attributes
                0x0000000000000238       0x1b C:/devkitPro/libnds/lib\libnds9.a(dcache.o)
 .ARM.attributes
                0x0000000000000253       0x21 C:/devkitPro/libnds/lib\libnds9.a(mpu_setup.o)
 .ARM.attributes
                0x0000000000000274       0x21 C:/devkitPro/libnds/lib\libnds9.a(IntrWait.o)
 .ARM.attributes
                0x0000000000000295       0x21 C:/devkitPro/libnds/lib\libnds9.a(cpu_clock.o)
 .ARM.attributes
                0x00000000000002b6       0x1b C:/devkitPro/libnds/lib\libnds9.a(interruptDispatcher.o)
 .ARM.attributes
                0x00000000000002d1       0x21 C:/devkitPro/libnds/lib\libnds9.a(swiSoftReset.o)
 .ARM.attributes
                0x00000000000002f2       0x2b C:/devkitPro/libnds/lib\libnds9.a(video.o)
 .ARM.attributes
                0x000000000000031d       0x2b C:/devkitPro/libnds/lib\libnds9.a(system.o)
 .ARM.attributes
                0x0000000000000348       0x1b C:/devkitPro/libnds/lib\libnds9.a(biosCalls.o)
 .ARM.attributes
                0x0000000000000363       0x2a c:/devkitpro/devkitarm/bin/../lib/gcc/arm-none-eabi/12.1.0/../../../../arm-none-eabi/lib/thumb\libg.a(lib_a-init.o)
 .ARM.attributes
                0x000000000000038d       0x2a c:/devkitpro/devkitarm/bin/../lib/gcc/arm-none-eabi/12.1.0/../../../../arm-none-eabi/lib/thumb\libg.a(lib_a-malloc.o)
 .ARM.attributes
                0x00000000000003b7       0x2a c:/devkitpro/devkitarm/bin/../lib/gcc/arm-none-eabi/12.1.0/../../../../arm-none-eabi/lib/thumb\libg.a(lib_a-mallocr.o)
 .ARM.attributes
                0x00000000000003e1       0x2a c:/devkitpro/devkitarm/bin/../lib/gcc/arm-none-eabi/12.1.0/../../../../arm-none-eabi/lib/thumb\libg.a(lib_a-memcpy-stub.o)
 .ARM.attributes
                0x000000000000040b       0x2a c:/devkitpro/devkitarm/bin/../lib/gcc/arm-none-eabi/12.1.0/../../../../arm-none-eabi/lib/thumb\libg.a(lib_a-memset.o)
 .ARM.attributes
                0x0000000000000435       0x2a c:/devkitpro/devkitarm/bin/../lib/gcc/arm-none-eabi/12.1.0/../../../../arm-none-eabi/lib/thumb\libg.a(lib_a-mlock.o)
 .ARM.attributes
                0x000000000000045f       0x2a c:/devkitpro/devkitarm/bin/../lib/gcc/arm-none-eabi/12.1.0/../../../../arm-none-eabi/lib/thumb\libg.a(lib_a-realloc.o)
 .ARM.attributes
                0x0000000000000489       0x2a c:/devkitpro/devkitarm/bin/../lib/gcc/arm-none-eabi/12.1.0/../../../../arm-none-eabi/lib/thumb\libg.a(lib_a-reallocr.o)
 .ARM.attributes
                0x00000000000004b3       0x2a c:/devkitpro/devkitarm/bin/../lib/gcc/arm-none-eabi/12.1.0/../../../../arm-none-eabi/lib/thumb\libg.a(lib_a-freer.o)
 .ARM.attributes
                0x00000000000004dd       0x2a c:/devkitpro/devkitarm/bin/../lib/gcc/arm-none-eabi/12.1.0/../../../../arm-none-eabi/lib/thumb\libg.a(lib_a-memmove.o)
 .ARM.attributes
                0x0000000000000507       0x2a c:/devkitpro/devkitarm/bin/../lib/gcc/arm-none-eabi/12.1.0/../../../../arm-none-eabi/lib/thumb\libsysbase.a(sbrk.o)
 .ARM.attributes
                0x0000000000000531       0x2a c:/devkitpro/devkitarm/bin/../lib/gcc/arm-none-eabi/12.1.0/../../../../arm-none-eabi/lib/thumb\libsysbase.a(malloc_vars.o)
 .ARM.attributes
                0x000000000000055b       0x2a c:/devkitpro/devkitarm/bin/../lib/gcc/arm-none-eabi/12.1.0/../../../../arm-none-eabi/lib/thumb\libsysbase.a(build_argv.o)
 .ARM.attributes
                0x0000000000000585       0x2a c:/devkitpro/devkitarm/bin/../lib/gcc/arm-none-eabi/12.1.0/../../../../arm-none-eabi/lib/thumb\libsysbase.a(getreent.o)
 .ARM.attributes
                0x00000000000005af       0x2a c:/devkitpro/devkitarm/bin/../lib/gcc/arm-none-eabi/12.1.0/../../../../arm-none-eabi/lib/thumb\libsysbase.a(syscall_support.o)
 .ARM.attributes
                0x00000000000005d9       0x2a c:/devkitpro/devkitarm/bin/../lib/gcc/arm-none-eabi/12.1.0/../../../../arm-none-eabi/lib/thumb\libg.a(lib_a-impure.o)
 .ARM.attributes
                0x0000000000000603       0x2a c:/devkitpro/devkitarm/bin/../lib/gcc/arm-none-eabi/12.1.0/thumb/crtend.o
 .ARM.attributes
                0x000000000000062d       0x1c c:/devkitpro/devkitarm/bin/../lib/gcc/arm-none-eabi/12.1.0/thumb/crtn.o

.debug
 *(.debug)

.line
 *(.line)

.debug_srcinfo
 *(.debug_srcinfo)

.debug_sfnames
 *(.debug_sfnames)

.debug_aranges  0x0000000000000000      0x538
 *(.debug_aranges)
 .debug_aranges
                0x0000000000000000       0x20 Engine.o
 .debug_aranges
                0x0000000000000020       0x30 main.o
 .debug_aranges
                0x0000000000000050       0x28 C:/devkitPro/libnds/lib\libnds9.a(touch.o)
 .debug_aranges
                0x0000000000000078       0x38 C:/devkitPro/libnds/lib\libnds9.a(sprite_alloc.o)
 .debug_aranges
                0x00000000000000b0       0x60 C:/devkitPro/libnds/lib\libnds9.a(sprite.o)
 .debug_aranges
                0x0000000000000110       0x50 C:/devkitPro/libnds/lib\libnds9.a(keys.o)
 .debug_aranges
                0x0000000000000160       0x30 C:/devkitPro/libnds/lib\libnds9.a(initSystem.o)
 .debug_aranges
                0x0000000000000190       0x18 C:/devkitPro/libnds/lib\libnds9.a(securearea.o)
 .debug_aranges
                0x00000000000001a8       0x50 C:/devkitPro/libnds/lib\libnds9.a(interrupts.o)
 .debug_aranges
                0x00000000000001f8       0x28 C:/devkitPro/libnds/lib\libnds9.a(libnds_exit.arm.o)
 .debug_aranges
                0x0000000000000220       0xb0 C:/devkitPro/libnds/lib\libnds9.a(fifosystem.o)
 .debug_aranges
                0x00000000000002d0       0x38 C:/devkitPro/libnds/lib\libnds9.a(dcache.o)
 .debug_aranges
                0x0000000000000308       0x30 C:/devkitPro/libnds/lib\libnds9.a(mpu_setup.o)
 .debug_aranges
                0x0000000000000338       0x28 C:/devkitPro/libnds/lib\libnds9.a(IntrWait.o)
 .debug_aranges
                0x0000000000000360       0x20 C:/devkitPro/libnds/lib\libnds9.a(cpu_clock.o)
 .debug_aranges
                0x0000000000000380       0x20 C:/devkitPro/libnds/lib\libnds9.a(interruptDispatcher.o)
 .debug_aranges
                0x00000000000003a0       0x20 C:/devkitPro/libnds/lib\libnds9.a(swiSoftReset.o)
 .debug_aranges
                0x00000000000003c0       0x48 C:/devkitPro/libnds/lib\libnds9.a(video.o)
 .debug_aranges
                0x0000000000000408       0x68 C:/devkitPro/libnds/lib\libnds9.a(system.o)
 .debug_aranges
                0x0000000000000470       0xc8 C:/devkitPro/libnds/lib\libnds9.a(biosCalls.o)

.debug_pubnames
 *(.debug_pubnames)

.debug_info     0x0000000000000000     0x9d5c
 *(.debug_info)
 .debug_info    0x0000000000000000     0x18b8 Engine.o
 .debug_info    0x00000000000018b8      0xcc5 main.o
 .debug_info    0x000000000000257d      0x329 C:/devkitPro/libnds/lib\libnds9.a(touch.o)
 .debug_info    0x00000000000028a6     0x1cb1 C:/devkitPro/libnds/lib\libnds9.a(sprite_alloc.o)
 .debug_info    0x0000000000004557      0xd00 C:/devkitPro/libnds/lib\libnds9.a(sprite.o)
 .debug_info    0x0000000000005257      0x43b C:/devkitPro/libnds/lib\libnds9.a(keys.o)
 .debug_info    0x0000000000005692     0x113e C:/devkitPro/libnds/lib\libnds9.a(initSystem.o)
 .debug_info    0x00000000000067d0       0x5a C:/devkitPro/libnds/lib\libnds9.a(securearea.o)
 .debug_info    0x000000000000682a      0x68d C:/devkitPro/libnds/lib\libnds9.a(interrupts.o)
 .debug_info    0x0000000000006eb7      0x367 C:/devkitPro/libnds/lib\libnds9.a(libnds_exit.arm.o)
 .debug_info    0x000000000000721e     0x183f C:/devkitPro/libnds/lib\libnds9.a(fifosystem.o)
 .debug_info    0x0000000000008a5d       0x23 C:/devkitPro/libnds/lib\libnds9.a(dcache.o)
 .debug_info    0x0000000000008a80       0x23 C:/devkitPro/libnds/lib\libnds9.a(mpu_setup.o)
 .debug_info    0x0000000000008aa3       0x23 C:/devkitPro/libnds/lib\libnds9.a(IntrWait.o)
 .debug_info    0x0000000000008ac6       0x24 C:/devkitPro/libnds/lib\libnds9.a(cpu_clock.o)
 .debug_info    0x0000000000008aea       0x25 C:/devkitPro/libnds/lib\libnds9.a(interruptDispatcher.o)
 .debug_info    0x0000000000008b0f       0x24 C:/devkitPro/libnds/lib\libnds9.a(swiSoftReset.o)
 .debug_info    0x0000000000008b33      0x790 C:/devkitPro/libnds/lib\libnds9.a(video.o)
 .debug_info    0x00000000000092c3      0xa76 C:/devkitPro/libnds/lib\libnds9.a(system.o)
 .debug_info    0x0000000000009d39       0x23 C:/devkitPro/libnds/lib\libnds9.a(biosCalls.o)

.debug_abbrev   0x0000000000000000     0x2630
 *(.debug_abbrev)
 .debug_abbrev  0x0000000000000000      0x503 Engine.o
 .debug_abbrev  0x0000000000000503      0x343 main.o
 .debug_abbrev  0x0000000000000846      0x157 C:/devkitPro/libnds/lib\libnds9.a(touch.o)
 .debug_abbrev  0x000000000000099d      0x3b5 C:/devkitPro/libnds/lib\libnds9.a(sprite_alloc.o)
 .debug_abbrev  0x0000000000000d52      0x3de C:/devkitPro/libnds/lib\libnds9.a(sprite.o)
 .debug_abbrev  0x0000000000001130      0x1a7 C:/devkitPro/libnds/lib\libnds9.a(keys.o)
 .debug_abbrev  0x00000000000012d7      0x3e1 C:/devkitPro/libnds/lib\libnds9.a(initSystem.o)
 .debug_abbrev  0x00000000000016b8       0x47 C:/devkitPro/libnds/lib\libnds9.a(securearea.o)
 .debug_abbrev  0x00000000000016ff      0x2da C:/devkitPro/libnds/lib\libnds9.a(interrupts.o)
 .debug_abbrev  0x00000000000019d9      0x1ad C:/devkitPro/libnds/lib\libnds9.a(libnds_exit.arm.o)
 .debug_abbrev  0x0000000000001b86      0x4bb C:/devkitPro/libnds/lib\libnds9.a(fifosystem.o)
 .debug_abbrev  0x0000000000002041       0x12 C:/devkitPro/libnds/lib\libnds9.a(dcache.o)
 .debug_abbrev  0x0000000000002053       0x12 C:/devkitPro/libnds/lib\libnds9.a(mpu_setup.o)
 .debug_abbrev  0x0000000000002065       0x12 C:/devkitPro/libnds/lib\libnds9.a(IntrWait.o)
 .debug_abbrev  0x0000000000002077       0x14 C:/devkitPro/libnds/lib\libnds9.a(cpu_clock.o)
 .debug_abbrev  0x000000000000208b       0x14 C:/devkitPro/libnds/lib\libnds9.a(interruptDispatcher.o)
 .debug_abbrev  0x000000000000209f       0x14 C:/devkitPro/libnds/lib\libnds9.a(swiSoftReset.o)
 .debug_abbrev  0x00000000000020b3      0x24c C:/devkitPro/libnds/lib\libnds9.a(video.o)
 .debug_abbrev  0x00000000000022ff      0x31f C:/devkitPro/libnds/lib\libnds9.a(system.o)
 .debug_abbrev  0x000000000000261e       0x12 C:/devkitPro/libnds/lib\libnds9.a(biosCalls.o)

.debug_line     0x0000000000000000     0x5e8c
 *(.debug_line)
 .debug_line    0x0000000000000000      0x54a Engine.o
 .debug_line    0x000000000000054a      0x349 main.o
 .debug_line    0x0000000000000893      0x2d4 C:/devkitPro/libnds/lib\libnds9.a(touch.o)
 .debug_line    0x0000000000000b67     0x1736 C:/devkitPro/libnds/lib\libnds9.a(sprite_alloc.o)
 .debug_line    0x000000000000229d      0x74e C:/devkitPro/libnds/lib\libnds9.a(sprite.o)
 .debug_line    0x00000000000029eb      0x399 C:/devkitPro/libnds/lib\libnds9.a(keys.o)
 .debug_line    0x0000000000002d84      0x597 C:/devkitPro/libnds/lib\libnds9.a(initSystem.o)
 .debug_line    0x000000000000331b       0x8f C:/devkitPro/libnds/lib\libnds9.a(securearea.o)
 .debug_line    0x00000000000033aa      0x54c C:/devkitPro/libnds/lib\libnds9.a(interrupts.o)
 .debug_line    0x00000000000038f6      0x23b C:/devkitPro/libnds/lib\libnds9.a(libnds_exit.arm.o)
 .debug_line    0x0000000000003b31     0x14f5 C:/devkitPro/libnds/lib\libnds9.a(fifosystem.o)
 .debug_line    0x0000000000005026       0x96 C:/devkitPro/libnds/lib\libnds9.a(dcache.o)
 .debug_line    0x00000000000050bc       0xe8 C:/devkitPro/libnds/lib\libnds9.a(mpu_setup.o)
 .debug_line    0x00000000000051a4       0x74 C:/devkitPro/libnds/lib\libnds9.a(IntrWait.o)
 .debug_line    0x0000000000005218       0x5c C:/devkitPro/libnds/lib\libnds9.a(cpu_clock.o)
 .debug_line    0x0000000000005274       0x80 C:/devkitPro/libnds/lib\libnds9.a(interruptDispatcher.o)
 .debug_line    0x00000000000052f4       0x57 C:/devkitPro/libnds/lib\libnds9.a(swiSoftReset.o)
 .debug_line    0x000000000000534b      0x4b5 C:/devkitPro/libnds/lib\libnds9.a(video.o)
 .debug_line    0x0000000000005800      0x4dc C:/devkitPro/libnds/lib\libnds9.a(system.o)
 .debug_line    0x0000000000005cdc      0x1b0 C:/devkitPro/libnds/lib\libnds9.a(biosCalls.o)

.debug_frame    0x0000000000000000      0x898
 *(.debug_frame)
 .debug_frame   0x0000000000000000       0x6c Engine.o
 .debug_frame   0x000000000000006c       0x58 main.o
 .debug_frame   0x00000000000000c4       0x3c C:/devkitPro/libnds/lib\libnds9.a(touch.o)
 .debug_frame   0x0000000000000100       0x9c C:/devkitPro/libnds/lib\libnds9.a(sprite_alloc.o)
 .debug_frame   0x000000000000019c       0xf0 C:/devkitPro/libnds/lib\libnds9.a(sprite.o)
 .debug_frame   0x000000000000028c       0x8c C:/devkitPro/libnds/lib\libnds9.a(keys.o)
 .debug_frame   0x0000000000000318       0x5c C:/devkitPro/libnds/lib\libnds9.a(initSystem.o)
 .debug_frame   0x0000000000000374       0xa4 C:/devkitPro/libnds/lib\libnds9.a(interrupts.o)
 .debug_frame   0x0000000000000418       0x38 C:/devkitPro/libnds/lib\libnds9.a(libnds_exit.arm.o)
 .debug_frame   0x0000000000000450      0x294 C:/devkitPro/libnds/lib\libnds9.a(fifosystem.o)
 .debug_frame   0x00000000000006e4       0xbc C:/devkitPro/libnds/lib\libnds9.a(video.o)
 .debug_frame   0x00000000000007a0       0xf8 C:/devkitPro/libnds/lib\libnds9.a(system.o)

.debug_str      0x0000000000000000     0x30e1
 *(.debug_str)
 .debug_str     0x0000000000000000      0xe8f Engine.o
                                        0xff8 (size before relaxing)
 .debug_str     0x0000000000000e8f       0xe8 main.o
                                        0x794 (size before relaxing)
 .debug_str     0x0000000000000f77      0x214 C:/devkitPro/libnds/lib\libnds9.a(touch.o)
                                        0x332 (size before relaxing)
 .debug_str     0x000000000000118b      0x15c C:/devkitPro/libnds/lib\libnds9.a(sprite_alloc.o)
                                        0x7de (size before relaxing)
 .debug_str     0x00000000000012e7      0x17e C:/devkitPro/libnds/lib\libnds9.a(sprite.o)
                                        0x870 (size before relaxing)
 .debug_str     0x0000000000001465       0xd4 C:/devkitPro/libnds/lib\libnds9.a(keys.o)
                                        0x420 (size before relaxing)
 .debug_str     0x0000000000001539      0x79c C:/devkitPro/libnds/lib\libnds9.a(initSystem.o)
                                        0xb81 (size before relaxing)
 .debug_str     0x0000000000001cd5       0x7f C:/devkitPro/libnds/lib\libnds9.a(securearea.o)
                                        0x16e (size before relaxing)
 .debug_str     0x0000000000001d54      0x19c C:/devkitPro/libnds/lib\libnds9.a(interrupts.o)
                                        0x496 (size before relaxing)
 .debug_str     0x0000000000001ef0      0x1cd C:/devkitPro/libnds/lib\libnds9.a(libnds_exit.arm.o)
                                        0x3e5 (size before relaxing)
 .debug_str     0x00000000000020bd      0x481 C:/devkitPro/libnds/lib\libnds9.a(fifosystem.o)
                                        0x8a9 (size before relaxing)
 .debug_str     0x000000000000253e       0x15 C:/devkitPro/libnds/lib\libnds9.a(dcache.o)
                                         0x69 (size before relaxing)
 .debug_str     0x0000000000002553        0xc C:/devkitPro/libnds/lib\libnds9.a(mpu_setup.o)
                                         0x6c (size before relaxing)
 .debug_str     0x000000000000255f        0xb C:/devkitPro/libnds/lib\libnds9.a(IntrWait.o)
                                         0x6b (size before relaxing)
 .debug_str     0x000000000000256a        0xc C:/devkitPro/libnds/lib\libnds9.a(cpu_clock.o)
                                         0x6c (size before relaxing)
 .debug_str     0x0000000000002576       0x16 C:/devkitPro/libnds/lib\libnds9.a(interruptDispatcher.o)
                                         0x76 (size before relaxing)
 .debug_str     0x000000000000258c        0xf C:/devkitPro/libnds/lib\libnds9.a(swiSoftReset.o)
                                         0x6f (size before relaxing)
 .debug_str     0x000000000000259b      0x7e7 C:/devkitPro/libnds/lib\libnds9.a(video.o)
                                        0xc53 (size before relaxing)
 .debug_str     0x0000000000002d82      0x353 C:/devkitPro/libnds/lib\libnds9.a(system.o)
                                        0x798 (size before relaxing)
 .debug_str     0x00000000000030d5        0xc C:/devkitPro/libnds/lib\libnds9.a(biosCalls.o)
                                         0x6c (size before relaxing)

.debug_loc
 *(.debug_loc)

.debug_macinfo
 *(.debug_macinfo)

.debug_weaknames
 *(.debug_weaknames)

.debug_funcnames
 *(.debug_funcnames)

.debug_typenames
 *(.debug_typenames)

.debug_varnames
 *(.debug_varnames)

.stack          0x0000000000080000        0x0
                0x0000000000080000                _stack = .
 *(.stack)
LOAD c:/devkitpro/devkitarm/bin/../lib/gcc/arm-none-eabi/12.1.0/../../../../arm-none-eabi/lib/thumb/ds_arm9_crt0.o
LOAD c:/devkitpro/devkitarm/bin/../lib/gcc/arm-none-eabi/12.1.0/thumb/crti.o
LOAD c:/devkitpro/devkitarm/bin/../lib/gcc/arm-none-eabi/12.1.0/thumb/crtbegin.o
LOAD Engine.o
LOAD main.o
LOAD C:/devkitPro/libnds/lib\libnds9.a
LOAD c:/devkitpro/devkitarm/bin/../lib/gcc/arm-none-eabi/12.1.0/../../../../arm-none-eabi/lib/thumb\libstdc++.a
LOAD c:/devkitpro/devkitarm/bin/../lib/gcc/arm-none-eabi/12.1.0/../../../../arm-none-eabi/lib/thumb\libm.a
START GROUP
LOAD c:/devkitpro/devkitarm/bin/../lib/gcc/arm-none-eabi/12.1.0/thumb\libgcc.a
LOAD c:/devkitpro/devkitarm/bin/../lib/gcc/arm-none-eabi/12.1.0/../../../../arm-none-eabi/lib/thumb\libg.a
LOAD c:/devkitpro/devkitarm/bin/../lib/gcc/arm-none-eabi/12.1.0/../../../../arm-none-eabi/lib/thumb\libc.a
LOAD c:/devkitpro/devkitarm/bin/../lib/gcc/arm-none-eabi/12.1.0/../../../../arm-none-eabi/lib/thumb\libsysbase.a
END GROUP
LOAD c:/devkitpro/devkitarm/bin/../lib/gcc/arm-none-eabi/12.1.0/thumb/crtend.o
LOAD c:/devkitpro/devkitarm/bin/../lib/gcc/arm-none-eabi/12.1.0/thumb/crtn.o
OUTPUT(C:/Users/Iain/Documents/EmulatedGames/Wreck-of-the-Defiance/DS/defiance.elf elf32-littlearm)
LOAD linker stubs

.debug_loclists
                0x0000000000000000     0x2dc6
 .debug_loclists
                0x0000000000000000       0xf2 Engine.o
 .debug_loclists
                0x00000000000000f2       0x88 main.o
 .debug_loclists
                0x000000000000017a       0x8f C:/devkitPro/libnds/lib\libnds9.a(touch.o)
 .debug_loclists
                0x0000000000000209     0x121a C:/devkitPro/libnds/lib\libnds9.a(sprite_alloc.o)
 .debug_loclists
                0x0000000000001423      0x5a6 C:/devkitPro/libnds/lib\libnds9.a(sprite.o)
 .debug_loclists
                0x00000000000019c9       0x17 C:/devkitPro/libnds/lib\libnds9.a(keys.o)
 .debug_loclists
                0x00000000000019e0       0xc5 C:/devkitPro/libnds/lib\libnds9.a(initSystem.o)
 .debug_loclists
                0x0000000000001aa5      0x1a5 C:/devkitPro/libnds/lib\libnds9.a(interrupts.o)
 .debug_loclists
                0x0000000000001c4a       0x48 C:/devkitPro/libnds/lib\libnds9.a(libnds_exit.arm.o)
 .debug_loclists
                0x0000000000001c92      0xe1a C:/devkitPro/libnds/lib\libnds9.a(fifosystem.o)
 .debug_loclists
                0x0000000000002aac      0x1da C:/devkitPro/libnds/lib\libnds9.a(video.o)
 .debug_loclists
                0x0000000000002c86      0x140 C:/devkitPro/libnds/lib\libnds9.a(system.o)

.debug_rnglists
                0x0000000000000000      0xdda
 .debug_rnglists
                0x0000000000000000       0x56 Engine.o
 .debug_rnglists
                0x0000000000000056       0x37 main.o
 .debug_rnglists
                0x000000000000008d       0x28 C:/devkitPro/libnds/lib\libnds9.a(touch.o)
 .debug_rnglists
                0x00000000000000b5      0x788 C:/devkitPro/libnds/lib\libnds9.a(sprite_alloc.o)
 .debug_rnglists
                0x000000000000083d       0x7b C:/devkitPro/libnds/lib\libnds9.a(sprite.o)
 .debug_rnglists
                0x00000000000008b8       0x44 C:/devkitPro/libnds/lib\libnds9.a(keys.o)
 .debug_rnglists
                0x00000000000008fc       0x20 C:/devkitPro/libnds/lib\libnds9.a(initSystem.o)
 .debug_rnglists
                0x000000000000091c       0x8b C:/devkitPro/libnds/lib\libnds9.a(interrupts.o)
 .debug_rnglists
                0x00000000000009a7       0x19 C:/devkitPro/libnds/lib\libnds9.a(libnds_exit.arm.o)
 .debug_rnglists
                0x00000000000009c0      0x2a4 C:/devkitPro/libnds/lib\libnds9.a(fifosystem.o)
 .debug_rnglists
                0x0000000000000c64       0x25 C:/devkitPro/libnds/lib\libnds9.a(dcache.o)
 .debug_rnglists
                0x0000000000000c89       0x20 C:/devkitPro/libnds/lib\libnds9.a(mpu_setup.o)
 .debug_rnglists
                0x0000000000000ca9       0x19 C:/devkitPro/libnds/lib\libnds9.a(IntrWait.o)
 .debug_rnglists
                0x0000000000000cc2       0x3e C:/devkitPro/libnds/lib\libnds9.a(video.o)
 .debug_rnglists
                0x0000000000000d00       0x49 C:/devkitPro/libnds/lib\libnds9.a(system.o)
 .debug_rnglists
                0x0000000000000d49       0x91 C:/devkitPro/libnds/lib\libnds9.a(biosCalls.o)

.debug_line_str
                0x0000000000000000      0x177
 .debug_line_str
                0x0000000000000000       0x64 C:/devkitPro/libnds/lib\libnds9.a(dcache.o)
                                         0xc8 (size before relaxing)
 .debug_line_str
                0x0000000000000064       0x6e C:/devkitPro/libnds/lib\libnds9.a(mpu_setup.o)
                                         0xdc (size before relaxing)
 .debug_line_str
                0x00000000000000d2        0xb C:/devkitPro/libnds/lib\libnds9.a(IntrWait.o)
                                         0xda (size before relaxing)
 .debug_line_str
                0x00000000000000dd        0xc C:/devkitPro/libnds/lib\libnds9.a(cpu_clock.o)
                                         0xdc (size before relaxing)
 .debug_line_str
                0x00000000000000e9       0x73 C:/devkitPro/libnds/lib\libnds9.a(interruptDispatcher.o)
                                         0xe6 (size before relaxing)
 .debug_line_str
                0x000000000000015c        0xf C:/devkitPro/libnds/lib\libnds9.a(swiSoftReset.o)
                                         0xd8 (size before relaxing)
 .debug_line_str
                0x000000000000016b        0xc C:/devkitPro/libnds/lib\libnds9.a(biosCalls.o)
                                         0xd2 (size before relaxing)
