Archive member included to satisfy reference by file (symbol)

C:/devkitPro/libnds/lib\libnds9.a(touch.o)
                              main.o (touchRead)
C:/devkitPro/libnds/lib\libnds9.a(sprite_alloc.o)
                              main.o (oamAllocateGfx)
C:/devkitPro/libnds/lib\libnds9.a(sprite.o)
                              main.o (oamInit)
C:/devkitPro/libnds/lib\libnds9.a(keys.o)
                              main.o (scanKeys)
C:/devkitPro/libnds/lib\libnds9.a(initSystem.o)
                              c:/devkitpro/devkitarm/bin/../lib/gcc/arm-none-eabi/12.1.0/../../../../arm-none-eabi/lib/thumb/ds_arm9_crt0.o (initSystem)
C:/devkitPro/libnds/lib\libnds9.a(securearea.o)
                              c:/devkitpro/devkitarm/bin/../lib/gcc/arm-none-eabi/12.1.0/../../../../arm-none-eabi/lib/thumb/ds_arm9_crt0.o (__secure_area__)
C:/devkitPro/libnds/lib\libnds9.a(interrupts.o)
                              C:/devkitPro/libnds/lib\libnds9.a(initSystem.o) (irqInit)
C:/devkitPro/libnds/lib\libnds9.a(libnds_exit.arm.o)
                              c:/devkitpro/devkitarm/bin/../lib/gcc/arm-none-eabi/12.1.0/../../../../arm-none-eabi/lib/thumb/ds_arm9_crt0.o (__libnds_exit)
C:/devkitPro/libnds/lib\libnds9.a(fifosystem.o)
                              C:/devkitPro/libnds/lib\libnds9.a(initSystem.o) (fifoSetValue32Handler)
C:/devkitPro/libnds/lib\libnds9.a(dcache.o)
                              C:/devkitPro/libnds/lib\libnds9.a(sprite.o) (DC_FlushRange)
C:/devkitPro/libnds/lib\libnds9.a(mpu_setup.o)
                              c:/devkitpro/devkitarm/bin/../lib/gcc/arm-none-eabi/12.1.0/../../../../arm-none-eabi/lib/thumb/ds_arm9_crt0.o (__libnds_mpu_setup)
C:/devkitPro/libnds/lib\libnds9.a(IntrWait.o)
                              main.o (swiWaitForVBlank)
C:/devkitPro/libnds/lib\libnds9.a(cpu_clock.o)
                              C:/devkitPro/libnds/lib\libnds9.a(initSystem.o) (setCpuClock)
C:/devkitPro/libnds/lib\libnds9.a(interruptDispatcher.o)
                              C:/devkitPro/libnds/lib\libnds9.a(interrupts.o) (IntrMain)
C:/devkitPro/libnds/lib\libnds9.a(swiSoftReset.o)
                              C:/devkitPro/libnds/lib\libnds9.a(fifosystem.o) (swiSoftReset)
C:/devkitPro/libnds/lib\libnds9.a(trig.o)
                              C:/devkitPro/libnds/lib\libnds9.a(sprite.o) (sinLerp)
C:/devkitPro/libnds/lib\libnds9.a(video.o)
                              C:/devkitPro/libnds/lib\libnds9.a(initSystem.o) (vramDefault)
C:/devkitPro/libnds/lib\libnds9.a(system.o)
                              C:/devkitPro/libnds/lib\libnds9.a(initSystem.o) (systemValueHandler)
C:/devkitPro/libnds/lib\libnds9.a(biosCalls.o)
                              C:/devkitPro/libnds/lib\libnds9.a(system.o) (swiDelay)
c:/devkitpro/devkitarm/bin/../lib/gcc/arm-none-eabi/12.1.0/../../../../arm-none-eabi/lib/thumb\libg.a(lib_a-bsearch.o)
                              C:/devkitPro/libnds/lib\libnds9.a(trig.o) (bsearch)
c:/devkitpro/devkitarm/bin/../lib/gcc/arm-none-eabi/12.1.0/../../../../arm-none-eabi/lib/thumb\libg.a(lib_a-init.o)
                              c:/devkitpro/devkitarm/bin/../lib/gcc/arm-none-eabi/12.1.0/../../../../arm-none-eabi/lib/thumb/ds_arm9_crt0.o (__libc_init_array)
c:/devkitpro/devkitarm/bin/../lib/gcc/arm-none-eabi/12.1.0/../../../../arm-none-eabi/lib/thumb\libg.a(lib_a-malloc.o)
                              C:/devkitPro/libnds/lib\libnds9.a(sprite_alloc.o) (malloc)
c:/devkitpro/devkitarm/bin/../lib/gcc/arm-none-eabi/12.1.0/../../../../arm-none-eabi/lib/thumb\libg.a(lib_a-mallocr.o)
                              c:/devkitpro/devkitarm/bin/../lib/gcc/arm-none-eabi/12.1.0/../../../../arm-none-eabi/lib/thumb\libg.a(lib_a-malloc.o) (_malloc_r)
c:/devkitpro/devkitarm/bin/../lib/gcc/arm-none-eabi/12.1.0/../../../../arm-none-eabi/lib/thumb\libg.a(lib_a-memcpy-stub.o)
                              C:/devkitPro/libnds/lib\libnds9.a(fifosystem.o) (memcpy)
c:/devkitpro/devkitarm/bin/../lib/gcc/arm-none-eabi/12.1.0/../../../../arm-none-eabi/lib/thumb\libg.a(lib_a-memset.o)
                              main.o (memset)
c:/devkitpro/devkitarm/bin/../lib/gcc/arm-none-eabi/12.1.0/../../../../arm-none-eabi/lib/thumb\libg.a(lib_a-mlock.o)
                              c:/devkitpro/devkitarm/bin/../lib/gcc/arm-none-eabi/12.1.0/../../../../arm-none-eabi/lib/thumb\libg.a(lib_a-mallocr.o) (__malloc_lock)
c:/devkitpro/devkitarm/bin/../lib/gcc/arm-none-eabi/12.1.0/../../../../arm-none-eabi/lib/thumb\libg.a(lib_a-realloc.o)
                              C:/devkitPro/libnds/lib\libnds9.a(sprite_alloc.o) (realloc)
c:/devkitpro/devkitarm/bin/../lib/gcc/arm-none-eabi/12.1.0/../../../../arm-none-eabi/lib/thumb\libg.a(lib_a-reallocr.o)
                              c:/devkitpro/devkitarm/bin/../lib/gcc/arm-none-eabi/12.1.0/../../../../arm-none-eabi/lib/thumb\libg.a(lib_a-realloc.o) (_realloc_r)
c:/devkitpro/devkitarm/bin/../lib/gcc/arm-none-eabi/12.1.0/../../../../arm-none-eabi/lib/thumb\libg.a(lib_a-freer.o)
                              c:/devkitpro/devkitarm/bin/../lib/gcc/arm-none-eabi/12.1.0/../../../../arm-none-eabi/lib/thumb\libg.a(lib_a-malloc.o) (_free_r)
c:/devkitpro/devkitarm/bin/../lib/gcc/arm-none-eabi/12.1.0/../../../../arm-none-eabi/lib/thumb\libg.a(lib_a-memmove.o)
                              c:/devkitpro/devkitarm/bin/../lib/gcc/arm-none-eabi/12.1.0/../../../../arm-none-eabi/lib/thumb\libg.a(lib_a-reallocr.o) (memmove)
c:/devkitpro/devkitarm/bin/../lib/gcc/arm-none-eabi/12.1.0/../../../../arm-none-eabi/lib/thumb\libsysbase.a(sbrk.o)
                              c:/devkitpro/devkitarm/bin/../lib/gcc/arm-none-eabi/12.1.0/../../../../arm-none-eabi/lib/thumb\libg.a(lib_a-mallocr.o) (_sbrk_r)
c:/devkitpro/devkitarm/bin/../lib/gcc/arm-none-eabi/12.1.0/../../../../arm-none-eabi/lib/thumb\libsysbase.a(malloc_vars.o)
                              c:/devkitpro/devkitarm/bin/../lib/gcc/arm-none-eabi/12.1.0/../../../../arm-none-eabi/lib/thumb/ds_arm9_crt0.o (fake_heap_start)
c:/devkitpro/devkitarm/bin/../lib/gcc/arm-none-eabi/12.1.0/../../../../arm-none-eabi/lib/thumb\libsysbase.a(build_argv.o)
                              c:/devkitpro/devkitarm/bin/../lib/gcc/arm-none-eabi/12.1.0/../../../../arm-none-eabi/lib/thumb/ds_arm9_crt0.o (build_argv)
c:/devkitpro/devkitarm/bin/../lib/gcc/arm-none-eabi/12.1.0/../../../../arm-none-eabi/lib/thumb\libsysbase.a(getreent.o)
                              c:/devkitpro/devkitarm/bin/../lib/gcc/arm-none-eabi/12.1.0/../../../../arm-none-eabi/lib/thumb\libg.a(lib_a-malloc.o) (__getreent)
c:/devkitpro/devkitarm/bin/../lib/gcc/arm-none-eabi/12.1.0/../../../../arm-none-eabi/lib/thumb\libsysbase.a(syscall_support.o)
                              c:/devkitpro/devkitarm/bin/../lib/gcc/arm-none-eabi/12.1.0/../../../../arm-none-eabi/lib/thumb\libg.a(lib_a-mlock.o) (__libc_lock_acquire_recursive)
c:/devkitpro/devkitarm/bin/../lib/gcc/arm-none-eabi/12.1.0/../../../../arm-none-eabi/lib/thumb\libg.a(lib_a-impure.o)
                              c:/devkitpro/devkitarm/bin/../lib/gcc/arm-none-eabi/12.1.0/../../../../arm-none-eabi/lib/thumb\libsysbase.a(getreent.o) (_impure_ptr)

Discarded input sections

 .text          0x0000000000000000        0x0 c:/devkitpro/devkitarm/bin/../lib/gcc/arm-none-eabi/12.1.0/../../../../arm-none-eabi/lib/thumb/ds_arm9_crt0.o
 .data          0x0000000000000000        0x0 c:/devkitpro/devkitarm/bin/../lib/gcc/arm-none-eabi/12.1.0/../../../../arm-none-eabi/lib/thumb/ds_arm9_crt0.o
 .bss           0x0000000000000000        0x0 c:/devkitpro/devkitarm/bin/../lib/gcc/arm-none-eabi/12.1.0/../../../../arm-none-eabi/lib/thumb/ds_arm9_crt0.o
 .text          0x0000000000000000        0x0 c:/devkitpro/devkitarm/bin/../lib/gcc/arm-none-eabi/12.1.0/thumb/crti.o
 .data          0x0000000000000000        0x0 c:/devkitpro/devkitarm/bin/../lib/gcc/arm-none-eabi/12.1.0/thumb/crti.o
 .bss           0x0000000000000000        0x0 c:/devkitpro/devkitarm/bin/../lib/gcc/arm-none-eabi/12.1.0/thumb/crti.o
 .text          0x0000000000000000        0x0 c:/devkitpro/devkitarm/bin/../lib/gcc/arm-none-eabi/12.1.0/thumb/crtbegin.o
 .data          0x0000000000000000        0x0 c:/devkitpro/devkitarm/bin/../lib/gcc/arm-none-eabi/12.1.0/thumb/crtbegin.o
 .bss           0x0000000000000000        0x0 c:/devkitpro/devkitarm/bin/../lib/gcc/arm-none-eabi/12.1.0/thumb/crtbegin.o
 .rodata.all_implied_fbits
                0x0000000000000000       0x24 c:/devkitpro/devkitarm/bin/../lib/gcc/arm-none-eabi/12.1.0/thumb/crtbegin.o
 .data.__dso_handle
                0x0000000000000000        0x4 c:/devkitpro/devkitarm/bin/../lib/gcc/arm-none-eabi/12.1.0/thumb/crtbegin.o
 .text          0x0000000000000000        0x4 main.o
 .data          0x0000000000000000        0x0 main.o
 .bss           0x0000000000000000        0x0 main.o
 .text          0x0000000000000000        0x0 C:/devkitPro/libnds/lib\libnds9.a(touch.o)
 .data          0x0000000000000000        0x0 C:/devkitPro/libnds/lib\libnds9.a(touch.o)
 .bss           0x0000000000000000        0x0 C:/devkitPro/libnds/lib\libnds9.a(touch.o)
 .text.touchReadXY
                0x0000000000000000       0x24 C:/devkitPro/libnds/lib\libnds9.a(touch.o)
 .text          0x0000000000000000        0x0 C:/devkitPro/libnds/lib\libnds9.a(sprite_alloc.o)
 .data          0x0000000000000000        0x0 C:/devkitPro/libnds/lib\libnds9.a(sprite_alloc.o)
 .bss           0x0000000000000000        0x0 C:/devkitPro/libnds/lib\libnds9.a(sprite_alloc.o)
 .text.oamFreeGfx
                0x0000000000000000      0x438 C:/devkitPro/libnds/lib\libnds9.a(sprite_alloc.o)
 .text.oamCountFragments
                0x0000000000000000       0x7c C:/devkitPro/libnds/lib\libnds9.a(sprite_alloc.o)
 .text          0x0000000000000000        0x0 C:/devkitPro/libnds/lib\libnds9.a(sprite.o)
 .data          0x0000000000000000        0x0 C:/devkitPro/libnds/lib\libnds9.a(sprite.o)
 .bss           0x0000000000000000        0x0 C:/devkitPro/libnds/lib\libnds9.a(sprite.o)
 .text.oamDisable
                0x0000000000000000       0x2c C:/devkitPro/libnds/lib\libnds9.a(sprite.o)
 .text.oamEnable
                0x0000000000000000       0x24 C:/devkitPro/libnds/lib\libnds9.a(sprite.o)
 .text.oamClear
                0x0000000000000000       0x24 C:/devkitPro/libnds/lib\libnds9.a(sprite.o)
 .text.oamRotateScale
                0x0000000000000000       0x4c C:/devkitPro/libnds/lib\libnds9.a(sprite.o)
 .text          0x0000000000000000        0x0 C:/devkitPro/libnds/lib\libnds9.a(keys.o)
 .data          0x0000000000000000        0x0 C:/devkitPro/libnds/lib\libnds9.a(keys.o)
 .bss           0x0000000000000000        0x0 C:/devkitPro/libnds/lib\libnds9.a(keys.o)
 .text.keysDown
                0x0000000000000000       0x14 C:/devkitPro/libnds/lib\libnds9.a(keys.o)
 .text.keysDownRepeat
                0x0000000000000000       0x10 C:/devkitPro/libnds/lib\libnds9.a(keys.o)
 .text.keysSetRepeat
                0x0000000000000000       0x24 C:/devkitPro/libnds/lib\libnds9.a(keys.o)
 .text.keysUp   0x0000000000000000       0x18 C:/devkitPro/libnds/lib\libnds9.a(keys.o)
 .text.keysCurrent
                0x0000000000000000       0x38 C:/devkitPro/libnds/lib\libnds9.a(keys.o)
 .text          0x0000000000000000        0x0 C:/devkitPro/libnds/lib\libnds9.a(initSystem.o)
 .data          0x0000000000000000        0x0 C:/devkitPro/libnds/lib\libnds9.a(initSystem.o)
 .bss           0x0000000000000000        0x0 C:/devkitPro/libnds/lib\libnds9.a(initSystem.o)
 .text.__syscall_gettod_r
                0x0000000000000000       0x28 C:/devkitPro/libnds/lib\libnds9.a(initSystem.o)
 .text.__syscall_exit
                0x0000000000000000        0x8 C:/devkitPro/libnds/lib\libnds9.a(initSystem.o)
 .text          0x0000000000000000        0x0 C:/devkitPro/libnds/lib\libnds9.a(securearea.o)
 .data          0x0000000000000000        0x0 C:/devkitPro/libnds/lib\libnds9.a(securearea.o)
 .bss           0x0000000000000000        0x0 C:/devkitPro/libnds/lib\libnds9.a(securearea.o)
 .text          0x0000000000000000        0x0 C:/devkitPro/libnds/lib\libnds9.a(interrupts.o)
 .data          0x0000000000000000        0x0 C:/devkitPro/libnds/lib\libnds9.a(interrupts.o)
 .bss           0x0000000000000000        0x0 C:/devkitPro/libnds/lib\libnds9.a(interrupts.o)
 .text.irqInitHandler
                0x0000000000000000       0x28 C:/devkitPro/libnds/lib\libnds9.a(interrupts.o)
 .text.irqDisable
                0x0000000000000000       0x64 C:/devkitPro/libnds/lib\libnds9.a(interrupts.o)
 .text.irqClear
                0x0000000000000000       0x38 C:/devkitPro/libnds/lib\libnds9.a(interrupts.o)
 .text          0x0000000000000000        0x0 C:/devkitPro/libnds/lib\libnds9.a(libnds_exit.arm.o)
 .data          0x0000000000000000        0x0 C:/devkitPro/libnds/lib\libnds9.a(libnds_exit.arm.o)
 .bss           0x0000000000000000        0x0 C:/devkitPro/libnds/lib\libnds9.a(libnds_exit.arm.o)
 .text          0x0000000000000000        0x0 C:/devkitPro/libnds/lib\libnds9.a(fifosystem.o)
 .data          0x0000000000000000        0x0 C:/devkitPro/libnds/lib\libnds9.a(fifosystem.o)
 .bss           0x0000000000000000        0x0 C:/devkitPro/libnds/lib\libnds9.a(fifosystem.o)
 .text.fifoSendAddress
                0x0000000000000000       0x38 C:/devkitPro/libnds/lib\libnds9.a(fifosystem.o)
 .text.fifoSendDatamsg
                0x0000000000000000       0x90 C:/devkitPro/libnds/lib\libnds9.a(fifosystem.o)
 .text.fifoGetAddress
                0x0000000000000000       0x7c C:/devkitPro/libnds/lib\libnds9.a(fifosystem.o)
 .text.fifoSetAddressHandler
                0x0000000000000000       0x78 C:/devkitPro/libnds/lib\libnds9.a(fifosystem.o)
 .text.fifoGetValue32
                0x0000000000000000       0x70 C:/devkitPro/libnds/lib\libnds9.a(fifosystem.o)
 .text.fifoCheckAddress
                0x0000000000000000       0x24 C:/devkitPro/libnds/lib\libnds9.a(fifosystem.o)
 .text.fifoCheckDatamsg
                0x0000000000000000       0x24 C:/devkitPro/libnds/lib\libnds9.a(fifosystem.o)
 .text.fifoCheckDatamsgLength
                0x0000000000000000       0x30 C:/devkitPro/libnds/lib\libnds9.a(fifosystem.o)
 .text.fifoCheckValue32
                0x0000000000000000       0x24 C:/devkitPro/libnds/lib\libnds9.a(fifosystem.o)
 .text          0x0000000000000000        0x0 C:/devkitPro/libnds/lib\libnds9.a(dcache.o)
 .data          0x0000000000000000        0x0 C:/devkitPro/libnds/lib\libnds9.a(dcache.o)
 .bss           0x0000000000000000        0x0 C:/devkitPro/libnds/lib\libnds9.a(dcache.o)
 .text.DC_FlushAll
                0x0000000000000000       0x2c C:/devkitPro/libnds/lib\libnds9.a(dcache.o)
 .text.DC_InvalidateAll
                0x0000000000000000        0xc C:/devkitPro/libnds/lib\libnds9.a(dcache.o)
 .text.DC_InvalidateRange
                0x0000000000000000       0x2c C:/devkitPro/libnds/lib\libnds9.a(dcache.o)
 .text          0x0000000000000000        0x0 C:/devkitPro/libnds/lib\libnds9.a(mpu_setup.o)
 .bss           0x0000000000000000        0x0 C:/devkitPro/libnds/lib\libnds9.a(mpu_setup.o)
 .text.memCached
                0x0000000000000000       0x20 C:/devkitPro/libnds/lib\libnds9.a(mpu_setup.o)
 .text          0x0000000000000000        0x0 C:/devkitPro/libnds/lib\libnds9.a(IntrWait.o)
 .data          0x0000000000000000        0x0 C:/devkitPro/libnds/lib\libnds9.a(IntrWait.o)
 .bss           0x0000000000000000        0x0 C:/devkitPro/libnds/lib\libnds9.a(IntrWait.o)
 .text          0x0000000000000000        0x0 C:/devkitPro/libnds/lib\libnds9.a(cpu_clock.o)
 .data          0x0000000000000000        0x0 C:/devkitPro/libnds/lib\libnds9.a(cpu_clock.o)
 .bss           0x0000000000000000        0x0 C:/devkitPro/libnds/lib\libnds9.a(cpu_clock.o)
 .itcm          0x0000000000000000        0x0 C:/devkitPro/libnds/lib\libnds9.a(cpu_clock.o)
 .text          0x0000000000000000        0x0 C:/devkitPro/libnds/lib\libnds9.a(interruptDispatcher.o)
 .data          0x0000000000000000        0x0 C:/devkitPro/libnds/lib\libnds9.a(interruptDispatcher.o)
 .bss           0x0000000000000000        0x0 C:/devkitPro/libnds/lib\libnds9.a(interruptDispatcher.o)
 .text          0x0000000000000000        0x0 C:/devkitPro/libnds/lib\libnds9.a(swiSoftReset.o)
 .data          0x0000000000000000        0x0 C:/devkitPro/libnds/lib\libnds9.a(swiSoftReset.o)
 .bss           0x0000000000000000        0x0 C:/devkitPro/libnds/lib\libnds9.a(swiSoftReset.o)
 .text          0x0000000000000000        0x0 C:/devkitPro/libnds/lib\libnds9.a(trig.o)
 .data          0x0000000000000000        0x0 C:/devkitPro/libnds/lib\libnds9.a(trig.o)
 .bss           0x0000000000000000        0x0 C:/devkitPro/libnds/lib\libnds9.a(trig.o)
 .text.asinComp
                0x0000000000000000       0x24 C:/devkitPro/libnds/lib\libnds9.a(trig.o)
 .text.sinLutLookup
                0x0000000000000000       0x4c C:/devkitPro/libnds/lib\libnds9.a(trig.o)
 .text.sinLerp  0x0000000000000000       0x40 C:/devkitPro/libnds/lib\libnds9.a(trig.o)
 .text.cosLerp  0x0000000000000000       0x4c C:/devkitPro/libnds/lib\libnds9.a(trig.o)
 .text.tanLutLookup
                0x0000000000000000       0x30 C:/devkitPro/libnds/lib\libnds9.a(trig.o)
 .text.tanLerp  0x0000000000000000       0xb0 C:/devkitPro/libnds/lib\libnds9.a(trig.o)
 .text.asinLerp
                0x0000000000000000       0x98 C:/devkitPro/libnds/lib\libnds9.a(trig.o)
 .text.acosLerp
                0x0000000000000000       0xa4 C:/devkitPro/libnds/lib\libnds9.a(trig.o)
 .text.atanComp
                0x0000000000000000       0x24 C:/devkitPro/libnds/lib\libnds9.a(trig.o)
 .rodata.SIN_LUT
                0x0000000000000000      0x102 C:/devkitPro/libnds/lib\libnds9.a(trig.o)
 .rodata.TAN_LUT
                0x0000000000000000      0x204 C:/devkitPro/libnds/lib\libnds9.a(trig.o)
 .debug_info    0x0000000000000000      0x793 C:/devkitPro/libnds/lib\libnds9.a(trig.o)
 .debug_abbrev  0x0000000000000000      0x26e C:/devkitPro/libnds/lib\libnds9.a(trig.o)
 .debug_loclists
                0x0000000000000000      0x779 C:/devkitPro/libnds/lib\libnds9.a(trig.o)
 .debug_aranges
                0x0000000000000000       0x60 C:/devkitPro/libnds/lib\libnds9.a(trig.o)
 .debug_rnglists
                0x0000000000000000       0x9d C:/devkitPro/libnds/lib\libnds9.a(trig.o)
 .debug_line    0x0000000000000000      0x837 C:/devkitPro/libnds/lib\libnds9.a(trig.o)
 .debug_str     0x0000000000000000      0x2fc C:/devkitPro/libnds/lib\libnds9.a(trig.o)
 .comment       0x0000000000000000       0x24 C:/devkitPro/libnds/lib\libnds9.a(trig.o)
 .debug_frame   0x0000000000000000       0xd8 C:/devkitPro/libnds/lib\libnds9.a(trig.o)
 .ARM.attributes
                0x0000000000000000       0x2b C:/devkitPro/libnds/lib\libnds9.a(trig.o)
 .text          0x0000000000000000        0x0 C:/devkitPro/libnds/lib\libnds9.a(video.o)
 .data          0x0000000000000000        0x0 C:/devkitPro/libnds/lib\libnds9.a(video.o)
 .bss           0x0000000000000000        0x0 C:/devkitPro/libnds/lib\libnds9.a(video.o)
 .text.vramSetPrimaryBanks
                0x0000000000000000       0x44 C:/devkitPro/libnds/lib\libnds9.a(video.o)
 .text.vramSetMainBanks
                0x0000000000000000       0x44 C:/devkitPro/libnds/lib\libnds9.a(video.o)
 .text.vramSetBanks_EFG
                0x0000000000000000       0x38 C:/devkitPro/libnds/lib\libnds9.a(video.o)
 .text.vramRestorePrimaryBanks
                0x0000000000000000        0xc C:/devkitPro/libnds/lib\libnds9.a(video.o)
 .text.vramRestoreMainBanks
                0x0000000000000000        0xc C:/devkitPro/libnds/lib\libnds9.a(video.o)
 .text.vramRestoreBanks_EFG
                0x0000000000000000        0xc C:/devkitPro/libnds/lib\libnds9.a(video.o)
 .text.setBrightness
                0x0000000000000000       0x40 C:/devkitPro/libnds/lib\libnds9.a(video.o)
 .text          0x0000000000000000        0x0 C:/devkitPro/libnds/lib\libnds9.a(system.o)
 .data          0x0000000000000000        0x0 C:/devkitPro/libnds/lib\libnds9.a(system.o)
 .bss           0x0000000000000000        0x0 C:/devkitPro/libnds/lib\libnds9.a(system.o)
 .text.setSDcallback
                0x0000000000000000        0xc C:/devkitPro/libnds/lib\libnds9.a(system.o)
 .text.systemSleep
                0x0000000000000000       0x18 C:/devkitPro/libnds/lib\libnds9.a(system.o)
 .text.powerOff
                0x0000000000000000       0x28 C:/devkitPro/libnds/lib\libnds9.a(system.o)
 .text.ledBlink
                0x0000000000000000       0x10 C:/devkitPro/libnds/lib\libnds9.a(system.o)
 .text.getBatteryLevel
                0x0000000000000000       0x20 C:/devkitPro/libnds/lib\libnds9.a(system.o)
 .text.enableSlot1
                0x0000000000000000       0x1c C:/devkitPro/libnds/lib\libnds9.a(system.o)
 .text.disableSlot1
                0x0000000000000000       0x1c C:/devkitPro/libnds/lib\libnds9.a(system.o)
 .text          0x0000000000000000        0x0 C:/devkitPro/libnds/lib\libnds9.a(biosCalls.o)
 .data          0x0000000000000000        0x0 C:/devkitPro/libnds/lib\libnds9.a(biosCalls.o)
 .bss           0x0000000000000000        0x0 C:/devkitPro/libnds/lib\libnds9.a(biosCalls.o)
 .text.swiSleep
                0x0000000000000000        0x4 C:/devkitPro/libnds/lib\libnds9.a(biosCalls.o)
 .text.swiChangeSoundBias
                0x0000000000000000        0x4 C:/devkitPro/libnds/lib\libnds9.a(biosCalls.o)
 .text.swiDivide
                0x0000000000000000        0x4 C:/devkitPro/libnds/lib\libnds9.a(biosCalls.o)
 .text.swiRemainder
                0x0000000000000000        0x8 C:/devkitPro/libnds/lib\libnds9.a(biosCalls.o)
 .text.swiDivMod
                0x0000000000000000        0xc C:/devkitPro/libnds/lib\libnds9.a(biosCalls.o)
 .text.swiCopy  0x0000000000000000        0x4 C:/devkitPro/libnds/lib\libnds9.a(biosCalls.o)
 .text.swiFastCopy
                0x0000000000000000        0x4 C:/devkitPro/libnds/lib\libnds9.a(biosCalls.o)
 .text.swiSqrt  0x0000000000000000        0x4 C:/devkitPro/libnds/lib\libnds9.a(biosCalls.o)
 .text.swiCRC16
                0x0000000000000000        0x4 C:/devkitPro/libnds/lib\libnds9.a(biosCalls.o)
 .text.swiIsDebugger
                0x0000000000000000        0x4 C:/devkitPro/libnds/lib\libnds9.a(biosCalls.o)
 .text.swiUnpackBits
                0x0000000000000000        0x4 C:/devkitPro/libnds/lib\libnds9.a(biosCalls.o)
 .text.swiDecompressLZSSWram
                0x0000000000000000        0x4 C:/devkitPro/libnds/lib\libnds9.a(biosCalls.o)
 .text.swiDecompressLZSSVramNTR
                0x0000000000000000        0x4 C:/devkitPro/libnds/lib\libnds9.a(biosCalls.o)
 .text.swiDecompressLZSSVramTWL
                0x0000000000000000        0x4 C:/devkitPro/libnds/lib\libnds9.a(biosCalls.o)
 .text.swiDecompressHuffman
                0x0000000000000000        0x4 C:/devkitPro/libnds/lib\libnds9.a(biosCalls.o)
 .text.swiDecompressRLEWram
                0x0000000000000000        0x4 C:/devkitPro/libnds/lib\libnds9.a(biosCalls.o)
 .text.swiDecompressRLEVram
                0x0000000000000000        0x4 C:/devkitPro/libnds/lib\libnds9.a(biosCalls.o)
 .text.swiWaitForIRQ
                0x0000000000000000        0x4 C:/devkitPro/libnds/lib\libnds9.a(biosCalls.o)
 .text.swiDecodeDelta8
                0x0000000000000000        0x4 C:/devkitPro/libnds/lib\libnds9.a(biosCalls.o)
 .text.swiDecodeDelta16
                0x0000000000000000        0x4 C:/devkitPro/libnds/lib\libnds9.a(biosCalls.o)
 .text.swiSetHaltCR
                0x0000000000000000        0x4 C:/devkitPro/libnds/lib\libnds9.a(biosCalls.o)
 .text          0x0000000000000000        0x0 c:/devkitpro/devkitarm/bin/../lib/gcc/arm-none-eabi/12.1.0/../../../../arm-none-eabi/lib/thumb\libg.a(lib_a-bsearch.o)
 .data          0x0000000000000000        0x0 c:/devkitpro/devkitarm/bin/../lib/gcc/arm-none-eabi/12.1.0/../../../../arm-none-eabi/lib/thumb\libg.a(lib_a-bsearch.o)
 .bss           0x0000000000000000        0x0 c:/devkitpro/devkitarm/bin/../lib/gcc/arm-none-eabi/12.1.0/../../../../arm-none-eabi/lib/thumb\libg.a(lib_a-bsearch.o)
 .text.bsearch  0x0000000000000000       0x60 c:/devkitpro/devkitarm/bin/../lib/gcc/arm-none-eabi/12.1.0/../../../../arm-none-eabi/lib/thumb\libg.a(lib_a-bsearch.o)
 .comment       0x0000000000000000       0x24 c:/devkitpro/devkitarm/bin/../lib/gcc/arm-none-eabi/12.1.0/../../../../arm-none-eabi/lib/thumb\libg.a(lib_a-bsearch.o)
 .ARM.attributes
                0x0000000000000000       0x2a c:/devkitpro/devkitarm/bin/../lib/gcc/arm-none-eabi/12.1.0/../../../../arm-none-eabi/lib/thumb\libg.a(lib_a-bsearch.o)
 .text          0x0000000000000000        0x0 c:/devkitpro/devkitarm/bin/../lib/gcc/arm-none-eabi/12.1.0/../../../../arm-none-eabi/lib/thumb\libg.a(lib_a-init.o)
 .data          0x0000000000000000        0x0 c:/devkitpro/devkitarm/bin/../lib/gcc/arm-none-eabi/12.1.0/../../../../arm-none-eabi/lib/thumb\libg.a(lib_a-init.o)
 .bss           0x0000000000000000        0x0 c:/devkitpro/devkitarm/bin/../lib/gcc/arm-none-eabi/12.1.0/../../../../arm-none-eabi/lib/thumb\libg.a(lib_a-init.o)
 .text          0x0000000000000000        0x0 c:/devkitpro/devkitarm/bin/../lib/gcc/arm-none-eabi/12.1.0/../../../../arm-none-eabi/lib/thumb\libg.a(lib_a-malloc.o)
 .data          0x0000000000000000        0x0 c:/devkitpro/devkitarm/bin/../lib/gcc/arm-none-eabi/12.1.0/../../../../arm-none-eabi/lib/thumb\libg.a(lib_a-malloc.o)
 .bss           0x0000000000000000        0x0 c:/devkitpro/devkitarm/bin/../lib/gcc/arm-none-eabi/12.1.0/../../../../arm-none-eabi/lib/thumb\libg.a(lib_a-malloc.o)
 .text          0x0000000000000000        0x0 c:/devkitpro/devkitarm/bin/../lib/gcc/arm-none-eabi/12.1.0/../../../../arm-none-eabi/lib/thumb\libg.a(lib_a-mallocr.o)
 .data          0x0000000000000000        0x0 c:/devkitpro/devkitarm/bin/../lib/gcc/arm-none-eabi/12.1.0/../../../../arm-none-eabi/lib/thumb\libg.a(lib_a-mallocr.o)
 .bss           0x0000000000000000        0x0 c:/devkitpro/devkitarm/bin/../lib/gcc/arm-none-eabi/12.1.0/../../../../arm-none-eabi/lib/thumb\libg.a(lib_a-mallocr.o)
 .text          0x0000000000000000        0x0 c:/devkitpro/devkitarm/bin/../lib/gcc/arm-none-eabi/12.1.0/../../../../arm-none-eabi/lib/thumb\libg.a(lib_a-memcpy-stub.o)
 .data          0x0000000000000000        0x0 c:/devkitpro/devkitarm/bin/../lib/gcc/arm-none-eabi/12.1.0/../../../../arm-none-eabi/lib/thumb\libg.a(lib_a-memcpy-stub.o)
 .bss           0x0000000000000000        0x0 c:/devkitpro/devkitarm/bin/../lib/gcc/arm-none-eabi/12.1.0/../../../../arm-none-eabi/lib/thumb\libg.a(lib_a-memcpy-stub.o)
 .text          0x0000000000000000        0x0 c:/devkitpro/devkitarm/bin/../lib/gcc/arm-none-eabi/12.1.0/../../../../arm-none-eabi/lib/thumb\libg.a(lib_a-memset.o)
 .data          0x0000000000000000        0x0 c:/devkitpro/devkitarm/bin/../lib/gcc/arm-none-eabi/12.1.0/../../../../arm-none-eabi/lib/thumb\libg.a(lib_a-memset.o)
 .bss           0x0000000000000000        0x0 c:/devkitpro/devkitarm/bin/../lib/gcc/arm-none-eabi/12.1.0/../../../../arm-none-eabi/lib/thumb\libg.a(lib_a-memset.o)
 .text          0x0000000000000000        0x0 c:/devkitpro/devkitarm/bin/../lib/gcc/arm-none-eabi/12.1.0/../../../../arm-none-eabi/lib/thumb\libg.a(lib_a-mlock.o)
 .data          0x0000000000000000        0x0 c:/devkitpro/devkitarm/bin/../lib/gcc/arm-none-eabi/12.1.0/../../../../arm-none-eabi/lib/thumb\libg.a(lib_a-mlock.o)
 .bss           0x0000000000000000        0x0 c:/devkitpro/devkitarm/bin/../lib/gcc/arm-none-eabi/12.1.0/../../../../arm-none-eabi/lib/thumb\libg.a(lib_a-mlock.o)
 .text          0x0000000000000000        0x0 c:/devkitpro/devkitarm/bin/../lib/gcc/arm-none-eabi/12.1.0/../../../../arm-none-eabi/lib/thumb\libg.a(lib_a-realloc.o)
 .data          0x0000000000000000        0x0 c:/devkitpro/devkitarm/bin/../lib/gcc/arm-none-eabi/12.1.0/../../../../arm-none-eabi/lib/thumb\libg.a(lib_a-realloc.o)
 .bss           0x0000000000000000        0x0 c:/devkitpro/devkitarm/bin/../lib/gcc/arm-none-eabi/12.1.0/../../../../arm-none-eabi/lib/thumb\libg.a(lib_a-realloc.o)
 .text          0x0000000000000000        0x0 c:/devkitpro/devkitarm/bin/../lib/gcc/arm-none-eabi/12.1.0/../../../../arm-none-eabi/lib/thumb\libg.a(lib_a-reallocr.o)
 .data          0x0000000000000000        0x0 c:/devkitpro/devkitarm/bin/../lib/gcc/arm-none-eabi/12.1.0/../../../../arm-none-eabi/lib/thumb\libg.a(lib_a-reallocr.o)
 .bss           0x0000000000000000        0x0 c:/devkitpro/devkitarm/bin/../lib/gcc/arm-none-eabi/12.1.0/../../../../arm-none-eabi/lib/thumb\libg.a(lib_a-reallocr.o)
 .text          0x0000000000000000        0x0 c:/devkitpro/devkitarm/bin/../lib/gcc/arm-none-eabi/12.1.0/../../../../arm-none-eabi/lib/thumb\libg.a(lib_a-freer.o)
 .data          0x0000000000000000        0x0 c:/devkitpro/devkitarm/bin/../lib/gcc/arm-none-eabi/12.1.0/../../../../arm-none-eabi/lib/thumb\libg.a(lib_a-freer.o)
 .bss           0x0000000000000000        0x0 c:/devkitpro/devkitarm/bin/../lib/gcc/arm-none-eabi/12.1.0/../../../../arm-none-eabi/lib/thumb\libg.a(lib_a-freer.o)
 .text          0x0000000000000000        0x0 c:/devkitpro/devkitarm/bin/../lib/gcc/arm-none-eabi/12.1.0/../../../../arm-none-eabi/lib/thumb\libg.a(lib_a-memmove.o)
 .data          0x0000000000000000        0x0 c:/devkitpro/devkitarm/bin/../lib/gcc/arm-none-eabi/12.1.0/../../../../arm-none-eabi/lib/thumb\libg.a(lib_a-memmove.o)
 .bss           0x0000000000000000        0x0 c:/devkitpro/devkitarm/bin/../lib/gcc/arm-none-eabi/12.1.0/../../../../arm-none-eabi/lib/thumb\libg.a(lib_a-memmove.o)
 .text          0x0000000000000000        0x0 c:/devkitpro/devkitarm/bin/../lib/gcc/arm-none-eabi/12.1.0/../../../../arm-none-eabi/lib/thumb\libsysbase.a(sbrk.o)
 .data          0x0000000000000000        0x0 c:/devkitpro/devkitarm/bin/../lib/gcc/arm-none-eabi/12.1.0/../../../../arm-none-eabi/lib/thumb\libsysbase.a(sbrk.o)
 .bss           0x0000000000000000        0x0 c:/devkitpro/devkitarm/bin/../lib/gcc/arm-none-eabi/12.1.0/../../../../arm-none-eabi/lib/thumb\libsysbase.a(sbrk.o)
 .text          0x0000000000000000        0x0 c:/devkitpro/devkitarm/bin/../lib/gcc/arm-none-eabi/12.1.0/../../../../arm-none-eabi/lib/thumb\libsysbase.a(malloc_vars.o)
 .data          0x0000000000000000        0x0 c:/devkitpro/devkitarm/bin/../lib/gcc/arm-none-eabi/12.1.0/../../../../arm-none-eabi/lib/thumb\libsysbase.a(malloc_vars.o)
 .bss           0x0000000000000000        0x0 c:/devkitpro/devkitarm/bin/../lib/gcc/arm-none-eabi/12.1.0/../../../../arm-none-eabi/lib/thumb\libsysbase.a(malloc_vars.o)
 .text          0x0000000000000000        0x0 c:/devkitpro/devkitarm/bin/../lib/gcc/arm-none-eabi/12.1.0/../../../../arm-none-eabi/lib/thumb\libsysbase.a(build_argv.o)
 .data          0x0000000000000000        0x0 c:/devkitpro/devkitarm/bin/../lib/gcc/arm-none-eabi/12.1.0/../../../../arm-none-eabi/lib/thumb\libsysbase.a(build_argv.o)
 .bss           0x0000000000000000        0x0 c:/devkitpro/devkitarm/bin/../lib/gcc/arm-none-eabi/12.1.0/../../../../arm-none-eabi/lib/thumb\libsysbase.a(build_argv.o)
 .text          0x0000000000000000        0x0 c:/devkitpro/devkitarm/bin/../lib/gcc/arm-none-eabi/12.1.0/../../../../arm-none-eabi/lib/thumb\libsysbase.a(getreent.o)
 .data          0x0000000000000000        0x0 c:/devkitpro/devkitarm/bin/../lib/gcc/arm-none-eabi/12.1.0/../../../../arm-none-eabi/lib/thumb\libsysbase.a(getreent.o)
 .bss           0x0000000000000000        0x0 c:/devkitpro/devkitarm/bin/../lib/gcc/arm-none-eabi/12.1.0/../../../../arm-none-eabi/lib/thumb\libsysbase.a(getreent.o)
 .text          0x0000000000000000        0x0 c:/devkitpro/devkitarm/bin/../lib/gcc/arm-none-eabi/12.1.0/../../../../arm-none-eabi/lib/thumb\libsysbase.a(syscall_support.o)
 .data          0x0000000000000000        0x0 c:/devkitpro/devkitarm/bin/../lib/gcc/arm-none-eabi/12.1.0/../../../../arm-none-eabi/lib/thumb\libsysbase.a(syscall_support.o)
 .bss           0x0000000000000000        0x0 c:/devkitpro/devkitarm/bin/../lib/gcc/arm-none-eabi/12.1.0/../../../../arm-none-eabi/lib/thumb\libsysbase.a(syscall_support.o)
 .text.__libc_lock_init
                0x0000000000000000       0x18 c:/devkitpro/devkitarm/bin/../lib/gcc/arm-none-eabi/12.1.0/../../../../arm-none-eabi/lib/thumb\libsysbase.a(syscall_support.o)
 .text.__libc_lock_acquire
                0x0000000000000000       0x18 c:/devkitpro/devkitarm/bin/../lib/gcc/arm-none-eabi/12.1.0/../../../../arm-none-eabi/lib/thumb\libsysbase.a(syscall_support.o)
 .text.__libc_lock_try_acquire
                0x0000000000000000       0x1c c:/devkitpro/devkitarm/bin/../lib/gcc/arm-none-eabi/12.1.0/../../../../arm-none-eabi/lib/thumb\libsysbase.a(syscall_support.o)
 .text.__libc_lock_release
                0x0000000000000000       0x18 c:/devkitpro/devkitarm/bin/../lib/gcc/arm-none-eabi/12.1.0/../../../../arm-none-eabi/lib/thumb\libsysbase.a(syscall_support.o)
 .text.__libc_lock_close
                0x0000000000000000       0x18 c:/devkitpro/devkitarm/bin/../lib/gcc/arm-none-eabi/12.1.0/../../../../arm-none-eabi/lib/thumb\libsysbase.a(syscall_support.o)
 .text.__libc_lock_init_recursive
                0x0000000000000000       0x18 c:/devkitpro/devkitarm/bin/../lib/gcc/arm-none-eabi/12.1.0/../../../../arm-none-eabi/lib/thumb\libsysbase.a(syscall_support.o)
 .text.__libc_lock_try_acquire_recursive
                0x0000000000000000       0x1c c:/devkitpro/devkitarm/bin/../lib/gcc/arm-none-eabi/12.1.0/../../../../arm-none-eabi/lib/thumb\libsysbase.a(syscall_support.o)
 .text.__libc_lock_close_recursive
                0x0000000000000000       0x18 c:/devkitpro/devkitarm/bin/../lib/gcc/arm-none-eabi/12.1.0/../../../../arm-none-eabi/lib/thumb\libsysbase.a(syscall_support.o)
 .text          0x0000000000000000        0x0 c:/devkitpro/devkitarm/bin/../lib/gcc/arm-none-eabi/12.1.0/../../../../arm-none-eabi/lib/thumb\libg.a(lib_a-impure.o)
 .data          0x0000000000000000        0x0 c:/devkitpro/devkitarm/bin/../lib/gcc/arm-none-eabi/12.1.0/../../../../arm-none-eabi/lib/thumb\libg.a(lib_a-impure.o)
 .bss           0x0000000000000000        0x0 c:/devkitpro/devkitarm/bin/../lib/gcc/arm-none-eabi/12.1.0/../../../../arm-none-eabi/lib/thumb\libg.a(lib_a-impure.o)
 .rodata._global_impure_ptr
                0x0000000000000000        0x4 c:/devkitpro/devkitarm/bin/../lib/gcc/arm-none-eabi/12.1.0/../../../../arm-none-eabi/lib/thumb\libg.a(lib_a-impure.o)
 .text          0x0000000000000000        0x0 c:/devkitpro/devkitarm/bin/../lib/gcc/arm-none-eabi/12.1.0/thumb/crtend.o
 .data          0x0000000000000000        0x0 c:/devkitpro/devkitarm/bin/../lib/gcc/arm-none-eabi/12.1.0/thumb/crtend.o
 .bss           0x0000000000000000        0x0 c:/devkitpro/devkitarm/bin/../lib/gcc/arm-none-eabi/12.1.0/thumb/crtend.o
 .rodata.all_implied_fbits
                0x0000000000000000       0x24 c:/devkitpro/devkitarm/bin/../lib/gcc/arm-none-eabi/12.1.0/thumb/crtend.o
 .text          0x0000000000000000        0x0 c:/devkitpro/devkitarm/bin/../lib/gcc/arm-none-eabi/12.1.0/thumb/crtn.o
 .data          0x0000000000000000        0x0 c:/devkitpro/devkitarm/bin/../lib/gcc/arm-none-eabi/12.1.0/thumb/crtn.o
 .bss           0x0000000000000000        0x0 c:/devkitpro/devkitarm/bin/../lib/gcc/arm-none-eabi/12.1.0/thumb/crtn.o

Memory Configuration

Name             Origin             Length             Attributes
ewram            0x0000000002000000 0x0000000000380000
dtcm             0x0000000002ff0000 0x0000000000004000
vectors          0x0000000001000000 0x0000000000000100
itcm             0x0000000001000100 0x0000000000007f00
*default*        0x0000000000000000 0xffffffffffffffff

Linker script and memory map

                0x0000000002380000                __ewram_end = (ORIGIN (ewram) + LENGTH (ewram))
                0x0000000002380000                __eheap_end = (ORIGIN (ewram) + LENGTH (ewram))
                0x0000000002ff4000                __dtcm_top = (ORIGIN (dtcm) + LENGTH (dtcm))
                0x0000000002ff3ff8                __irq_flags = (__dtcm_top - 0x8)
                0x0000000002ff3ffc                __irq_vector = (__dtcm_top - 0x4)
                0x0000000002ff3f00                __sp_svc = (__dtcm_top - 0x100)
                0x0000000002ff3e00                __sp_irq = (__sp_svc - 0x100)
                0x0000000002ff3d00                __sp_usr = (__sp_irq - 0x100)

.secure         0x0000000002000000      0x800
 *(.secure)
 .secure        0x0000000002000000      0x800 C:/devkitPro/libnds/lib\libnds9.a(securearea.o)
                0x0000000002000000                __secure_area__

.crt0           0x0000000002000800      0x300
                0x0000000002000800                __text_start = .
 *(.crt0)
 .crt0          0x0000000002000800      0x300 c:/devkitpro/devkitarm/bin/../lib/gcc/arm-none-eabi/12.1.0/../../../../arm-none-eabi/lib/thumb/ds_arm9_crt0.o
                0x0000000002000800                _start
                0x0000000002000b00                . = ALIGN (0x4)

.plt
 *(.plt)

.init           0x0000000002000b00        0xc
 *(SORT_NONE(.init))
 .init          0x0000000002000b00        0x4 c:/devkitpro/devkitarm/bin/../lib/gcc/arm-none-eabi/12.1.0/thumb/crti.o
                0x0000000002000b00                _init
 .init          0x0000000002000b04        0x8 c:/devkitpro/devkitarm/bin/../lib/gcc/arm-none-eabi/12.1.0/thumb/crtn.o

.text           0x0000000002000b10     0x2ab8
 *(EXCLUDE_FILE(*.twl* *.vectors* *.itcm*) .text)
 *(EXCLUDE_FILE(*.twl* *.vectors* *.itcm*) .stub)
 *(EXCLUDE_FILE(*.twl* *.vectors* *.itcm*) .text.*)
 .text.__do_global_dtors_aux
                0x0000000002000b10       0x2c c:/devkitpro/devkitarm/bin/../lib/gcc/arm-none-eabi/12.1.0/thumb/crtbegin.o
 .text.frame_dummy
                0x0000000002000b3c       0x24 c:/devkitpro/devkitarm/bin/../lib/gcc/arm-none-eabi/12.1.0/thumb/crtbegin.o
 .text.startup  0x0000000002000b60      0x174 main.o
                0x0000000002000b60                main
 .text.touchRead
                0x0000000002000cd4       0x24 C:/devkitPro/libnds/lib\libnds9.a(touch.o)
                0x0000000002000cd4                touchRead
 .text.oamAllocReset
                0x0000000002000cf8       0x1c C:/devkitPro/libnds/lib\libnds9.a(sprite_alloc.o)
                0x0000000002000cf8                oamAllocReset
 .text.oamAllocateGfx
                0x0000000002000d14      0x50c C:/devkitPro/libnds/lib\libnds9.a(sprite_alloc.o)
                0x0000000002000d14                oamAllocateGfx
 .text.oamInit  0x0000000002001220      0x114 C:/devkitPro/libnds/lib\libnds9.a(sprite.o)
                0x0000000002001220                oamInit
 .text.oamGetGfxPtr
                0x0000000002001334       0x38 C:/devkitPro/libnds/lib\libnds9.a(sprite.o)
                0x0000000002001334                oamGetGfxPtr
 .text.oamGfxPtrToOffset
                0x000000000200136c       0x34 C:/devkitPro/libnds/lib\libnds9.a(sprite.o)
                0x000000000200136c                oamGfxPtrToOffset
 .text.oamSet   0x00000000020013a0      0x104 C:/devkitPro/libnds/lib\libnds9.a(sprite.o)
                0x00000000020013a0                oamSet
 .text.oamUpdate
                0x00000000020014a4       0x60 C:/devkitPro/libnds/lib\libnds9.a(sprite.o)
                0x00000000020014a4                oamUpdate
 .text.scanKeys
                0x0000000002001504       0x8c C:/devkitPro/libnds/lib\libnds9.a(keys.o)
                0x0000000002001504                scanKeys
 .text.keysHeld
                0x0000000002001590        0xc C:/devkitPro/libnds/lib\libnds9.a(keys.o)
                0x0000000002001590                keysHeld
 .text.initSystem
                0x000000000200159c      0x180 C:/devkitPro/libnds/lib\libnds9.a(initSystem.o)
                0x000000000200159c                initSystem
 .text.irqDummy
                0x000000000200171c        0x4 C:/devkitPro/libnds/lib\libnds9.a(interrupts.o)
                0x000000000200171c                irqDummy
 .text.irqSet   0x0000000002001720       0x6c C:/devkitPro/libnds/lib\libnds9.a(interrupts.o)
                0x0000000002001720                irqSet
 .text.irqInit  0x000000000200178c       0x50 C:/devkitPro/libnds/lib\libnds9.a(interrupts.o)
                0x000000000200178c                irqInit
 .text.irqEnable
                0x00000000020017dc       0x64 C:/devkitPro/libnds/lib\libnds9.a(interrupts.o)
                0x00000000020017dc                irqEnable
 .text.systemErrorExit
                0x0000000002001840        0x4 C:/devkitPro/libnds/lib\libnds9.a(libnds_exit.arm.o)
                0x0000000002001840                systemErrorExit
 .text.__libnds_exit
                0x0000000002001844       0x5c C:/devkitPro/libnds/lib\libnds9.a(libnds_exit.arm.o)
                0x0000000002001844                __libnds_exit
 .text.fifo_queueBlock
                0x00000000020018a0       0x44 C:/devkitPro/libnds/lib\libnds9.a(fifosystem.o)
 .text.fifo_waitBlock
                0x00000000020018e4       0x80 C:/devkitPro/libnds/lib\libnds9.a(fifosystem.o)
 .text.fifoInternalSend.part.0
                0x0000000002001964       0xd4 C:/devkitPro/libnds/lib\libnds9.a(fifosystem.o)
 .text.fifoInternalSendInterrupt
                0x0000000002001a38       0xb0 C:/devkitPro/libnds/lib\libnds9.a(fifosystem.o)
 .text.fifoSetValue32Handler
                0x0000000002001ae8       0xd4 C:/devkitPro/libnds/lib\libnds9.a(fifosystem.o)
                0x0000000002001ae8                fifoSetValue32Handler
 .text.fifoSendValue32
                0x0000000002001bbc       0x4c C:/devkitPro/libnds/lib\libnds9.a(fifosystem.o)
                0x0000000002001bbc                fifoSendValue32
 .text.fifoGetDatamsg
                0x0000000002001c08       0xf4 C:/devkitPro/libnds/lib\libnds9.a(fifosystem.o)
                0x0000000002001c08                fifoGetDatamsg
 .text.fifoInternalRecvInterrupt
                0x0000000002001cfc      0x37c C:/devkitPro/libnds/lib\libnds9.a(fifosystem.o)
 .text.fifoSetDatamsgHandler
                0x0000000002002078       0x9c C:/devkitPro/libnds/lib\libnds9.a(fifosystem.o)
                0x0000000002002078                fifoSetDatamsgHandler
 .text.fifoInit
                0x0000000002002114      0x108 C:/devkitPro/libnds/lib\libnds9.a(fifosystem.o)
                0x0000000002002114                fifoInit
 .text.DC_FlushRange
                0x000000000200221c       0x24 C:/devkitPro/libnds/lib\libnds9.a(dcache.o)
                0x000000000200221c                DC_FlushRange
 .text.__libnds_mpu_setup
                0x0000000002002240      0x174 C:/devkitPro/libnds/lib\libnds9.a(mpu_setup.o)
                0x0000000002002240                __libnds_mpu_setup
 .text.memUncached
                0x00000000020023b4       0x20 C:/devkitPro/libnds/lib\libnds9.a(mpu_setup.o)
                0x00000000020023b4                memUncached
 .text.swiWaitForVBlank
                0x00000000020023d4        0x8 C:/devkitPro/libnds/lib\libnds9.a(IntrWait.o)
                0x00000000020023d4                swiWaitForVBlank
 .text.swiIntrWait
                0x00000000020023dc       0x70 C:/devkitPro/libnds/lib\libnds9.a(IntrWait.o)
                0x00000000020023dc                swiIntrWait
 .text.setCpuClock
                0x000000000200244c       0x50 C:/devkitPro/libnds/lib\libnds9.a(cpu_clock.o)
                0x000000000200244c                setCpuClock
 .text.swiSoftReset
                0x000000000200249c       0x2c C:/devkitPro/libnds/lib\libnds9.a(swiSoftReset.o)
                0x000000000200249c                swiSoftReset
 .text.vramDefault
                0x00000000020024c8       0xd0 C:/devkitPro/libnds/lib\libnds9.a(video.o)
                0x00000000020024c8                vramDefault
 .text.systemValueHandler
                0x0000000002002598       0x48 C:/devkitPro/libnds/lib\libnds9.a(system.o)
                0x0000000002002598                systemValueHandler
 .text.systemMsgHandler
                0x00000000020025e0       0x60 C:/devkitPro/libnds/lib\libnds9.a(system.o)
                0x00000000020025e0                systemMsgHandler
 .text.powerOn  0x0000000002002640       0x2c C:/devkitPro/libnds/lib\libnds9.a(system.o)
                0x0000000002002640                powerOn
 .text.swiDelay
                0x000000000200266c        0x4 C:/devkitPro/libnds/lib\libnds9.a(biosCalls.o)
                0x000000000200266c                swiDelay
 .text.__libc_init_array
                0x0000000002002670       0x54 c:/devkitpro/devkitarm/bin/../lib/gcc/arm-none-eabi/12.1.0/../../../../arm-none-eabi/lib/thumb\libg.a(lib_a-init.o)
                0x0000000002002670                __libc_init_array
 .text.malloc   0x00000000020026c4       0x14 c:/devkitpro/devkitarm/bin/../lib/gcc/arm-none-eabi/12.1.0/../../../../arm-none-eabi/lib/thumb\libg.a(lib_a-malloc.o)
                0x00000000020026c4                malloc
 .text.free     0x00000000020026d8       0x14 c:/devkitpro/devkitarm/bin/../lib/gcc/arm-none-eabi/12.1.0/../../../../arm-none-eabi/lib/thumb\libg.a(lib_a-malloc.o)
                0x00000000020026d8                free
 .text._malloc_r
                0x00000000020026ec      0x560 c:/devkitpro/devkitarm/bin/../lib/gcc/arm-none-eabi/12.1.0/../../../../arm-none-eabi/lib/thumb\libg.a(lib_a-mallocr.o)
                0x00000000020026ec                _malloc_r
 .text.memcpy   0x0000000002002c4c       0x94 c:/devkitpro/devkitarm/bin/../lib/gcc/arm-none-eabi/12.1.0/../../../../arm-none-eabi/lib/thumb\libg.a(lib_a-memcpy-stub.o)
                0x0000000002002c4c                memcpy
 .text.memset   0x0000000002002ce0       0xb0 c:/devkitpro/devkitarm/bin/../lib/gcc/arm-none-eabi/12.1.0/../../../../arm-none-eabi/lib/thumb\libg.a(lib_a-memset.o)
                0x0000000002002ce0                memset
 .text.__malloc_lock
                0x0000000002002d90       0x14 c:/devkitpro/devkitarm/bin/../lib/gcc/arm-none-eabi/12.1.0/../../../../arm-none-eabi/lib/thumb\libg.a(lib_a-mlock.o)
                0x0000000002002d90                __malloc_lock
 .text.__malloc_unlock
                0x0000000002002da4       0x14 c:/devkitpro/devkitarm/bin/../lib/gcc/arm-none-eabi/12.1.0/../../../../arm-none-eabi/lib/thumb\libg.a(lib_a-mlock.o)
                0x0000000002002da4                __malloc_unlock
 .text.realloc  0x0000000002002db8       0x18 c:/devkitpro/devkitarm/bin/../lib/gcc/arm-none-eabi/12.1.0/../../../../arm-none-eabi/lib/thumb\libg.a(lib_a-realloc.o)
                0x0000000002002db8                realloc
 .text._realloc_r
                0x0000000002002dd0      0x384 c:/devkitpro/devkitarm/bin/../lib/gcc/arm-none-eabi/12.1.0/../../../../arm-none-eabi/lib/thumb\libg.a(lib_a-reallocr.o)
                0x0000000002002dd0                _realloc_r
 .text._malloc_trim_r
                0x0000000002003154       0xac c:/devkitpro/devkitarm/bin/../lib/gcc/arm-none-eabi/12.1.0/../../../../arm-none-eabi/lib/thumb\libg.a(lib_a-freer.o)
                0x0000000002003154                _malloc_trim_r
 .text._free_r  0x0000000002003200      0x1d8 c:/devkitpro/devkitarm/bin/../lib/gcc/arm-none-eabi/12.1.0/../../../../arm-none-eabi/lib/thumb\libg.a(lib_a-freer.o)
                0x0000000002003200                _free_r
 .text.memmove  0x00000000020033d8       0xc0 c:/devkitpro/devkitarm/bin/../lib/gcc/arm-none-eabi/12.1.0/../../../../arm-none-eabi/lib/thumb\libg.a(lib_a-memmove.o)
                0x00000000020033d8                memmove
 .text._sbrk_r  0x0000000002003498       0x54 c:/devkitpro/devkitarm/bin/../lib/gcc/arm-none-eabi/12.1.0/../../../../arm-none-eabi/lib/thumb\libsysbase.a(sbrk.o)
                0x0000000002003498                _sbrk_r
 .text.build_argv
                0x00000000020034ec       0x4c c:/devkitpro/devkitarm/bin/../lib/gcc/arm-none-eabi/12.1.0/../../../../arm-none-eabi/lib/thumb\libsysbase.a(build_argv.o)
                0x00000000020034ec                build_argv
 .text.__getreent
                0x0000000002003538       0x20 c:/devkitpro/devkitarm/bin/../lib/gcc/arm-none-eabi/12.1.0/../../../../arm-none-eabi/lib/thumb\libsysbase.a(getreent.o)
                0x0000000002003538                __getreent
 .text.__libc_lock_acquire_recursive
                0x0000000002003558       0x18 c:/devkitpro/devkitarm/bin/../lib/gcc/arm-none-eabi/12.1.0/../../../../arm-none-eabi/lib/thumb\libsysbase.a(syscall_support.o)
                0x0000000002003558                __libc_lock_acquire_recursive
 .text.__libc_lock_release_recursive
                0x0000000002003570       0x18 c:/devkitpro/devkitarm/bin/../lib/gcc/arm-none-eabi/12.1.0/../../../../arm-none-eabi/lib/thumb\libsysbase.a(syscall_support.o)
                0x0000000002003570                __libc_lock_release_recursive
 .text.__libc_lock_release_recursive.__stub
                0x0000000002003588       0x3c linker stubs
 *(EXCLUDE_FILE(*.twl*) .gnu.warning)
 *(EXCLUDE_FILE(*.twl*) .gnu.linkonce.t*)
 *(.glue_7)
 .glue_7        0x00000000020035c8        0x0 linker stubs
 *(.glue_7t)
 .glue_7t       0x00000000020035c8        0x0 linker stubs
                0x00000000020035c8                . = ALIGN (0x4)

.vfp11_veneer   0x00000000020035c8        0x0
 .vfp11_veneer  0x00000000020035c8        0x0 linker stubs

.v4_bx          0x00000000020035c8        0x0
 .v4_bx         0x00000000020035c8        0x0 linker stubs

.iplt           0x00000000020035c8        0x0
 .iplt          0x00000000020035c8        0x0 c:/devkitpro/devkitarm/bin/../lib/gcc/arm-none-eabi/12.1.0/../../../../arm-none-eabi/lib/thumb/ds_arm9_crt0.o

.fini           0x00000000020035c8        0xc
 *(.fini)
 .fini          0x00000000020035c8        0x4 c:/devkitpro/devkitarm/bin/../lib/gcc/arm-none-eabi/12.1.0/thumb/crti.o
                0x00000000020035c8                _fini
 .fini          0x00000000020035cc        0x8 c:/devkitpro/devkitarm/bin/../lib/gcc/arm-none-eabi/12.1.0/thumb/crtn.o
                0x00000000020035d4                __text_end = .

.rodata         0x00000000020035d4        0x0
 *(EXCLUDE_FILE(*.twl*) .rodata)
 *all.rodata*(*)
 *(EXCLUDE_FILE(*.twl*) .roda)
 *(EXCLUDE_FILE(*.twl*) .rodata.*)
 *(EXCLUDE_FILE(*.twl*) .gnu.linkonce.r*)
                0x00000000020035d4                . = ALIGN (0x4)

.ARM.extab
 *(.ARM.extab* .gnu.linkonce.armextab.*)
                0x00000000020035d4                __exidx_start = .

ARM.exidx
 *(.ARM.exidx* .gnu.linkonce.armexidx.*)
                0x00000000020035d4                __exidx_end = .
                0x00000000020035d4                . = ALIGN (0x4)
                0x00000000020035d4                PROVIDE (__preinit_array_start = .)

.preinit_array
 *(.preinit_array)
                0x00000000020035d4                PROVIDE (__preinit_array_end = .)
                0x00000000020035d4                PROVIDE (__init_array_start = .)

.init_array     0x00000000020035d4        0x4
 *(SORT_BY_NAME(.init_array.*))
 *(.init_array)
 .init_array    0x00000000020035d4        0x4 c:/devkitpro/devkitarm/bin/../lib/gcc/arm-none-eabi/12.1.0/thumb/crtbegin.o
                0x00000000020035d8                PROVIDE (__init_array_end = .)
                [!provide]                        PROVIDE (__fini_array_start = .)

.fini_array     0x00000000020035d8        0x4
 *(.fini_array)
 .fini_array    0x00000000020035d8        0x4 c:/devkitpro/devkitarm/bin/../lib/gcc/arm-none-eabi/12.1.0/thumb/crtbegin.o
 *(SORT_BY_NAME(.fini_array.*))
                [!provide]                        PROVIDE (__fini_array_end = .)

.ctors          0x00000000020035dc        0x0
 *crtbegin.o(.ctors)
 *(EXCLUDE_FILE(*crtend.o) .ctors)
 *(SORT_BY_NAME(.ctors.*))
 *(.ctors)
                0x00000000020035dc                . = ALIGN (0x4)

.dtors          0x00000000020035dc        0x0
 *crtbegin.o(.dtors)
 *(EXCLUDE_FILE(*crtend.o) .dtors)
 *(SORT_BY_NAME(.dtors.*))
 *(.dtors)
                0x00000000020035dc                . = ALIGN (0x4)

.eh_frame       0x00000000020035dc        0x4
 *(.eh_frame)
 .eh_frame      0x00000000020035dc        0x0 c:/devkitpro/devkitarm/bin/../lib/gcc/arm-none-eabi/12.1.0/thumb/crtbegin.o
 .eh_frame      0x00000000020035dc        0x4 c:/devkitpro/devkitarm/bin/../lib/gcc/arm-none-eabi/12.1.0/thumb/crtend.o
                0x00000000020035e0                . = ALIGN (0x4)

.rel.dyn        0x00000000020035e0        0x0
 .rel.iplt      0x00000000020035e0        0x0 c:/devkitpro/devkitarm/bin/../lib/gcc/arm-none-eabi/12.1.0/../../../../arm-none-eabi/lib/thumb/ds_arm9_crt0.o

.gcc_except_table
                0x00000000020035e0        0x0
 *(.gcc_except_table)
                0x00000000020035e0                . = ALIGN (0x4)

.jcr
 *(.jcr)

.got
 *(.got.plt)
 *(.got)
 *(.rel.got)

.ewram          0x00000000020035e0        0x0
                0x00000000020035e0                __ewram_start = ABSOLUTE (.)
 *(.ewram)
 *ewram.*(.text)
                0x00000000020035e0                . = ALIGN (0x4)

.data           0x00000000020035e0      0x8e8
                0x00000000020035e0                __data_start = ABSOLUTE (.)
 *(EXCLUDE_FILE(*.twl*) .data)
 .data          0x00000000020035e0       0x28 C:/devkitPro/libnds/lib\libnds9.a(mpu_setup.o)
 *(EXCLUDE_FILE(*.twl*) .data.*)
 .data.oamMain  0x0000000002003608       0x18 C:/devkitPro/libnds/lib\libnds9.a(sprite.o)
                0x0000000002003608                oamMain
 .data.oamSub   0x0000000002003620       0x18 C:/devkitPro/libnds/lib\libnds9.a(sprite.o)
                0x0000000002003620                oamSub
 .data.count    0x0000000002003638        0x1 C:/devkitPro/libnds/lib\libnds9.a(keys.o)
 .data.delay    0x0000000002003639        0x1 C:/devkitPro/libnds/lib\libnds9.a(keys.o)
 .data.repeat   0x000000000200363a        0x1 C:/devkitPro/libnds/lib\libnds9.a(keys.o)
 *fill*         0x000000000200363b        0x1 ff
 .data.fifo_buffer_free
                0x000000000200363c        0x4 C:/devkitPro/libnds/lib\libnds9.a(fifosystem.o)
                0x000000000200363c                fifo_buffer_free
 .data.fifo_freewords
                0x0000000002003640        0x4 C:/devkitPro/libnds/lib\libnds9.a(fifosystem.o)
                0x0000000002003640                fifo_freewords
 .data.fifo_receive_queue
                0x0000000002003644        0x4 C:/devkitPro/libnds/lib\libnds9.a(fifosystem.o)
                0x0000000002003644                fifo_receive_queue
 .data.fifo_send_queue
                0x0000000002003648        0x4 C:/devkitPro/libnds/lib\libnds9.a(fifosystem.o)
                0x0000000002003648                fifo_send_queue
 .data.__malloc_sbrk_base
                0x000000000200364c        0x4 c:/devkitpro/devkitarm/bin/../lib/gcc/arm-none-eabi/12.1.0/../../../../arm-none-eabi/lib/thumb\libg.a(lib_a-mallocr.o)
                0x000000000200364c                __malloc_sbrk_base
 .data.__malloc_trim_threshold
                0x0000000002003650        0x4 c:/devkitpro/devkitarm/bin/../lib/gcc/arm-none-eabi/12.1.0/../../../../arm-none-eabi/lib/thumb\libg.a(lib_a-mallocr.o)
                0x0000000002003650                __malloc_trim_threshold
 *fill*         0x0000000002003654        0x4 ff
 .data.__malloc_av_
                0x0000000002003658      0x408 c:/devkitpro/devkitarm/bin/../lib/gcc/arm-none-eabi/12.1.0/../../../../arm-none-eabi/lib/thumb\libg.a(lib_a-mallocr.o)
                0x0000000002003658                __malloc_av_
 .data._impure_ptr
                0x0000000002003a60        0x4 c:/devkitpro/devkitarm/bin/../lib/gcc/arm-none-eabi/12.1.0/../../../../arm-none-eabi/lib/thumb\libg.a(lib_a-impure.o)
                0x0000000002003a60                _impure_ptr
 *fill*         0x0000000002003a64        0x4 ff
 .data.impure_data
                0x0000000002003a68      0x460 c:/devkitpro/devkitarm/bin/../lib/gcc/arm-none-eabi/12.1.0/../../../../arm-none-eabi/lib/thumb\libg.a(lib_a-impure.o)
 *(EXCLUDE_FILE(*.twl*) .gnu.linkonce.d*)
                0x0000000002003ec8                . = ALIGN (0x4)
                0x0000000002003ec8                __data_end = ABSOLUTE (.)
                0x0000000002003ec8                __bss_vma = .

.igot.plt       0x0000000002003ec8        0x0
 .igot.plt      0x0000000002003ec8        0x0 c:/devkitpro/devkitarm/bin/../lib/gcc/arm-none-eabi/12.1.0/../../../../arm-none-eabi/lib/thumb/ds_arm9_crt0.o

.dtcm           0x0000000002ff0000        0x0 load address 0x0000000002003ec8
                0x0000000002003ec8                __dtcm_lma = LOADADDR (.dtcm)
                0x0000000002ff0000                __dtcm_start = ABSOLUTE (.)
 *(.dtcm)
 *(.dtcm.*)
                0x0000000002ff0000                . = ALIGN (0x4)
                0x0000000002ff0000                __dtcm_end = ABSOLUTE (.)

.itcm           0x0000000001000100      0x194 load address 0x0000000002003ec8
                0x0000000002003ec8                __itcm_lma = LOADADDR (.itcm)
                0x0000000001000100                __itcm_start = ABSOLUTE (.)
 *(.itcm)
 .itcm          0x0000000001000100       0xc8 C:/devkitPro/libnds/lib\libnds9.a(interrupts.o)
                0x0000000001000100                irqTable
 .itcm          0x00000000010001c8       0xcc C:/devkitPro/libnds/lib\libnds9.a(interruptDispatcher.o)
                0x00000000010001c8                IntrMain
 *.itcm*(.text .stub .text.*)
                0x0000000001000294                . = ALIGN (0x4)
                0x0000000001000294                __itcm_end = ABSOLUTE (.)

.vectors        0x0000000001000000        0x0 load address 0x000000000200405c
                0x000000000200405c                __vectors_lma = LOADADDR (.vectors)
                0x0000000001000000                __vectors_start = ABSOLUTE (.)
 *(.vectors .vectors.*)
                0x0000000001000000                . = ALIGN (0x4)
                0x0000000001000000                __vectors_end = ABSOLUTE (.)

.sbss           0x0000000002ff0000        0x0
                0x0000000002ff0000                __sbss_start = ABSOLUTE (.)
                0x0000000002ff0000                __sbss_start__ = ABSOLUTE (.)
 *(.sbss)
                0x0000000002ff0000                . = ALIGN (0x4)
                0x0000000002ff0000                __sbss_end = ABSOLUTE (.)

.bss            0x0000000002003ec8     0x12bc
                0x0000000002003ec8                __bss_start = ABSOLUTE (.)
                0x0000000002003ec8                __bss_start__ = ABSOLUTE (.)
 *(EXCLUDE_FILE(*.twl*) .dynbss)
 *(EXCLUDE_FILE(*.twl*) .gnu.linkonce.b*)
 *(EXCLUDE_FILE(*.twl*) .bss*)
 .bss.completed.1
                0x0000000002003ec8        0x1 c:/devkitpro/devkitarm/bin/../lib/gcc/arm-none-eabi/12.1.0/thumb/crtbegin.o
 *fill*         0x0000000002003ec9        0x3 
 .bss.object.0  0x0000000002003ecc       0x18 c:/devkitpro/devkitarm/bin/../lib/gcc/arm-none-eabi/12.1.0/thumb/crtbegin.o
 .bss.OamMemory
                0x0000000002003ee4      0x400 C:/devkitPro/libnds/lib\libnds9.a(sprite.o)
                0x0000000002003ee4                OamMemory
 .bss.OamMemorySub
                0x00000000020042e4      0x400 C:/devkitPro/libnds/lib\libnds9.a(sprite.o)
                0x00000000020042e4                OamMemorySub
 .bss.keys      0x00000000020046e4        0x2 C:/devkitPro/libnds/lib\libnds9.a(keys.o)
 .bss.keysold   0x00000000020046e6        0x2 C:/devkitPro/libnds/lib\libnds9.a(keys.o)
 .bss.keysrepeat
                0x00000000020046e8        0x2 C:/devkitPro/libnds/lib\libnds9.a(keys.o)
 .bss.__dsimode
                0x00000000020046ea        0x1 C:/devkitPro/libnds/lib\libnds9.a(initSystem.o)
                0x00000000020046ea                __dsimode
 *fill*         0x00000000020046eb        0x1 
 .bss.punixTime
                0x00000000020046ec        0x4 C:/devkitPro/libnds/lib\libnds9.a(initSystem.o)
                0x00000000020046ec                punixTime
 .bss.fifo_address_data
                0x00000000020046f0       0x40 C:/devkitPro/libnds/lib\libnds9.a(fifosystem.o)
                0x00000000020046f0                fifo_address_data
 .bss.fifo_address_func
                0x0000000002004730       0x40 C:/devkitPro/libnds/lib\libnds9.a(fifosystem.o)
                0x0000000002004730                fifo_address_func
 .bss.fifo_address_queue
                0x0000000002004770       0x40 C:/devkitPro/libnds/lib\libnds9.a(fifosystem.o)
                0x0000000002004770                fifo_address_queue
 .bss.fifo_buffer
                0x00000000020047b0      0x800 C:/devkitPro/libnds/lib\libnds9.a(fifosystem.o)
                0x00000000020047b0                fifo_buffer
 .bss.fifo_data_queue
                0x0000000002004fb0       0x40 C:/devkitPro/libnds/lib\libnds9.a(fifosystem.o)
                0x0000000002004fb0                fifo_data_queue
 .bss.fifo_datamsg_data
                0x0000000002004ff0       0x40 C:/devkitPro/libnds/lib\libnds9.a(fifosystem.o)
                0x0000000002004ff0                fifo_datamsg_data
 .bss.fifo_datamsg_func
                0x0000000002005030       0x40 C:/devkitPro/libnds/lib\libnds9.a(fifosystem.o)
                0x0000000002005030                fifo_datamsg_func
 .bss.fifo_value32_data
                0x0000000002005070       0x40 C:/devkitPro/libnds/lib\libnds9.a(fifosystem.o)
                0x0000000002005070                fifo_value32_data
 .bss.fifo_value32_func
                0x00000000020050b0       0x40 C:/devkitPro/libnds/lib\libnds9.a(fifosystem.o)
                0x00000000020050b0                fifo_value32_func
 .bss.fifo_value32_queue
                0x00000000020050f0       0x40 C:/devkitPro/libnds/lib\libnds9.a(fifosystem.o)
                0x00000000020050f0                fifo_value32_queue
 .bss.processing
                0x0000000002005130        0x4 C:/devkitPro/libnds/lib\libnds9.a(fifosystem.o)
                0x0000000002005130                processing
 .bss.SDcallback
                0x0000000002005134        0x4 C:/devkitPro/libnds/lib\libnds9.a(system.o)
 .bss.__malloc_current_mallinfo
                0x0000000002005138       0x28 c:/devkitpro/devkitarm/bin/../lib/gcc/arm-none-eabi/12.1.0/../../../../arm-none-eabi/lib/thumb\libg.a(lib_a-mallocr.o)
                0x0000000002005138                __malloc_current_mallinfo
 .bss.__malloc_max_total_mem
                0x0000000002005160        0x4 c:/devkitpro/devkitarm/bin/../lib/gcc/arm-none-eabi/12.1.0/../../../../arm-none-eabi/lib/thumb\libg.a(lib_a-mallocr.o)
                0x0000000002005160                __malloc_max_total_mem
 .bss.__malloc_max_sbrked_mem
                0x0000000002005164        0x4 c:/devkitpro/devkitarm/bin/../lib/gcc/arm-none-eabi/12.1.0/../../../../arm-none-eabi/lib/thumb\libg.a(lib_a-mallocr.o)
                0x0000000002005164                __malloc_max_sbrked_mem
 .bss.__malloc_top_pad
                0x0000000002005168        0x4 c:/devkitpro/devkitarm/bin/../lib/gcc/arm-none-eabi/12.1.0/../../../../arm-none-eabi/lib/thumb\libg.a(lib_a-mallocr.o)
                0x0000000002005168                __malloc_top_pad
 .bss.__malloc_recursive_mutex
                0x000000000200516c        0xc c:/devkitpro/devkitarm/bin/../lib/gcc/arm-none-eabi/12.1.0/../../../../arm-none-eabi/lib/thumb\libg.a(lib_a-mlock.o)
 .bss.heap_start.0
                0x0000000002005178        0x4 c:/devkitpro/devkitarm/bin/../lib/gcc/arm-none-eabi/12.1.0/../../../../arm-none-eabi/lib/thumb\libsysbase.a(sbrk.o)
 .bss.fake_heap_start
                0x000000000200517c        0x4 c:/devkitpro/devkitarm/bin/../lib/gcc/arm-none-eabi/12.1.0/../../../../arm-none-eabi/lib/thumb\libsysbase.a(malloc_vars.o)
                0x000000000200517c                fake_heap_start
 .bss.fake_heap_end
                0x0000000002005180        0x4 c:/devkitpro/devkitarm/bin/../lib/gcc/arm-none-eabi/12.1.0/../../../../arm-none-eabi/lib/thumb\libsysbase.a(malloc_vars.o)
                0x0000000002005180                fake_heap_end
 *(EXCLUDE_FILE(*.twl*) COMMON)
                0x0000000002005184                . = ALIGN (0x4)
                0x0000000002005184                __bss_end__ = ABSOLUTE (.)
                0x0000000002005184                __end__ = ABSOLUTE (.)

.twl            0x0000000002005184        0x0 load address 0x0000000002400000
                0x0000000002400000                __arm9i_lma__ = LOADADDR (.twl)
                0x0000000002005184                __arm9i_start__ = ABSOLUTE (.)
 *(.twl)
 *.twl*(.text .stub .text.* .gnu.linkonce.t.*)
 *.twl*(.rodata)
 *.twl*(.roda)
 *.twl*(.rodata.*)
 *.twl*(.data)
 *.twl*(.data.*)
 *.twl*(.gnu.linkonce.d*)
                0x0000000002005184                __arm9i_end__ = ABSOLUTE (.)

.twl_bss        0x0000000002005184        0x0
                0x0000000002005184                __twl_bss_start__ = ABSOLUTE (.)
 *(.twl_bss)
 *.twl*(.dynbss)
 *.twl*(.gnu.linkonce.b*)
 *.twl*(.bss*)
 *.twl*(COMMON)
                0x0000000002005184                . = ALIGN (0x4)
                0x0000000002005184                __twl_bss_end__ = ABSOLUTE (.)
                0x0000000002005184                __twl_end__ = ABSOLUTE (.)

.stab
 *(.stab)

.stabstr
 *(.stabstr)

.stab.excl
 *(.stab.excl)

.stab.exclstr
 *(.stab.exclstr)

.stab.index
 *(.stab.index)

.stab.indexstr
 *(.stab.indexstr)

.comment        0x0000000000000000       0x46
 *(.comment)
 .comment       0x0000000000000000       0x23 c:/devkitpro/devkitarm/bin/../lib/gcc/arm-none-eabi/12.1.0/thumb/crtbegin.o
                                         0x24 (size before relaxing)
 .comment       0x0000000000000023       0x24 main.o
 .comment       0x0000000000000023       0x23 C:/devkitPro/libnds/lib\libnds9.a(touch.o)
                                         0x24 (size before relaxing)
 .comment       0x0000000000000046       0x24 C:/devkitPro/libnds/lib\libnds9.a(sprite_alloc.o)
 .comment       0x0000000000000046       0x24 C:/devkitPro/libnds/lib\libnds9.a(sprite.o)
 .comment       0x0000000000000046       0x24 C:/devkitPro/libnds/lib\libnds9.a(keys.o)
 .comment       0x0000000000000046       0x24 C:/devkitPro/libnds/lib\libnds9.a(initSystem.o)
 .comment       0x0000000000000046       0x24 C:/devkitPro/libnds/lib\libnds9.a(securearea.o)
 .comment       0x0000000000000046       0x24 C:/devkitPro/libnds/lib\libnds9.a(interrupts.o)
 .comment       0x0000000000000046       0x24 C:/devkitPro/libnds/lib\libnds9.a(libnds_exit.arm.o)
 .comment       0x0000000000000046       0x24 C:/devkitPro/libnds/lib\libnds9.a(fifosystem.o)
 .comment       0x0000000000000046       0x24 C:/devkitPro/libnds/lib\libnds9.a(video.o)
 .comment       0x0000000000000046       0x24 C:/devkitPro/libnds/lib\libnds9.a(system.o)
 .comment       0x0000000000000046       0x24 c:/devkitpro/devkitarm/bin/../lib/gcc/arm-none-eabi/12.1.0/../../../../arm-none-eabi/lib/thumb\libg.a(lib_a-init.o)
 .comment       0x0000000000000046       0x24 c:/devkitpro/devkitarm/bin/../lib/gcc/arm-none-eabi/12.1.0/../../../../arm-none-eabi/lib/thumb\libg.a(lib_a-malloc.o)
 .comment       0x0000000000000046       0x24 c:/devkitpro/devkitarm/bin/../lib/gcc/arm-none-eabi/12.1.0/../../../../arm-none-eabi/lib/thumb\libg.a(lib_a-mallocr.o)
 .comment       0x0000000000000046       0x24 c:/devkitpro/devkitarm/bin/../lib/gcc/arm-none-eabi/12.1.0/../../../../arm-none-eabi/lib/thumb\libg.a(lib_a-memcpy-stub.o)
 .comment       0x0000000000000046       0x24 c:/devkitpro/devkitarm/bin/../lib/gcc/arm-none-eabi/12.1.0/../../../../arm-none-eabi/lib/thumb\libg.a(lib_a-memset.o)
 .comment       0x0000000000000046       0x24 c:/devkitpro/devkitarm/bin/../lib/gcc/arm-none-eabi/12.1.0/../../../../arm-none-eabi/lib/thumb\libg.a(lib_a-mlock.o)
 .comment       0x0000000000000046       0x24 c:/devkitpro/devkitarm/bin/../lib/gcc/arm-none-eabi/12.1.0/../../../../arm-none-eabi/lib/thumb\libg.a(lib_a-realloc.o)
 .comment       0x0000000000000046       0x24 c:/devkitpro/devkitarm/bin/../lib/gcc/arm-none-eabi/12.1.0/../../../../arm-none-eabi/lib/thumb\libg.a(lib_a-reallocr.o)
 .comment       0x0000000000000046       0x24 c:/devkitpro/devkitarm/bin/../lib/gcc/arm-none-eabi/12.1.0/../../../../arm-none-eabi/lib/thumb\libg.a(lib_a-freer.o)
 .comment       0x0000000000000046       0x24 c:/devkitpro/devkitarm/bin/../lib/gcc/arm-none-eabi/12.1.0/../../../../arm-none-eabi/lib/thumb\libg.a(lib_a-memmove.o)
 .comment       0x0000000000000046       0x24 c:/devkitpro/devkitarm/bin/../lib/gcc/arm-none-eabi/12.1.0/../../../../arm-none-eabi/lib/thumb\libsysbase.a(sbrk.o)
 .comment       0x0000000000000046       0x24 c:/devkitpro/devkitarm/bin/../lib/gcc/arm-none-eabi/12.1.0/../../../../arm-none-eabi/lib/thumb\libsysbase.a(malloc_vars.o)
 .comment       0x0000000000000046       0x24 c:/devkitpro/devkitarm/bin/../lib/gcc/arm-none-eabi/12.1.0/../../../../arm-none-eabi/lib/thumb\libsysbase.a(build_argv.o)
 .comment       0x0000000000000046       0x24 c:/devkitpro/devkitarm/bin/../lib/gcc/arm-none-eabi/12.1.0/../../../../arm-none-eabi/lib/thumb\libsysbase.a(getreent.o)
 .comment       0x0000000000000046       0x24 c:/devkitpro/devkitarm/bin/../lib/gcc/arm-none-eabi/12.1.0/../../../../arm-none-eabi/lib/thumb\libsysbase.a(syscall_support.o)
 .comment       0x0000000000000046       0x24 c:/devkitpro/devkitarm/bin/../lib/gcc/arm-none-eabi/12.1.0/../../../../arm-none-eabi/lib/thumb\libg.a(lib_a-impure.o)
 .comment       0x0000000000000046       0x24 c:/devkitpro/devkitarm/bin/../lib/gcc/arm-none-eabi/12.1.0/thumb/crtend.o

.ARM.attributes
                0x0000000000000000       0x2d
 .ARM.attributes
                0x0000000000000000       0x21 c:/devkitpro/devkitarm/bin/../lib/gcc/arm-none-eabi/12.1.0/../../../../arm-none-eabi/lib/thumb/ds_arm9_crt0.o
 .ARM.attributes
                0x0000000000000021       0x1c c:/devkitpro/devkitarm/bin/../lib/gcc/arm-none-eabi/12.1.0/thumb/crti.o
 .ARM.attributes
                0x000000000000003d       0x2a c:/devkitpro/devkitarm/bin/../lib/gcc/arm-none-eabi/12.1.0/thumb/crtbegin.o
 .ARM.attributes
                0x0000000000000067       0x27 main.o
 .ARM.attributes
                0x000000000000008e       0x2b C:/devkitPro/libnds/lib\libnds9.a(touch.o)
 .ARM.attributes
                0x00000000000000b9       0x2b C:/devkitPro/libnds/lib\libnds9.a(sprite_alloc.o)
 .ARM.attributes
                0x00000000000000e4       0x2b C:/devkitPro/libnds/lib\libnds9.a(sprite.o)
 .ARM.attributes
                0x000000000000010f       0x2b C:/devkitPro/libnds/lib\libnds9.a(keys.o)
 .ARM.attributes
                0x000000000000013a       0x2b C:/devkitPro/libnds/lib\libnds9.a(initSystem.o)
 .ARM.attributes
                0x0000000000000165       0x2b C:/devkitPro/libnds/lib\libnds9.a(securearea.o)
 .ARM.attributes
                0x0000000000000190       0x2b C:/devkitPro/libnds/lib\libnds9.a(interrupts.o)
 .ARM.attributes
                0x00000000000001bb       0x2b C:/devkitPro/libnds/lib\libnds9.a(libnds_exit.arm.o)
 .ARM.attributes
                0x00000000000001e6       0x2b C:/devkitPro/libnds/lib\libnds9.a(fifosystem.o)
 .ARM.attributes
                0x0000000000000211       0x1b C:/devkitPro/libnds/lib\libnds9.a(dcache.o)
 .ARM.attributes
                0x000000000000022c       0x21 C:/devkitPro/libnds/lib\libnds9.a(mpu_setup.o)
 .ARM.attributes
                0x000000000000024d       0x21 C:/devkitPro/libnds/lib\libnds9.a(IntrWait.o)
 .ARM.attributes
                0x000000000000026e       0x21 C:/devkitPro/libnds/lib\libnds9.a(cpu_clock.o)
 .ARM.attributes
                0x000000000000028f       0x1b C:/devkitPro/libnds/lib\libnds9.a(interruptDispatcher.o)
 .ARM.attributes
                0x00000000000002aa       0x21 C:/devkitPro/libnds/lib\libnds9.a(swiSoftReset.o)
 .ARM.attributes
                0x00000000000002cb       0x2b C:/devkitPro/libnds/lib\libnds9.a(video.o)
 .ARM.attributes
                0x00000000000002f6       0x2b C:/devkitPro/libnds/lib\libnds9.a(system.o)
 .ARM.attributes
                0x0000000000000321       0x1b C:/devkitPro/libnds/lib\libnds9.a(biosCalls.o)
 .ARM.attributes
                0x000000000000033c       0x2a c:/devkitpro/devkitarm/bin/../lib/gcc/arm-none-eabi/12.1.0/../../../../arm-none-eabi/lib/thumb\libg.a(lib_a-init.o)
 .ARM.attributes
                0x0000000000000366       0x2a c:/devkitpro/devkitarm/bin/../lib/gcc/arm-none-eabi/12.1.0/../../../../arm-none-eabi/lib/thumb\libg.a(lib_a-malloc.o)
 .ARM.attributes
                0x0000000000000390       0x2a c:/devkitpro/devkitarm/bin/../lib/gcc/arm-none-eabi/12.1.0/../../../../arm-none-eabi/lib/thumb\libg.a(lib_a-mallocr.o)
 .ARM.attributes
                0x00000000000003ba       0x2a c:/devkitpro/devkitarm/bin/../lib/gcc/arm-none-eabi/12.1.0/../../../../arm-none-eabi/lib/thumb\libg.a(lib_a-memcpy-stub.o)
 .ARM.attributes
                0x00000000000003e4       0x2a c:/devkitpro/devkitarm/bin/../lib/gcc/arm-none-eabi/12.1.0/../../../../arm-none-eabi/lib/thumb\libg.a(lib_a-memset.o)
 .ARM.attributes
                0x000000000000040e       0x2a c:/devkitpro/devkitarm/bin/../lib/gcc/arm-none-eabi/12.1.0/../../../../arm-none-eabi/lib/thumb\libg.a(lib_a-mlock.o)
 .ARM.attributes
                0x0000000000000438       0x2a c:/devkitpro/devkitarm/bin/../lib/gcc/arm-none-eabi/12.1.0/../../../../arm-none-eabi/lib/thumb\libg.a(lib_a-realloc.o)
 .ARM.attributes
                0x0000000000000462       0x2a c:/devkitpro/devkitarm/bin/../lib/gcc/arm-none-eabi/12.1.0/../../../../arm-none-eabi/lib/thumb\libg.a(lib_a-reallocr.o)
 .ARM.attributes
                0x000000000000048c       0x2a c:/devkitpro/devkitarm/bin/../lib/gcc/arm-none-eabi/12.1.0/../../../../arm-none-eabi/lib/thumb\libg.a(lib_a-freer.o)
 .ARM.attributes
                0x00000000000004b6       0x2a c:/devkitpro/devkitarm/bin/../lib/gcc/arm-none-eabi/12.1.0/../../../../arm-none-eabi/lib/thumb\libg.a(lib_a-memmove.o)
 .ARM.attributes
                0x00000000000004e0       0x2a c:/devkitpro/devkitarm/bin/../lib/gcc/arm-none-eabi/12.1.0/../../../../arm-none-eabi/lib/thumb\libsysbase.a(sbrk.o)
 .ARM.attributes
                0x000000000000050a       0x2a c:/devkitpro/devkitarm/bin/../lib/gcc/arm-none-eabi/12.1.0/../../../../arm-none-eabi/lib/thumb\libsysbase.a(malloc_vars.o)
 .ARM.attributes
                0x0000000000000534       0x2a c:/devkitpro/devkitarm/bin/../lib/gcc/arm-none-eabi/12.1.0/../../../../arm-none-eabi/lib/thumb\libsysbase.a(build_argv.o)
 .ARM.attributes
                0x000000000000055e       0x2a c:/devkitpro/devkitarm/bin/../lib/gcc/arm-none-eabi/12.1.0/../../../../arm-none-eabi/lib/thumb\libsysbase.a(getreent.o)
 .ARM.attributes
                0x0000000000000588       0x2a c:/devkitpro/devkitarm/bin/../lib/gcc/arm-none-eabi/12.1.0/../../../../arm-none-eabi/lib/thumb\libsysbase.a(syscall_support.o)
 .ARM.attributes
                0x00000000000005b2       0x2a c:/devkitpro/devkitarm/bin/../lib/gcc/arm-none-eabi/12.1.0/../../../../arm-none-eabi/lib/thumb\libg.a(lib_a-impure.o)
 .ARM.attributes
                0x00000000000005dc       0x2a c:/devkitpro/devkitarm/bin/../lib/gcc/arm-none-eabi/12.1.0/thumb/crtend.o
 .ARM.attributes
                0x0000000000000606       0x1c c:/devkitpro/devkitarm/bin/../lib/gcc/arm-none-eabi/12.1.0/thumb/crtn.o

.debug
 *(.debug)

.line
 *(.line)

.debug_srcinfo
 *(.debug_srcinfo)

.debug_sfnames
 *(.debug_sfnames)

.debug_aranges  0x0000000000000000      0x510
 *(.debug_aranges)
 .debug_aranges
                0x0000000000000000       0x28 main.o
 .debug_aranges
                0x0000000000000028       0x28 C:/devkitPro/libnds/lib\libnds9.a(touch.o)
 .debug_aranges
                0x0000000000000050       0x38 C:/devkitPro/libnds/lib\libnds9.a(sprite_alloc.o)
 .debug_aranges
                0x0000000000000088       0x60 C:/devkitPro/libnds/lib\libnds9.a(sprite.o)
 .debug_aranges
                0x00000000000000e8       0x50 C:/devkitPro/libnds/lib\libnds9.a(keys.o)
 .debug_aranges
                0x0000000000000138       0x30 C:/devkitPro/libnds/lib\libnds9.a(initSystem.o)
 .debug_aranges
                0x0000000000000168       0x18 C:/devkitPro/libnds/lib\libnds9.a(securearea.o)
 .debug_aranges
                0x0000000000000180       0x50 C:/devkitPro/libnds/lib\libnds9.a(interrupts.o)
 .debug_aranges
                0x00000000000001d0       0x28 C:/devkitPro/libnds/lib\libnds9.a(libnds_exit.arm.o)
 .debug_aranges
                0x00000000000001f8       0xb0 C:/devkitPro/libnds/lib\libnds9.a(fifosystem.o)
 .debug_aranges
                0x00000000000002a8       0x38 C:/devkitPro/libnds/lib\libnds9.a(dcache.o)
 .debug_aranges
                0x00000000000002e0       0x30 C:/devkitPro/libnds/lib\libnds9.a(mpu_setup.o)
 .debug_aranges
                0x0000000000000310       0x28 C:/devkitPro/libnds/lib\libnds9.a(IntrWait.o)
 .debug_aranges
                0x0000000000000338       0x20 C:/devkitPro/libnds/lib\libnds9.a(cpu_clock.o)
 .debug_aranges
                0x0000000000000358       0x20 C:/devkitPro/libnds/lib\libnds9.a(interruptDispatcher.o)
 .debug_aranges
                0x0000000000000378       0x20 C:/devkitPro/libnds/lib\libnds9.a(swiSoftReset.o)
 .debug_aranges
                0x0000000000000398       0x48 C:/devkitPro/libnds/lib\libnds9.a(video.o)
 .debug_aranges
                0x00000000000003e0       0x68 C:/devkitPro/libnds/lib\libnds9.a(system.o)
 .debug_aranges
                0x0000000000000448       0xc8 C:/devkitPro/libnds/lib\libnds9.a(biosCalls.o)

.debug_pubnames
 *(.debug_pubnames)

.debug_info     0x0000000000000000     0x8ea7
 *(.debug_info)
 .debug_info    0x0000000000000000     0x16c8 main.o
 .debug_info    0x00000000000016c8      0x329 C:/devkitPro/libnds/lib\libnds9.a(touch.o)
 .debug_info    0x00000000000019f1     0x1cb1 C:/devkitPro/libnds/lib\libnds9.a(sprite_alloc.o)
 .debug_info    0x00000000000036a2      0xd00 C:/devkitPro/libnds/lib\libnds9.a(sprite.o)
 .debug_info    0x00000000000043a2      0x43b C:/devkitPro/libnds/lib\libnds9.a(keys.o)
 .debug_info    0x00000000000047dd     0x113e C:/devkitPro/libnds/lib\libnds9.a(initSystem.o)
 .debug_info    0x000000000000591b       0x5a C:/devkitPro/libnds/lib\libnds9.a(securearea.o)
 .debug_info    0x0000000000005975      0x68d C:/devkitPro/libnds/lib\libnds9.a(interrupts.o)
 .debug_info    0x0000000000006002      0x367 C:/devkitPro/libnds/lib\libnds9.a(libnds_exit.arm.o)
 .debug_info    0x0000000000006369     0x183f C:/devkitPro/libnds/lib\libnds9.a(fifosystem.o)
 .debug_info    0x0000000000007ba8       0x23 C:/devkitPro/libnds/lib\libnds9.a(dcache.o)
 .debug_info    0x0000000000007bcb       0x23 C:/devkitPro/libnds/lib\libnds9.a(mpu_setup.o)
 .debug_info    0x0000000000007bee       0x23 C:/devkitPro/libnds/lib\libnds9.a(IntrWait.o)
 .debug_info    0x0000000000007c11       0x24 C:/devkitPro/libnds/lib\libnds9.a(cpu_clock.o)
 .debug_info    0x0000000000007c35       0x25 C:/devkitPro/libnds/lib\libnds9.a(interruptDispatcher.o)
 .debug_info    0x0000000000007c5a       0x24 C:/devkitPro/libnds/lib\libnds9.a(swiSoftReset.o)
 .debug_info    0x0000000000007c7e      0x790 C:/devkitPro/libnds/lib\libnds9.a(video.o)
 .debug_info    0x000000000000840e      0xa76 C:/devkitPro/libnds/lib\libnds9.a(system.o)
 .debug_info    0x0000000000008e84       0x23 C:/devkitPro/libnds/lib\libnds9.a(biosCalls.o)

.debug_abbrev   0x0000000000000000     0x2213
 *(.debug_abbrev)
 .debug_abbrev  0x0000000000000000      0x429 main.o
 .debug_abbrev  0x0000000000000429      0x157 C:/devkitPro/libnds/lib\libnds9.a(touch.o)
 .debug_abbrev  0x0000000000000580      0x3b5 C:/devkitPro/libnds/lib\libnds9.a(sprite_alloc.o)
 .debug_abbrev  0x0000000000000935      0x3de C:/devkitPro/libnds/lib\libnds9.a(sprite.o)
 .debug_abbrev  0x0000000000000d13      0x1a7 C:/devkitPro/libnds/lib\libnds9.a(keys.o)
 .debug_abbrev  0x0000000000000eba      0x3e1 C:/devkitPro/libnds/lib\libnds9.a(initSystem.o)
 .debug_abbrev  0x000000000000129b       0x47 C:/devkitPro/libnds/lib\libnds9.a(securearea.o)
 .debug_abbrev  0x00000000000012e2      0x2da C:/devkitPro/libnds/lib\libnds9.a(interrupts.o)
 .debug_abbrev  0x00000000000015bc      0x1ad C:/devkitPro/libnds/lib\libnds9.a(libnds_exit.arm.o)
 .debug_abbrev  0x0000000000001769      0x4bb C:/devkitPro/libnds/lib\libnds9.a(fifosystem.o)
 .debug_abbrev  0x0000000000001c24       0x12 C:/devkitPro/libnds/lib\libnds9.a(dcache.o)
 .debug_abbrev  0x0000000000001c36       0x12 C:/devkitPro/libnds/lib\libnds9.a(mpu_setup.o)
 .debug_abbrev  0x0000000000001c48       0x12 C:/devkitPro/libnds/lib\libnds9.a(IntrWait.o)
 .debug_abbrev  0x0000000000001c5a       0x14 C:/devkitPro/libnds/lib\libnds9.a(cpu_clock.o)
 .debug_abbrev  0x0000000000001c6e       0x14 C:/devkitPro/libnds/lib\libnds9.a(interruptDispatcher.o)
 .debug_abbrev  0x0000000000001c82       0x14 C:/devkitPro/libnds/lib\libnds9.a(swiSoftReset.o)
 .debug_abbrev  0x0000000000001c96      0x24c C:/devkitPro/libnds/lib\libnds9.a(video.o)
 .debug_abbrev  0x0000000000001ee2      0x31f C:/devkitPro/libnds/lib\libnds9.a(system.o)
 .debug_abbrev  0x0000000000002201       0x12 C:/devkitPro/libnds/lib\libnds9.a(biosCalls.o)

.debug_line     0x0000000000000000     0x5ac2
 *(.debug_line)
 .debug_line    0x0000000000000000      0x4c9 main.o
 .debug_line    0x00000000000004c9      0x2d4 C:/devkitPro/libnds/lib\libnds9.a(touch.o)
 .debug_line    0x000000000000079d     0x1736 C:/devkitPro/libnds/lib\libnds9.a(sprite_alloc.o)
 .debug_line    0x0000000000001ed3      0x74e C:/devkitPro/libnds/lib\libnds9.a(sprite.o)
 .debug_line    0x0000000000002621      0x399 C:/devkitPro/libnds/lib\libnds9.a(keys.o)
 .debug_line    0x00000000000029ba      0x597 C:/devkitPro/libnds/lib\libnds9.a(initSystem.o)
 .debug_line    0x0000000000002f51       0x8f C:/devkitPro/libnds/lib\libnds9.a(securearea.o)
 .debug_line    0x0000000000002fe0      0x54c C:/devkitPro/libnds/lib\libnds9.a(interrupts.o)
 .debug_line    0x000000000000352c      0x23b C:/devkitPro/libnds/lib\libnds9.a(libnds_exit.arm.o)
 .debug_line    0x0000000000003767     0x14f5 C:/devkitPro/libnds/lib\libnds9.a(fifosystem.o)
 .debug_line    0x0000000000004c5c       0x96 C:/devkitPro/libnds/lib\libnds9.a(dcache.o)
 .debug_line    0x0000000000004cf2       0xe8 C:/devkitPro/libnds/lib\libnds9.a(mpu_setup.o)
 .debug_line    0x0000000000004dda       0x74 C:/devkitPro/libnds/lib\libnds9.a(IntrWait.o)
 .debug_line    0x0000000000004e4e       0x5c C:/devkitPro/libnds/lib\libnds9.a(cpu_clock.o)
 .debug_line    0x0000000000004eaa       0x80 C:/devkitPro/libnds/lib\libnds9.a(interruptDispatcher.o)
 .debug_line    0x0000000000004f2a       0x57 C:/devkitPro/libnds/lib\libnds9.a(swiSoftReset.o)
 .debug_line    0x0000000000004f81      0x4b5 C:/devkitPro/libnds/lib\libnds9.a(video.o)
 .debug_line    0x0000000000005436      0x4dc C:/devkitPro/libnds/lib\libnds9.a(system.o)
 .debug_line    0x0000000000005912      0x1b0 C:/devkitPro/libnds/lib\libnds9.a(biosCalls.o)

.debug_frame    0x0000000000000000      0x820
 *(.debug_frame)
 .debug_frame   0x0000000000000000       0x4c main.o
 .debug_frame   0x000000000000004c       0x3c C:/devkitPro/libnds/lib\libnds9.a(touch.o)
 .debug_frame   0x0000000000000088       0x9c C:/devkitPro/libnds/lib\libnds9.a(sprite_alloc.o)
 .debug_frame   0x0000000000000124       0xf0 C:/devkitPro/libnds/lib\libnds9.a(sprite.o)
 .debug_frame   0x0000000000000214       0x8c C:/devkitPro/libnds/lib\libnds9.a(keys.o)
 .debug_frame   0x00000000000002a0       0x5c C:/devkitPro/libnds/lib\libnds9.a(initSystem.o)
 .debug_frame   0x00000000000002fc       0xa4 C:/devkitPro/libnds/lib\libnds9.a(interrupts.o)
 .debug_frame   0x00000000000003a0       0x38 C:/devkitPro/libnds/lib\libnds9.a(libnds_exit.arm.o)
 .debug_frame   0x00000000000003d8      0x294 C:/devkitPro/libnds/lib\libnds9.a(fifosystem.o)
 .debug_frame   0x000000000000066c       0xbc C:/devkitPro/libnds/lib\libnds9.a(video.o)
 .debug_frame   0x0000000000000728       0xf8 C:/devkitPro/libnds/lib\libnds9.a(system.o)

.debug_str      0x0000000000000000     0x2f81
 *(.debug_str)
 .debug_str     0x0000000000000000      0xe17 main.o
                                        0xf70 (size before relaxing)
 .debug_str     0x0000000000000e17      0x214 C:/devkitPro/libnds/lib\libnds9.a(touch.o)
                                        0x332 (size before relaxing)
 .debug_str     0x000000000000102b      0x15c C:/devkitPro/libnds/lib\libnds9.a(sprite_alloc.o)
                                        0x7de (size before relaxing)
 .debug_str     0x0000000000001187      0x17e C:/devkitPro/libnds/lib\libnds9.a(sprite.o)
                                        0x870 (size before relaxing)
 .debug_str     0x0000000000001305       0xd4 C:/devkitPro/libnds/lib\libnds9.a(keys.o)
                                        0x420 (size before relaxing)
 .debug_str     0x00000000000013d9      0x79c C:/devkitPro/libnds/lib\libnds9.a(initSystem.o)
                                        0xb81 (size before relaxing)
 .debug_str     0x0000000000001b75       0x7f C:/devkitPro/libnds/lib\libnds9.a(securearea.o)
                                        0x16e (size before relaxing)
 .debug_str     0x0000000000001bf4      0x19c C:/devkitPro/libnds/lib\libnds9.a(interrupts.o)
                                        0x496 (size before relaxing)
 .debug_str     0x0000000000001d90      0x1cd C:/devkitPro/libnds/lib\libnds9.a(libnds_exit.arm.o)
                                        0x3e5 (size before relaxing)
 .debug_str     0x0000000000001f5d      0x481 C:/devkitPro/libnds/lib\libnds9.a(fifosystem.o)
                                        0x8a9 (size before relaxing)
 .debug_str     0x00000000000023de       0x15 C:/devkitPro/libnds/lib\libnds9.a(dcache.o)
                                         0x69 (size before relaxing)
 .debug_str     0x00000000000023f3        0xc C:/devkitPro/libnds/lib\libnds9.a(mpu_setup.o)
                                         0x6c (size before relaxing)
 .debug_str     0x00000000000023ff        0xb C:/devkitPro/libnds/lib\libnds9.a(IntrWait.o)
                                         0x6b (size before relaxing)
 .debug_str     0x000000000000240a        0xc C:/devkitPro/libnds/lib\libnds9.a(cpu_clock.o)
                                         0x6c (size before relaxing)
 .debug_str     0x0000000000002416       0x16 C:/devkitPro/libnds/lib\libnds9.a(interruptDispatcher.o)
                                         0x76 (size before relaxing)
 .debug_str     0x000000000000242c        0xf C:/devkitPro/libnds/lib\libnds9.a(swiSoftReset.o)
                                         0x6f (size before relaxing)
 .debug_str     0x000000000000243b      0x7e7 C:/devkitPro/libnds/lib\libnds9.a(video.o)
                                        0xc53 (size before relaxing)
 .debug_str     0x0000000000002c22      0x353 C:/devkitPro/libnds/lib\libnds9.a(system.o)
                                        0x798 (size before relaxing)
 .debug_str     0x0000000000002f75        0xc C:/devkitPro/libnds/lib\libnds9.a(biosCalls.o)
                                         0x6c (size before relaxing)

.debug_loc
 *(.debug_loc)

.debug_macinfo
 *(.debug_macinfo)

.debug_weaknames
 *(.debug_weaknames)

.debug_funcnames
 *(.debug_funcnames)

.debug_typenames
 *(.debug_typenames)

.debug_varnames
 *(.debug_varnames)

.stack          0x0000000000080000        0x0
                0x0000000000080000                _stack = .
 *(.stack)
LOAD c:/devkitpro/devkitarm/bin/../lib/gcc/arm-none-eabi/12.1.0/../../../../arm-none-eabi/lib/thumb/ds_arm9_crt0.o
LOAD c:/devkitpro/devkitarm/bin/../lib/gcc/arm-none-eabi/12.1.0/thumb/crti.o
LOAD c:/devkitpro/devkitarm/bin/../lib/gcc/arm-none-eabi/12.1.0/thumb/crtbegin.o
LOAD main.o
LOAD C:/devkitPro/libnds/lib\libnds9.a
LOAD c:/devkitpro/devkitarm/bin/../lib/gcc/arm-none-eabi/12.1.0/../../../../arm-none-eabi/lib/thumb\libstdc++.a
LOAD c:/devkitpro/devkitarm/bin/../lib/gcc/arm-none-eabi/12.1.0/../../../../arm-none-eabi/lib/thumb\libm.a
START GROUP
LOAD c:/devkitpro/devkitarm/bin/../lib/gcc/arm-none-eabi/12.1.0/thumb\libgcc.a
LOAD c:/devkitpro/devkitarm/bin/../lib/gcc/arm-none-eabi/12.1.0/../../../../arm-none-eabi/lib/thumb\libg.a
LOAD c:/devkitpro/devkitarm/bin/../lib/gcc/arm-none-eabi/12.1.0/../../../../arm-none-eabi/lib/thumb\libc.a
LOAD c:/devkitpro/devkitarm/bin/../lib/gcc/arm-none-eabi/12.1.0/../../../../arm-none-eabi/lib/thumb\libsysbase.a
END GROUP
LOAD c:/devkitpro/devkitarm/bin/../lib/gcc/arm-none-eabi/12.1.0/thumb/crtend.o
LOAD c:/devkitpro/devkitarm/bin/../lib/gcc/arm-none-eabi/12.1.0/thumb/crtn.o
OUTPUT(C:/Users/Iain/Documents/EmulatedGames/Wreck-of-the-Defiance/DS/defiance.elf elf32-littlearm)
LOAD linker stubs

.debug_loclists
                0x0000000000000000     0x2d0b
 .debug_loclists
                0x0000000000000000       0xbf main.o
 .debug_loclists
                0x00000000000000bf       0x8f C:/devkitPro/libnds/lib\libnds9.a(touch.o)
 .debug_loclists
                0x000000000000014e     0x121a C:/devkitPro/libnds/lib\libnds9.a(sprite_alloc.o)
 .debug_loclists
                0x0000000000001368      0x5a6 C:/devkitPro/libnds/lib\libnds9.a(sprite.o)
 .debug_loclists
                0x000000000000190e       0x17 C:/devkitPro/libnds/lib\libnds9.a(keys.o)
 .debug_loclists
                0x0000000000001925       0xc5 C:/devkitPro/libnds/lib\libnds9.a(initSystem.o)
 .debug_loclists
                0x00000000000019ea      0x1a5 C:/devkitPro/libnds/lib\libnds9.a(interrupts.o)
 .debug_loclists
                0x0000000000001b8f       0x48 C:/devkitPro/libnds/lib\libnds9.a(libnds_exit.arm.o)
 .debug_loclists
                0x0000000000001bd7      0xe1a C:/devkitPro/libnds/lib\libnds9.a(fifosystem.o)
 .debug_loclists
                0x00000000000029f1      0x1da C:/devkitPro/libnds/lib\libnds9.a(video.o)
 .debug_loclists
                0x0000000000002bcb      0x140 C:/devkitPro/libnds/lib\libnds9.a(system.o)

.debug_rnglists
                0x0000000000000000      0xdae
 .debug_rnglists
                0x0000000000000000       0x61 main.o
 .debug_rnglists
                0x0000000000000061       0x28 C:/devkitPro/libnds/lib\libnds9.a(touch.o)
 .debug_rnglists
                0x0000000000000089      0x788 C:/devkitPro/libnds/lib\libnds9.a(sprite_alloc.o)
 .debug_rnglists
                0x0000000000000811       0x7b C:/devkitPro/libnds/lib\libnds9.a(sprite.o)
 .debug_rnglists
                0x000000000000088c       0x44 C:/devkitPro/libnds/lib\libnds9.a(keys.o)
 .debug_rnglists
                0x00000000000008d0       0x20 C:/devkitPro/libnds/lib\libnds9.a(initSystem.o)
 .debug_rnglists
                0x00000000000008f0       0x8b C:/devkitPro/libnds/lib\libnds9.a(interrupts.o)
 .debug_rnglists
                0x000000000000097b       0x19 C:/devkitPro/libnds/lib\libnds9.a(libnds_exit.arm.o)
 .debug_rnglists
                0x0000000000000994      0x2a4 C:/devkitPro/libnds/lib\libnds9.a(fifosystem.o)
 .debug_rnglists
                0x0000000000000c38       0x25 C:/devkitPro/libnds/lib\libnds9.a(dcache.o)
 .debug_rnglists
                0x0000000000000c5d       0x20 C:/devkitPro/libnds/lib\libnds9.a(mpu_setup.o)
 .debug_rnglists
                0x0000000000000c7d       0x19 C:/devkitPro/libnds/lib\libnds9.a(IntrWait.o)
 .debug_rnglists
                0x0000000000000c96       0x3e C:/devkitPro/libnds/lib\libnds9.a(video.o)
 .debug_rnglists
                0x0000000000000cd4       0x49 C:/devkitPro/libnds/lib\libnds9.a(system.o)
 .debug_rnglists
                0x0000000000000d1d       0x91 C:/devkitPro/libnds/lib\libnds9.a(biosCalls.o)

.debug_line_str
                0x0000000000000000      0x177
 .debug_line_str
                0x0000000000000000       0x64 C:/devkitPro/libnds/lib\libnds9.a(dcache.o)
                                         0xc8 (size before relaxing)
 .debug_line_str
                0x0000000000000064       0x6e C:/devkitPro/libnds/lib\libnds9.a(mpu_setup.o)
                                         0xdc (size before relaxing)
 .debug_line_str
                0x00000000000000d2        0xb C:/devkitPro/libnds/lib\libnds9.a(IntrWait.o)
                                         0xda (size before relaxing)
 .debug_line_str
                0x00000000000000dd        0xc C:/devkitPro/libnds/lib\libnds9.a(cpu_clock.o)
                                         0xdc (size before relaxing)
 .debug_line_str
                0x00000000000000e9       0x73 C:/devkitPro/libnds/lib\libnds9.a(interruptDispatcher.o)
                                         0xe6 (size before relaxing)
 .debug_line_str
                0x000000000000015c        0xf C:/devkitPro/libnds/lib\libnds9.a(swiSoftReset.o)
                                         0xd8 (size before relaxing)
 .debug_line_str
                0x000000000000016b        0xc C:/devkitPro/libnds/lib\libnds9.a(biosCalls.o)
                                         0xd2 (size before relaxing)
